[2026-09-27T21:31:19.290+0000] {processor.py:156} INFO - Started process (PID=9610) to work on /opt/airflow/dags/01_ingestion_original.py
[2026-09-27T21:31:19.291+0000] {processor.py:799} INFO - Processing file /opt/airflow/dags/01_ingestion_original.py for tasks to queue
[2026-09-27T21:31:19.292+0000] {logging_mixin.py:149} INFO - [2026-09-27T21:31:19.292+0000] {dagbag.py:541} INFO - Filling up the DagBag from /opt/airflow/dags/01_ingestion_original.py
[2026-09-27T21:31:19.313+0000] {processor.py:809} INFO - DAG(s) dict_keys(['01_ingestion']) retrieved from /opt/airflow/dags/01_ingestion_original.py
[2026-09-27T21:31:19.433+0000] {logging_mixin.py:149} INFO - [2026-09-27T21:31:19.433+0000] {dag.py:2726} INFO - Sync 1 DAGs
[2026-09-27T21:31:19.480+0000] {logging_mixin.py:149} INFO - [2026-09-27T21:31:19.480+0000] {dag.py:3490} INFO - Setting next_dagrun for 01_ingestion to 2026-09-27T21:30:00+00:00, run_after=2026-09-27T21:35:00+00:00
[2026-09-27T21:31:19.526+0000] {processor.py:178} INFO - Processing /opt/airflow/dags/01_ingestion_original.py took 0.242 seconds
[2026-09-27T21:31:49.717+0000] {processor.py:156} INFO - Started process (PID=9669) to work on /opt/airflow/dags/01_ingestion_original.py
[2026-09-27T21:31:49.719+0000] {processor.py:799} INFO - Processing file /opt/airflow/dags/01_ingestion_original.py for tasks to queue
[2026-09-27T21:31:49.720+0000] {logging_mixin.py:149} INFO - [2026-09-27T21:31:49.720+0000] {dagbag.py:541} INFO - Filling up the DagBag from /opt/airflow/dags/01_ingestion_original.py
[2026-09-27T21:31:49.735+0000] {processor.py:809} INFO - DAG(s) dict_keys(['01_ingestion']) retrieved from /opt/airflow/dags/01_ingestion_original.py
[2026-09-27T21:31:49.792+0000] {logging_mixin.py:149} INFO - [2026-09-27T21:31:49.791+0000] {dag.py:2726} INFO - Sync 1 DAGs
[2026-09-27T21:31:49.846+0000] {logging_mixin.py:149} INFO - [2026-09-27T21:31:49.846+0000] {dag.py:3490} INFO - Setting next_dagrun for 01_ingestion to 2026-09-27T21:30:00+00:00, run_after=2026-09-27T21:35:00+00:00
[2026-09-27T21:31:49.881+0000] {processor.py:178} INFO - Processing /opt/airflow/dags/01_ingestion_original.py took 0.170 seconds
[2026-09-27T21:32:20.366+0000] {processor.py:156} INFO - Started process (PID=9728) to work on /opt/airflow/dags/01_ingestion_original.py
[2026-09-27T21:32:20.367+0000] {processor.py:799} INFO - Processing file /opt/airflow/dags/01_ingestion_original.py for tasks to queue
[2026-09-27T21:32:20.368+0000] {logging_mixin.py:149} INFO - [2026-09-27T21:32:20.368+0000] {dagbag.py:541} INFO - Filling up the DagBag from /opt/airflow/dags/01_ingestion_original.py
[2026-09-27T21:32:20.385+0000] {processor.py:809} INFO - DAG(s) dict_keys(['01_ingestion']) retrieved from /opt/airflow/dags/01_ingestion_original.py
[2026-09-27T21:32:20.408+0000] {logging_mixin.py:149} INFO - [2026-09-27T21:32:20.408+0000] {dag.py:2726} INFO - Sync 1 DAGs
[2026-09-27T21:32:20.462+0000] {logging_mixin.py:149} INFO - [2026-09-27T21:32:20.462+0000] {dag.py:3490} INFO - Setting next_dagrun for 01_ingestion to 2026-09-27T21:30:00+00:00, run_after=2026-09-27T21:35:00+00:00
[2026-09-27T21:32:20.495+0000] {processor.py:178} INFO - Processing /opt/airflow/dags/01_ingestion_original.py took 0.135 seconds
[2026-09-27T21:32:51.327+0000] {processor.py:156} INFO - Started process (PID=9787) to work on /opt/airflow/dags/01_ingestion_original.py
[2026-09-27T21:32:51.328+0000] {processor.py:799} INFO - Processing file /opt/airflow/dags/01_ingestion_original.py for tasks to queue
[2026-09-27T21:32:51.330+0000] {logging_mixin.py:149} INFO - [2026-09-27T21:32:51.329+0000] {dagbag.py:541} INFO - Filling up the DagBag from /opt/airflow/dags/01_ingestion_original.py
[2026-09-27T21:32:51.352+0000] {processor.py:809} INFO - DAG(s) dict_keys(['01_ingestion']) retrieved from /opt/airflow/dags/01_ingestion_original.py
[2026-09-27T21:32:51.466+0000] {logging_mixin.py:149} INFO - [2026-09-27T21:32:51.465+0000] {dag.py:2726} INFO - Sync 1 DAGs
[2026-09-27T21:32:51.513+0000] {logging_mixin.py:149} INFO - [2026-09-27T21:32:51.513+0000] {dag.py:3490} INFO - Setting next_dagrun for 01_ingestion to 2026-09-27T21:30:00+00:00, run_after=2026-09-27T21:35:00+00:00
[2026-09-27T21:32:51.547+0000] {processor.py:178} INFO - Processing /opt/airflow/dags/01_ingestion_original.py took 0.228 seconds
[2026-09-27T21:33:22.441+0000] {processor.py:156} INFO - Started process (PID=9845) to work on /opt/airflow/dags/01_ingestion_original.py
[2026-09-27T21:33:22.446+0000] {processor.py:799} INFO - Processing file /opt/airflow/dags/01_ingestion_original.py for tasks to queue
[2026-09-27T21:33:22.448+0000] {logging_mixin.py:149} INFO - [2026-09-27T21:33:22.448+0000] {dagbag.py:541} INFO - Filling up the DagBag from /opt/airflow/dags/01_ingestion_original.py
[2026-09-27T21:33:22.467+0000] {processor.py:809} INFO - DAG(s) dict_keys(['01_ingestion']) retrieved from /opt/airflow/dags/01_ingestion_original.py
[2026-09-27T21:33:22.513+0000] {logging_mixin.py:149} INFO - [2026-09-27T21:33:22.513+0000] {dag.py:2726} INFO - Sync 1 DAGs
[2026-09-27T21:33:22.569+0000] {logging_mixin.py:149} INFO - [2026-09-27T21:33:22.569+0000] {dag.py:3490} INFO - Setting next_dagrun for 01_ingestion to 2026-09-27T21:30:00+00:00, run_after=2026-09-27T21:35:00+00:00
[2026-09-27T21:33:22.601+0000] {processor.py:178} INFO - Processing /opt/airflow/dags/01_ingestion_original.py took 0.166 seconds
[2026-09-27T21:33:53.201+0000] {processor.py:156} INFO - Started process (PID=9905) to work on /opt/airflow/dags/01_ingestion_original.py
[2026-09-27T21:33:53.202+0000] {processor.py:799} INFO - Processing file /opt/airflow/dags/01_ingestion_original.py for tasks to queue
[2026-09-27T21:33:53.203+0000] {logging_mixin.py:149} INFO - [2026-09-27T21:33:53.203+0000] {dagbag.py:541} INFO - Filling up the DagBag from /opt/airflow/dags/01_ingestion_original.py
[2026-09-27T21:33:53.220+0000] {processor.py:809} INFO - DAG(s) dict_keys(['01_ingestion']) retrieved from /opt/airflow/dags/01_ingestion_original.py
[2026-09-27T21:33:53.245+0000] {logging_mixin.py:149} INFO - [2026-09-27T21:33:53.245+0000] {dag.py:2726} INFO - Sync 1 DAGs
[2026-09-27T21:33:53.304+0000] {logging_mixin.py:149} INFO - [2026-09-27T21:33:53.304+0000] {dag.py:3490} INFO - Setting next_dagrun for 01_ingestion to 2026-09-27T21:30:00+00:00, run_after=2026-09-27T21:35:00+00:00
[2026-09-27T21:33:53.341+0000] {processor.py:178} INFO - Processing /opt/airflow/dags/01_ingestion_original.py took 0.146 seconds
[2026-09-27T21:34:23.964+0000] {processor.py:156} INFO - Started process (PID=9965) to work on /opt/airflow/dags/01_ingestion_original.py
[2026-09-27T21:34:23.966+0000] {processor.py:799} INFO - Processing file /opt/airflow/dags/01_ingestion_original.py for tasks to queue
[2026-09-27T21:34:23.967+0000] {logging_mixin.py:149} INFO - [2026-09-27T21:34:23.967+0000] {dagbag.py:541} INFO - Filling up the DagBag from /opt/airflow/dags/01_ingestion_original.py
[2026-09-27T21:34:23.986+0000] {processor.py:809} INFO - DAG(s) dict_keys(['01_ingestion']) retrieved from /opt/airflow/dags/01_ingestion_original.py
[2026-09-27T21:34:24.105+0000] {logging_mixin.py:149} INFO - [2026-09-27T21:34:24.105+0000] {dag.py:2726} INFO - Sync 1 DAGs
[2026-09-27T21:34:24.156+0000] {logging_mixin.py:149} INFO - [2026-09-27T21:34:24.156+0000] {dag.py:3490} INFO - Setting next_dagrun for 01_ingestion to 2026-09-27T21:30:00+00:00, run_after=2026-09-27T21:35:00+00:00
[2026-09-27T21:34:24.193+0000] {processor.py:178} INFO - Processing /opt/airflow/dags/01_ingestion_original.py took 0.235 seconds
[2026-09-27T21:34:54.668+0000] {processor.py:156} INFO - Started process (PID=10024) to work on /opt/airflow/dags/01_ingestion_original.py
[2026-09-27T21:34:54.669+0000] {processor.py:799} INFO - Processing file /opt/airflow/dags/01_ingestion_original.py for tasks to queue
[2026-09-27T21:34:54.670+0000] {logging_mixin.py:149} INFO - [2026-09-27T21:34:54.670+0000] {dagbag.py:541} INFO - Filling up the DagBag from /opt/airflow/dags/01_ingestion_original.py
[2026-09-27T21:34:54.689+0000] {processor.py:809} INFO - DAG(s) dict_keys(['01_ingestion']) retrieved from /opt/airflow/dags/01_ingestion_original.py
[2026-09-27T21:34:54.739+0000] {logging_mixin.py:149} INFO - [2026-09-27T21:34:54.739+0000] {dag.py:2726} INFO - Sync 1 DAGs
[2026-09-27T21:34:54.800+0000] {logging_mixin.py:149} INFO - [2026-09-27T21:34:54.799+0000] {dag.py:3490} INFO - Setting next_dagrun for 01_ingestion to 2026-09-27T21:30:00+00:00, run_after=2026-09-27T21:35:00+00:00
[2026-09-27T21:34:54.838+0000] {processor.py:178} INFO - Processing /opt/airflow/dags/01_ingestion_original.py took 0.178 seconds
[2026-09-27T21:35:25.716+0000] {processor.py:156} INFO - Started process (PID=10083) to work on /opt/airflow/dags/01_ingestion_original.py
[2026-09-27T21:35:25.718+0000] {processor.py:799} INFO - Processing file /opt/airflow/dags/01_ingestion_original.py for tasks to queue
[2026-09-27T21:35:25.719+0000] {logging_mixin.py:149} INFO - [2026-09-27T21:35:25.719+0000] {dagbag.py:541} INFO - Filling up the DagBag from /opt/airflow/dags/01_ingestion_original.py
[2026-09-27T21:35:25.736+0000] {processor.py:809} INFO - DAG(s) dict_keys(['01_ingestion']) retrieved from /opt/airflow/dags/01_ingestion_original.py
[2026-09-27T21:35:25.759+0000] {logging_mixin.py:149} INFO - [2026-09-27T21:35:25.759+0000] {dag.py:2726} INFO - Sync 1 DAGs
[2026-09-27T21:35:25.813+0000] {logging_mixin.py:149} INFO - [2026-09-27T21:35:25.813+0000] {dag.py:3490} INFO - Setting next_dagrun for 01_ingestion to 2026-09-27T21:35:00+00:00, run_after=2026-09-27T21:40:00+00:00
[2026-09-27T21:35:25.846+0000] {processor.py:178} INFO - Processing /opt/airflow/dags/01_ingestion_original.py took 0.136 seconds
[2026-09-27T21:35:56.707+0000] {processor.py:156} INFO - Started process (PID=10142) to work on /opt/airflow/dags/01_ingestion_original.py
[2026-09-27T21:35:56.709+0000] {processor.py:799} INFO - Processing file /opt/airflow/dags/01_ingestion_original.py for tasks to queue
[2026-09-27T21:35:56.710+0000] {logging_mixin.py:149} INFO - [2026-09-27T21:35:56.710+0000] {dagbag.py:541} INFO - Filling up the DagBag from /opt/airflow/dags/01_ingestion_original.py
[2026-09-27T21:35:56.727+0000] {processor.py:809} INFO - DAG(s) dict_keys(['01_ingestion']) retrieved from /opt/airflow/dags/01_ingestion_original.py
[2026-09-27T21:35:56.839+0000] {logging_mixin.py:149} INFO - [2026-09-27T21:35:56.839+0000] {dag.py:2726} INFO - Sync 1 DAGs
[2026-09-27T21:35:56.889+0000] {logging_mixin.py:149} INFO - [2026-09-27T21:35:56.889+0000] {dag.py:3490} INFO - Setting next_dagrun for 01_ingestion to 2026-09-27T21:35:00+00:00, run_after=2026-09-27T21:40:00+00:00
[2026-09-27T21:35:56.924+0000] {processor.py:178} INFO - Processing /opt/airflow/dags/01_ingestion_original.py took 0.224 seconds
[2026-09-27T21:36:27.742+0000] {processor.py:156} INFO - Started process (PID=10202) to work on /opt/airflow/dags/01_ingestion_original.py
[2026-09-27T21:36:27.744+0000] {processor.py:799} INFO - Processing file /opt/airflow/dags/01_ingestion_original.py for tasks to queue
[2026-09-27T21:36:27.745+0000] {logging_mixin.py:149} INFO - [2026-09-27T21:36:27.745+0000] {dagbag.py:541} INFO - Filling up the DagBag from /opt/airflow/dags/01_ingestion_original.py
[2026-09-27T21:36:27.762+0000] {processor.py:809} INFO - DAG(s) dict_keys(['01_ingestion']) retrieved from /opt/airflow/dags/01_ingestion_original.py
[2026-09-27T21:36:27.804+0000] {logging_mixin.py:149} INFO - [2026-09-27T21:36:27.804+0000] {dag.py:2726} INFO - Sync 1 DAGs
[2026-09-27T21:36:27.854+0000] {logging_mixin.py:149} INFO - [2026-09-27T21:36:27.854+0000] {dag.py:3490} INFO - Setting next_dagrun for 01_ingestion to 2026-09-27T21:35:00+00:00, run_after=2026-09-27T21:40:00+00:00
[2026-09-27T21:36:27.883+0000] {processor.py:178} INFO - Processing /opt/airflow/dags/01_ingestion_original.py took 0.148 seconds
[2026-09-27T21:36:58.659+0000] {processor.py:156} INFO - Started process (PID=10273) to work on /opt/airflow/dags/01_ingestion_original.py
[2026-09-27T21:36:58.661+0000] {processor.py:799} INFO - Processing file /opt/airflow/dags/01_ingestion_original.py for tasks to queue
[2026-09-27T21:36:58.662+0000] {logging_mixin.py:149} INFO - [2026-09-27T21:36:58.661+0000] {dagbag.py:541} INFO - Filling up the DagBag from /opt/airflow/dags/01_ingestion_original.py
[2026-09-27T21:36:58.678+0000] {processor.py:809} INFO - DAG(s) dict_keys(['01_ingestion']) retrieved from /opt/airflow/dags/01_ingestion_original.py
[2026-09-27T21:36:58.702+0000] {logging_mixin.py:149} INFO - [2026-09-27T21:36:58.701+0000] {dag.py:2726} INFO - Sync 1 DAGs
[2026-09-27T21:36:58.761+0000] {logging_mixin.py:149} INFO - [2026-09-27T21:36:58.760+0000] {dag.py:3490} INFO - Setting next_dagrun for 01_ingestion to 2026-09-27T21:35:00+00:00, run_after=2026-09-27T21:40:00+00:00
[2026-09-27T21:36:58.794+0000] {processor.py:178} INFO - Processing /opt/airflow/dags/01_ingestion_original.py took 0.141 seconds
[2026-09-27T21:37:28.851+0000] {processor.py:156} INFO - Started process (PID=10332) to work on /opt/airflow/dags/01_ingestion_original.py
[2026-09-27T21:37:28.853+0000] {processor.py:799} INFO - Processing file /opt/airflow/dags/01_ingestion_original.py for tasks to queue
[2026-09-27T21:37:28.855+0000] {logging_mixin.py:149} INFO - [2026-09-27T21:37:28.854+0000] {dagbag.py:541} INFO - Filling up the DagBag from /opt/airflow/dags/01_ingestion_original.py
[2026-09-27T21:37:28.871+0000] {processor.py:809} INFO - DAG(s) dict_keys(['01_ingestion']) retrieved from /opt/airflow/dags/01_ingestion_original.py
[2026-09-27T21:37:28.975+0000] {logging_mixin.py:149} INFO - [2026-09-27T21:37:28.974+0000] {dag.py:2726} INFO - Sync 1 DAGs
[2026-09-27T21:37:29.020+0000] {logging_mixin.py:149} INFO - [2026-09-27T21:37:29.019+0000] {dag.py:3490} INFO - Setting next_dagrun for 01_ingestion to 2026-09-27T21:35:00+00:00, run_after=2026-09-27T21:40:00+00:00
[2026-09-27T21:37:29.054+0000] {processor.py:178} INFO - Processing /opt/airflow/dags/01_ingestion_original.py took 0.209 seconds
[2026-09-27T21:37:59.612+0000] {processor.py:156} INFO - Started process (PID=10391) to work on /opt/airflow/dags/01_ingestion_original.py
[2026-09-27T21:37:59.614+0000] {processor.py:799} INFO - Processing file /opt/airflow/dags/01_ingestion_original.py for tasks to queue
[2026-09-27T21:37:59.615+0000] {logging_mixin.py:149} INFO - [2026-09-27T21:37:59.615+0000] {dagbag.py:541} INFO - Filling up the DagBag from /opt/airflow/dags/01_ingestion_original.py
[2026-09-27T21:37:59.631+0000] {processor.py:809} INFO - DAG(s) dict_keys(['01_ingestion']) retrieved from /opt/airflow/dags/01_ingestion_original.py
[2026-09-27T21:37:59.680+0000] {logging_mixin.py:149} INFO - [2026-09-27T21:37:59.680+0000] {dag.py:2726} INFO - Sync 1 DAGs
[2026-09-27T21:37:59.736+0000] {logging_mixin.py:149} INFO - [2026-09-27T21:37:59.736+0000] {dag.py:3490} INFO - Setting next_dagrun for 01_ingestion to 2026-09-27T21:35:00+00:00, run_after=2026-09-27T21:40:00+00:00
[2026-09-27T21:37:59.769+0000] {processor.py:178} INFO - Processing /opt/airflow/dags/01_ingestion_original.py took 0.164 seconds
[2026-09-27T21:38:29.829+0000] {processor.py:156} INFO - Started process (PID=10445) to work on /opt/airflow/dags/01_ingestion_original.py
[2026-09-27T21:38:29.830+0000] {processor.py:799} INFO - Processing file /opt/airflow/dags/01_ingestion_original.py for tasks to queue
[2026-09-27T21:38:29.831+0000] {logging_mixin.py:149} INFO - [2026-09-27T21:38:29.831+0000] {dagbag.py:541} INFO - Filling up the DagBag from /opt/airflow/dags/01_ingestion_original.py
[2026-09-27T21:38:29.846+0000] {processor.py:809} INFO - DAG(s) dict_keys(['01_ingestion']) retrieved from /opt/airflow/dags/01_ingestion_original.py
[2026-09-27T21:38:29.873+0000] {logging_mixin.py:149} INFO - [2026-09-27T21:38:29.872+0000] {dag.py:2726} INFO - Sync 1 DAGs
[2026-09-27T21:38:29.971+0000] {logging_mixin.py:149} INFO - [2026-09-27T21:38:29.968+0000] {dag.py:3490} INFO - Setting next_dagrun for 01_ingestion to 2026-09-27T21:35:00+00:00, run_after=2026-09-27T21:40:00+00:00
[2026-09-27T21:38:30.020+0000] {processor.py:178} INFO - Processing /opt/airflow/dags/01_ingestion_original.py took 0.197 seconds
[2026-09-27T21:39:01.258+0000] {processor.py:156} INFO - Started process (PID=10509) to work on /opt/airflow/dags/01_ingestion_original.py
[2026-09-27T21:39:01.264+0000] {processor.py:799} INFO - Processing file /opt/airflow/dags/01_ingestion_original.py for tasks to queue
[2026-09-27T21:39:01.266+0000] {logging_mixin.py:149} INFO - [2026-09-27T21:39:01.265+0000] {dagbag.py:541} INFO - Filling up the DagBag from /opt/airflow/dags/01_ingestion_original.py
[2026-09-27T21:39:01.283+0000] {processor.py:809} INFO - DAG(s) dict_keys(['01_ingestion']) retrieved from /opt/airflow/dags/01_ingestion_original.py
[2026-09-27T21:39:01.399+0000] {logging_mixin.py:149} INFO - [2026-09-27T21:39:01.399+0000] {dag.py:2726} INFO - Sync 1 DAGs
[2026-09-27T21:39:01.473+0000] {logging_mixin.py:149} INFO - [2026-09-27T21:39:01.473+0000] {dag.py:3490} INFO - Setting next_dagrun for 01_ingestion to 2026-09-27T21:35:00+00:00, run_after=2026-09-27T21:40:00+00:00
[2026-09-27T21:39:01.550+0000] {processor.py:178} INFO - Processing /opt/airflow/dags/01_ingestion_original.py took 0.298 seconds
[2026-09-27T21:39:32.215+0000] {processor.py:156} INFO - Started process (PID=10565) to work on /opt/airflow/dags/01_ingestion_original.py
[2026-09-27T21:39:32.222+0000] {processor.py:799} INFO - Processing file /opt/airflow/dags/01_ingestion_original.py for tasks to queue
[2026-09-27T21:39:32.223+0000] {logging_mixin.py:149} INFO - [2026-09-27T21:39:32.223+0000] {dagbag.py:541} INFO - Filling up the DagBag from /opt/airflow/dags/01_ingestion_original.py
[2026-09-27T21:39:32.244+0000] {processor.py:809} INFO - DAG(s) dict_keys(['01_ingestion']) retrieved from /opt/airflow/dags/01_ingestion_original.py
[2026-09-27T21:39:32.290+0000] {logging_mixin.py:149} INFO - [2026-09-27T21:39:32.290+0000] {dag.py:2726} INFO - Sync 1 DAGs
[2026-09-27T21:39:32.344+0000] {logging_mixin.py:149} INFO - [2026-09-27T21:39:32.344+0000] {dag.py:3490} INFO - Setting next_dagrun for 01_ingestion to 2026-09-27T21:35:00+00:00, run_after=2026-09-27T21:40:00+00:00
[2026-09-27T21:39:32.380+0000] {processor.py:178} INFO - Processing /opt/airflow/dags/01_ingestion_original.py took 0.171 seconds
[2026-09-27T21:40:02.488+0000] {processor.py:156} INFO - Started process (PID=10619) to work on /opt/airflow/dags/01_ingestion_original.py
[2026-09-27T21:40:02.490+0000] {processor.py:799} INFO - Processing file /opt/airflow/dags/01_ingestion_original.py for tasks to queue
[2026-09-27T21:40:02.491+0000] {logging_mixin.py:149} INFO - [2026-09-27T21:40:02.490+0000] {dagbag.py:541} INFO - Filling up the DagBag from /opt/airflow/dags/01_ingestion_original.py
[2026-09-27T21:40:02.508+0000] {processor.py:809} INFO - DAG(s) dict_keys(['01_ingestion']) retrieved from /opt/airflow/dags/01_ingestion_original.py
[2026-09-27T21:40:02.540+0000] {logging_mixin.py:149} INFO - [2026-09-27T21:40:02.540+0000] {dag.py:2726} INFO - Sync 1 DAGs
[2026-09-27T21:40:02.634+0000] {processor.py:178} INFO - Processing /opt/airflow/dags/01_ingestion_original.py took 0.154 seconds
[2026-09-27T21:40:32.696+0000] {processor.py:156} INFO - Started process (PID=10683) to work on /opt/airflow/dags/01_ingestion_original.py
[2026-09-27T21:40:32.698+0000] {processor.py:799} INFO - Processing file /opt/airflow/dags/01_ingestion_original.py for tasks to queue
[2026-09-27T21:40:32.699+0000] {logging_mixin.py:149} INFO - [2026-09-27T21:40:32.699+0000] {dagbag.py:541} INFO - Filling up the DagBag from /opt/airflow/dags/01_ingestion_original.py
[2026-09-27T21:40:32.715+0000] {processor.py:809} INFO - DAG(s) dict_keys(['01_ingestion']) retrieved from /opt/airflow/dags/01_ingestion_original.py
[2026-09-27T21:40:32.838+0000] {logging_mixin.py:149} INFO - [2026-09-27T21:40:32.837+0000] {dag.py:2726} INFO - Sync 1 DAGs
[2026-09-27T21:40:32.885+0000] {logging_mixin.py:149} INFO - [2026-09-27T21:40:32.885+0000] {dag.py:3490} INFO - Setting next_dagrun for 01_ingestion to 2026-09-27T21:40:00+00:00, run_after=2026-09-27T21:45:00+00:00
[2026-09-27T21:40:32.918+0000] {processor.py:178} INFO - Processing /opt/airflow/dags/01_ingestion_original.py took 0.229 seconds
[2026-09-27T21:41:02.992+0000] {processor.py:156} INFO - Started process (PID=10742) to work on /opt/airflow/dags/01_ingestion_original.py
[2026-09-27T21:41:02.994+0000] {processor.py:799} INFO - Processing file /opt/airflow/dags/01_ingestion_original.py for tasks to queue
[2026-09-27T21:41:02.995+0000] {logging_mixin.py:149} INFO - [2026-09-27T21:41:02.995+0000] {dagbag.py:541} INFO - Filling up the DagBag from /opt/airflow/dags/01_ingestion_original.py
[2026-09-27T21:41:03.012+0000] {processor.py:809} INFO - DAG(s) dict_keys(['01_ingestion']) retrieved from /opt/airflow/dags/01_ingestion_original.py
[2026-09-27T21:41:03.060+0000] {logging_mixin.py:149} INFO - [2026-09-27T21:41:03.060+0000] {dag.py:2726} INFO - Sync 1 DAGs
[2026-09-27T21:41:03.108+0000] {logging_mixin.py:149} INFO - [2026-09-27T21:41:03.108+0000] {dag.py:3490} INFO - Setting next_dagrun for 01_ingestion to 2026-09-27T21:40:00+00:00, run_after=2026-09-27T21:45:00+00:00
[2026-09-27T21:41:03.137+0000] {processor.py:178} INFO - Processing /opt/airflow/dags/01_ingestion_original.py took 0.153 seconds
[2026-09-27T21:41:33.430+0000] {processor.py:156} INFO - Started process (PID=10801) to work on /opt/airflow/dags/01_ingestion_original.py
[2026-09-27T21:41:33.432+0000] {processor.py:799} INFO - Processing file /opt/airflow/dags/01_ingestion_original.py for tasks to queue
[2026-09-27T21:41:33.433+0000] {logging_mixin.py:149} INFO - [2026-09-27T21:41:33.433+0000] {dagbag.py:541} INFO - Filling up the DagBag from /opt/airflow/dags/01_ingestion_original.py
[2026-09-27T21:41:33.452+0000] {processor.py:809} INFO - DAG(s) dict_keys(['01_ingestion']) retrieved from /opt/airflow/dags/01_ingestion_original.py
[2026-09-27T21:41:33.479+0000] {logging_mixin.py:149} INFO - [2026-09-27T21:41:33.478+0000] {dag.py:2726} INFO - Sync 1 DAGs
[2026-09-27T21:41:33.544+0000] {logging_mixin.py:149} INFO - [2026-09-27T21:41:33.544+0000] {dag.py:3490} INFO - Setting next_dagrun for 01_ingestion to 2026-09-27T21:40:00+00:00, run_after=2026-09-27T21:45:00+00:00
[2026-09-27T21:41:33.578+0000] {processor.py:178} INFO - Processing /opt/airflow/dags/01_ingestion_original.py took 0.155 seconds
[2026-09-27T21:42:04.178+0000] {processor.py:156} INFO - Started process (PID=10860) to work on /opt/airflow/dags/01_ingestion_original.py
[2026-09-27T21:42:04.181+0000] {processor.py:799} INFO - Processing file /opt/airflow/dags/01_ingestion_original.py for tasks to queue
[2026-09-27T21:42:04.182+0000] {logging_mixin.py:149} INFO - [2026-09-27T21:42:04.182+0000] {dagbag.py:541} INFO - Filling up the DagBag from /opt/airflow/dags/01_ingestion_original.py
[2026-09-27T21:42:04.207+0000] {processor.py:809} INFO - DAG(s) dict_keys(['01_ingestion']) retrieved from /opt/airflow/dags/01_ingestion_original.py
[2026-09-27T21:42:04.360+0000] {logging_mixin.py:149} INFO - [2026-09-27T21:42:04.359+0000] {dag.py:2726} INFO - Sync 1 DAGs
[2026-09-27T21:42:04.414+0000] {logging_mixin.py:149} INFO - [2026-09-27T21:42:04.413+0000] {dag.py:3490} INFO - Setting next_dagrun for 01_ingestion to 2026-09-27T21:40:00+00:00, run_after=2026-09-27T21:45:00+00:00
[2026-09-27T21:42:04.449+0000] {processor.py:178} INFO - Processing /opt/airflow/dags/01_ingestion_original.py took 0.281 seconds
[2026-09-27T21:42:34.965+0000] {processor.py:156} INFO - Started process (PID=10919) to work on /opt/airflow/dags/01_ingestion_original.py
[2026-09-27T21:42:34.968+0000] {processor.py:799} INFO - Processing file /opt/airflow/dags/01_ingestion_original.py for tasks to queue
[2026-09-27T21:42:34.969+0000] {logging_mixin.py:149} INFO - [2026-09-27T21:42:34.969+0000] {dagbag.py:541} INFO - Filling up the DagBag from /opt/airflow/dags/01_ingestion_original.py
[2026-09-27T21:42:34.987+0000] {processor.py:809} INFO - DAG(s) dict_keys(['01_ingestion']) retrieved from /opt/airflow/dags/01_ingestion_original.py
[2026-09-27T21:42:35.035+0000] {logging_mixin.py:149} INFO - [2026-09-27T21:42:35.035+0000] {dag.py:2726} INFO - Sync 1 DAGs
[2026-09-27T21:42:35.091+0000] {logging_mixin.py:149} INFO - [2026-09-27T21:42:35.091+0000] {dag.py:3490} INFO - Setting next_dagrun for 01_ingestion to 2026-09-27T21:40:00+00:00, run_after=2026-09-27T21:45:00+00:00
[2026-09-27T21:42:35.123+0000] {processor.py:178} INFO - Processing /opt/airflow/dags/01_ingestion_original.py took 0.165 seconds
[2026-09-27T21:43:05.554+0000] {processor.py:156} INFO - Started process (PID=10978) to work on /opt/airflow/dags/01_ingestion_original.py
[2026-09-27T21:43:05.557+0000] {processor.py:799} INFO - Processing file /opt/airflow/dags/01_ingestion_original.py for tasks to queue
[2026-09-27T21:43:05.558+0000] {logging_mixin.py:149} INFO - [2026-09-27T21:43:05.558+0000] {dagbag.py:541} INFO - Filling up the DagBag from /opt/airflow/dags/01_ingestion_original.py
[2026-09-27T21:43:05.575+0000] {processor.py:809} INFO - DAG(s) dict_keys(['01_ingestion']) retrieved from /opt/airflow/dags/01_ingestion_original.py
[2026-09-27T21:43:05.604+0000] {logging_mixin.py:149} INFO - [2026-09-27T21:43:05.603+0000] {dag.py:2726} INFO - Sync 1 DAGs
[2026-09-27T21:43:05.665+0000] {logging_mixin.py:149} INFO - [2026-09-27T21:43:05.664+0000] {dag.py:3490} INFO - Setting next_dagrun for 01_ingestion to 2026-09-27T21:40:00+00:00, run_after=2026-09-27T21:45:00+00:00
[2026-09-27T21:43:05.706+0000] {processor.py:178} INFO - Processing /opt/airflow/dags/01_ingestion_original.py took 0.159 seconds
[2026-09-27T21:43:36.162+0000] {processor.py:156} INFO - Started process (PID=11037) to work on /opt/airflow/dags/01_ingestion_original.py
[2026-09-27T21:43:36.164+0000] {processor.py:799} INFO - Processing file /opt/airflow/dags/01_ingestion_original.py for tasks to queue
[2026-09-27T21:43:36.165+0000] {logging_mixin.py:149} INFO - [2026-09-27T21:43:36.165+0000] {dagbag.py:541} INFO - Filling up the DagBag from /opt/airflow/dags/01_ingestion_original.py
[2026-09-27T21:43:36.183+0000] {processor.py:809} INFO - DAG(s) dict_keys(['01_ingestion']) retrieved from /opt/airflow/dags/01_ingestion_original.py
[2026-09-27T21:43:36.310+0000] {logging_mixin.py:149} INFO - [2026-09-27T21:43:36.310+0000] {dag.py:2726} INFO - Sync 1 DAGs
[2026-09-27T21:43:36.362+0000] {logging_mixin.py:149} INFO - [2026-09-27T21:43:36.362+0000] {dag.py:3490} INFO - Setting next_dagrun for 01_ingestion to 2026-09-27T21:40:00+00:00, run_after=2026-09-27T21:45:00+00:00
[2026-09-27T21:43:36.399+0000] {processor.py:178} INFO - Processing /opt/airflow/dags/01_ingestion_original.py took 0.245 seconds
[2026-09-27T21:44:07.144+0000] {processor.py:156} INFO - Started process (PID=11096) to work on /opt/airflow/dags/01_ingestion_original.py
[2026-09-27T21:44:07.146+0000] {processor.py:799} INFO - Processing file /opt/airflow/dags/01_ingestion_original.py for tasks to queue
[2026-09-27T21:44:07.147+0000] {logging_mixin.py:149} INFO - [2026-09-27T21:44:07.147+0000] {dagbag.py:541} INFO - Filling up the DagBag from /opt/airflow/dags/01_ingestion_original.py
[2026-09-27T21:44:07.165+0000] {processor.py:809} INFO - DAG(s) dict_keys(['01_ingestion']) retrieved from /opt/airflow/dags/01_ingestion_original.py
[2026-09-27T21:44:07.215+0000] {logging_mixin.py:149} INFO - [2026-09-27T21:44:07.215+0000] {dag.py:2726} INFO - Sync 1 DAGs
[2026-09-27T21:44:07.274+0000] {logging_mixin.py:149} INFO - [2026-09-27T21:44:07.274+0000] {dag.py:3490} INFO - Setting next_dagrun for 01_ingestion to 2026-09-27T21:40:00+00:00, run_after=2026-09-27T21:45:00+00:00
[2026-09-27T21:44:07.307+0000] {processor.py:178} INFO - Processing /opt/airflow/dags/01_ingestion_original.py took 0.170 seconds
[2026-09-27T21:44:37.637+0000] {processor.py:156} INFO - Started process (PID=11155) to work on /opt/airflow/dags/01_ingestion_original.py
[2026-09-27T21:44:37.639+0000] {processor.py:799} INFO - Processing file /opt/airflow/dags/01_ingestion_original.py for tasks to queue
[2026-09-27T21:44:37.640+0000] {logging_mixin.py:149} INFO - [2026-09-27T21:44:37.639+0000] {dagbag.py:541} INFO - Filling up the DagBag from /opt/airflow/dags/01_ingestion_original.py
[2026-09-27T21:44:37.657+0000] {processor.py:809} INFO - DAG(s) dict_keys(['01_ingestion']) retrieved from /opt/airflow/dags/01_ingestion_original.py
[2026-09-27T21:44:37.685+0000] {logging_mixin.py:149} INFO - [2026-09-27T21:44:37.685+0000] {dag.py:2726} INFO - Sync 1 DAGs
[2026-09-27T21:44:37.743+0000] {logging_mixin.py:149} INFO - [2026-09-27T21:44:37.743+0000] {dag.py:3490} INFO - Setting next_dagrun for 01_ingestion to 2026-09-27T21:40:00+00:00, run_after=2026-09-27T21:45:00+00:00
[2026-09-27T21:44:37.778+0000] {processor.py:178} INFO - Processing /opt/airflow/dags/01_ingestion_original.py took 0.148 seconds
[2026-09-27T21:45:08.639+0000] {processor.py:156} INFO - Started process (PID=11214) to work on /opt/airflow/dags/01_ingestion_original.py
[2026-09-27T21:45:08.641+0000] {processor.py:799} INFO - Processing file /opt/airflow/dags/01_ingestion_original.py for tasks to queue
[2026-09-27T21:45:08.642+0000] {logging_mixin.py:149} INFO - [2026-09-27T21:45:08.641+0000] {dagbag.py:541} INFO - Filling up the DagBag from /opt/airflow/dags/01_ingestion_original.py
[2026-09-27T21:45:08.666+0000] {processor.py:809} INFO - DAG(s) dict_keys(['01_ingestion']) retrieved from /opt/airflow/dags/01_ingestion_original.py
[2026-09-27T21:45:08.779+0000] {logging_mixin.py:149} INFO - [2026-09-27T21:45:08.779+0000] {dag.py:2726} INFO - Sync 1 DAGs
[2026-09-27T21:45:08.837+0000] {logging_mixin.py:149} INFO - [2026-09-27T21:45:08.837+0000] {dag.py:3490} INFO - Setting next_dagrun for 01_ingestion to 2026-09-27T21:45:00+00:00, run_after=2026-09-27T21:50:00+00:00
[2026-09-27T21:45:08.873+0000] {processor.py:178} INFO - Processing /opt/airflow/dags/01_ingestion_original.py took 0.240 seconds
[2026-09-27T21:45:39.098+0000] {processor.py:156} INFO - Started process (PID=11273) to work on /opt/airflow/dags/01_ingestion_original.py
[2026-09-27T21:45:39.100+0000] {processor.py:799} INFO - Processing file /opt/airflow/dags/01_ingestion_original.py for tasks to queue
[2026-09-27T21:45:39.101+0000] {logging_mixin.py:149} INFO - [2026-09-27T21:45:39.101+0000] {dagbag.py:541} INFO - Filling up the DagBag from /opt/airflow/dags/01_ingestion_original.py
[2026-09-27T21:45:39.117+0000] {processor.py:809} INFO - DAG(s) dict_keys(['01_ingestion']) retrieved from /opt/airflow/dags/01_ingestion_original.py
[2026-09-27T21:45:39.164+0000] {logging_mixin.py:149} INFO - [2026-09-27T21:45:39.164+0000] {dag.py:2726} INFO - Sync 1 DAGs
[2026-09-27T21:45:39.216+0000] {logging_mixin.py:149} INFO - [2026-09-27T21:45:39.216+0000] {dag.py:3490} INFO - Setting next_dagrun for 01_ingestion to 2026-09-27T21:45:00+00:00, run_after=2026-09-27T21:50:00+00:00
[2026-09-27T21:45:39.245+0000] {processor.py:178} INFO - Processing /opt/airflow/dags/01_ingestion_original.py took 0.154 seconds
[2026-09-27T21:46:09.444+0000] {processor.py:156} INFO - Started process (PID=11331) to work on /opt/airflow/dags/01_ingestion_original.py
[2026-09-27T21:46:09.446+0000] {processor.py:799} INFO - Processing file /opt/airflow/dags/01_ingestion_original.py for tasks to queue
[2026-09-27T21:46:09.447+0000] {logging_mixin.py:149} INFO - [2026-09-27T21:46:09.446+0000] {dagbag.py:541} INFO - Filling up the DagBag from /opt/airflow/dags/01_ingestion_original.py
[2026-09-27T21:46:09.465+0000] {processor.py:809} INFO - DAG(s) dict_keys(['01_ingestion']) retrieved from /opt/airflow/dags/01_ingestion_original.py
[2026-09-27T21:46:09.490+0000] {logging_mixin.py:149} INFO - [2026-09-27T21:46:09.489+0000] {dag.py:2726} INFO - Sync 1 DAGs
[2026-09-27T21:46:09.555+0000] {logging_mixin.py:149} INFO - [2026-09-27T21:46:09.555+0000] {dag.py:3490} INFO - Setting next_dagrun for 01_ingestion to 2026-09-27T21:45:00+00:00, run_after=2026-09-27T21:50:00+00:00
[2026-09-27T21:46:09.596+0000] {processor.py:178} INFO - Processing /opt/airflow/dags/01_ingestion_original.py took 0.159 seconds
[2026-09-27T21:46:39.781+0000] {processor.py:156} INFO - Started process (PID=11389) to work on /opt/airflow/dags/01_ingestion_original.py
[2026-09-27T21:46:39.783+0000] {processor.py:799} INFO - Processing file /opt/airflow/dags/01_ingestion_original.py for tasks to queue
[2026-09-27T21:46:39.784+0000] {logging_mixin.py:149} INFO - [2026-09-27T21:46:39.784+0000] {dagbag.py:541} INFO - Filling up the DagBag from /opt/airflow/dags/01_ingestion_original.py
[2026-09-27T21:46:39.802+0000] {processor.py:809} INFO - DAG(s) dict_keys(['01_ingestion']) retrieved from /opt/airflow/dags/01_ingestion_original.py
[2026-09-27T21:46:39.933+0000] {logging_mixin.py:149} INFO - [2026-09-27T21:46:39.933+0000] {dag.py:2726} INFO - Sync 1 DAGs
[2026-09-27T21:46:39.983+0000] {logging_mixin.py:149} INFO - [2026-09-27T21:46:39.983+0000] {dag.py:3490} INFO - Setting next_dagrun for 01_ingestion to 2026-09-27T21:45:00+00:00, run_after=2026-09-27T21:50:00+00:00
[2026-09-27T21:46:40.015+0000] {processor.py:178} INFO - Processing /opt/airflow/dags/01_ingestion_original.py took 0.242 seconds
[2026-09-27T21:47:10.209+0000] {processor.py:156} INFO - Started process (PID=11447) to work on /opt/airflow/dags/01_ingestion_original.py
[2026-09-27T21:47:10.211+0000] {processor.py:799} INFO - Processing file /opt/airflow/dags/01_ingestion_original.py for tasks to queue
[2026-09-27T21:47:10.213+0000] {logging_mixin.py:149} INFO - [2026-09-27T21:47:10.212+0000] {dagbag.py:541} INFO - Filling up the DagBag from /opt/airflow/dags/01_ingestion_original.py
[2026-09-27T21:47:10.230+0000] {processor.py:809} INFO - DAG(s) dict_keys(['01_ingestion']) retrieved from /opt/airflow/dags/01_ingestion_original.py
[2026-09-27T21:47:10.280+0000] {logging_mixin.py:149} INFO - [2026-09-27T21:47:10.280+0000] {dag.py:2726} INFO - Sync 1 DAGs
[2026-09-27T21:47:10.332+0000] {logging_mixin.py:149} INFO - [2026-09-27T21:47:10.332+0000] {dag.py:3490} INFO - Setting next_dagrun for 01_ingestion to 2026-09-27T21:45:00+00:00, run_after=2026-09-27T21:50:00+00:00
[2026-09-27T21:47:10.370+0000] {processor.py:178} INFO - Processing /opt/airflow/dags/01_ingestion_original.py took 0.168 seconds
[2026-09-27T21:47:40.493+0000] {processor.py:156} INFO - Started process (PID=11506) to work on /opt/airflow/dags/01_ingestion_original.py
[2026-09-27T21:47:40.495+0000] {processor.py:799} INFO - Processing file /opt/airflow/dags/01_ingestion_original.py for tasks to queue
[2026-09-27T21:47:40.496+0000] {logging_mixin.py:149} INFO - [2026-09-27T21:47:40.496+0000] {dagbag.py:541} INFO - Filling up the DagBag from /opt/airflow/dags/01_ingestion_original.py
[2026-09-27T21:47:40.515+0000] {processor.py:809} INFO - DAG(s) dict_keys(['01_ingestion']) retrieved from /opt/airflow/dags/01_ingestion_original.py
[2026-09-27T21:47:40.536+0000] {logging_mixin.py:149} INFO - [2026-09-27T21:47:40.535+0000] {dag.py:2726} INFO - Sync 1 DAGs
[2026-09-27T21:47:40.596+0000] {logging_mixin.py:149} INFO - [2026-09-27T21:47:40.596+0000] {dag.py:3490} INFO - Setting next_dagrun for 01_ingestion to 2026-09-27T21:45:00+00:00, run_after=2026-09-27T21:50:00+00:00
[2026-09-27T21:47:40.634+0000] {processor.py:178} INFO - Processing /opt/airflow/dags/01_ingestion_original.py took 0.147 seconds
[2026-09-27T21:48:10.951+0000] {processor.py:156} INFO - Started process (PID=11565) to work on /opt/airflow/dags/01_ingestion_original.py
[2026-09-27T21:48:10.953+0000] {processor.py:799} INFO - Processing file /opt/airflow/dags/01_ingestion_original.py for tasks to queue
[2026-09-27T21:48:10.954+0000] {logging_mixin.py:149} INFO - [2026-09-27T21:48:10.954+0000] {dagbag.py:541} INFO - Filling up the DagBag from /opt/airflow/dags/01_ingestion_original.py
[2026-09-27T21:48:10.973+0000] {processor.py:809} INFO - DAG(s) dict_keys(['01_ingestion']) retrieved from /opt/airflow/dags/01_ingestion_original.py
[2026-09-27T21:48:11.100+0000] {logging_mixin.py:149} INFO - [2026-09-27T21:48:11.100+0000] {dag.py:2726} INFO - Sync 1 DAGs
[2026-09-27T21:48:11.147+0000] {logging_mixin.py:149} INFO - [2026-09-27T21:48:11.147+0000] {dag.py:3490} INFO - Setting next_dagrun for 01_ingestion to 2026-09-27T21:45:00+00:00, run_after=2026-09-27T21:50:00+00:00
[2026-09-27T21:48:11.181+0000] {processor.py:178} INFO - Processing /opt/airflow/dags/01_ingestion_original.py took 0.237 seconds
[2026-09-27T21:48:41.343+0000] {processor.py:156} INFO - Started process (PID=11624) to work on /opt/airflow/dags/01_ingestion_original.py
[2026-09-27T21:48:41.345+0000] {processor.py:799} INFO - Processing file /opt/airflow/dags/01_ingestion_original.py for tasks to queue
[2026-09-27T21:48:41.346+0000] {logging_mixin.py:149} INFO - [2026-09-27T21:48:41.346+0000] {dagbag.py:541} INFO - Filling up the DagBag from /opt/airflow/dags/01_ingestion_original.py
[2026-09-27T21:48:41.366+0000] {processor.py:809} INFO - DAG(s) dict_keys(['01_ingestion']) retrieved from /opt/airflow/dags/01_ingestion_original.py
[2026-09-27T21:48:41.417+0000] {logging_mixin.py:149} INFO - [2026-09-27T21:48:41.417+0000] {dag.py:2726} INFO - Sync 1 DAGs
[2026-09-27T21:48:41.473+0000] {logging_mixin.py:149} INFO - [2026-09-27T21:48:41.473+0000] {dag.py:3490} INFO - Setting next_dagrun for 01_ingestion to 2026-09-27T21:45:00+00:00, run_after=2026-09-27T21:50:00+00:00
[2026-09-27T21:48:41.509+0000] {processor.py:178} INFO - Processing /opt/airflow/dags/01_ingestion_original.py took 0.173 seconds
[2026-09-27T21:49:11.594+0000] {processor.py:156} INFO - Started process (PID=11682) to work on /opt/airflow/dags/01_ingestion_original.py
[2026-09-27T21:49:11.597+0000] {processor.py:799} INFO - Processing file /opt/airflow/dags/01_ingestion_original.py for tasks to queue
[2026-09-27T21:49:11.598+0000] {logging_mixin.py:149} INFO - [2026-09-27T21:49:11.598+0000] {dagbag.py:541} INFO - Filling up the DagBag from /opt/airflow/dags/01_ingestion_original.py
[2026-09-27T21:49:11.617+0000] {processor.py:809} INFO - DAG(s) dict_keys(['01_ingestion']) retrieved from /opt/airflow/dags/01_ingestion_original.py
[2026-09-27T21:49:11.643+0000] {logging_mixin.py:149} INFO - [2026-09-27T21:49:11.643+0000] {dag.py:2726} INFO - Sync 1 DAGs
[2026-09-27T21:49:11.699+0000] {logging_mixin.py:149} INFO - [2026-09-27T21:49:11.699+0000] {dag.py:3490} INFO - Setting next_dagrun for 01_ingestion to 2026-09-27T21:45:00+00:00, run_after=2026-09-27T21:50:00+00:00
[2026-09-27T21:49:11.730+0000] {processor.py:178} INFO - Processing /opt/airflow/dags/01_ingestion_original.py took 0.142 seconds
[2026-09-27T21:49:42.228+0000] {processor.py:156} INFO - Started process (PID=11742) to work on /opt/airflow/dags/01_ingestion_original.py
[2026-09-27T21:49:42.230+0000] {processor.py:799} INFO - Processing file /opt/airflow/dags/01_ingestion_original.py for tasks to queue
[2026-09-27T21:49:42.231+0000] {logging_mixin.py:149} INFO - [2026-09-27T21:49:42.231+0000] {dagbag.py:541} INFO - Filling up the DagBag from /opt/airflow/dags/01_ingestion_original.py
[2026-09-27T21:49:42.249+0000] {processor.py:809} INFO - DAG(s) dict_keys(['01_ingestion']) retrieved from /opt/airflow/dags/01_ingestion_original.py
[2026-09-27T21:49:42.378+0000] {logging_mixin.py:149} INFO - [2026-09-27T21:49:42.378+0000] {dag.py:2726} INFO - Sync 1 DAGs
[2026-09-27T21:49:42.432+0000] {logging_mixin.py:149} INFO - [2026-09-27T21:49:42.432+0000] {dag.py:3490} INFO - Setting next_dagrun for 01_ingestion to 2026-09-27T21:45:00+00:00, run_after=2026-09-27T21:50:00+00:00
[2026-09-27T21:49:42.474+0000] {processor.py:178} INFO - Processing /opt/airflow/dags/01_ingestion_original.py took 0.253 seconds
[2026-09-27T21:50:12.560+0000] {processor.py:156} INFO - Started process (PID=11800) to work on /opt/airflow/dags/01_ingestion_original.py
[2026-09-27T21:50:12.561+0000] {processor.py:799} INFO - Processing file /opt/airflow/dags/01_ingestion_original.py for tasks to queue
[2026-09-27T21:50:12.562+0000] {logging_mixin.py:149} INFO - [2026-09-27T21:50:12.562+0000] {dagbag.py:541} INFO - Filling up the DagBag from /opt/airflow/dags/01_ingestion_original.py
[2026-09-27T21:50:12.582+0000] {processor.py:809} INFO - DAG(s) dict_keys(['01_ingestion']) retrieved from /opt/airflow/dags/01_ingestion_original.py
[2026-09-27T21:50:12.634+0000] {logging_mixin.py:149} INFO - [2026-09-27T21:50:12.634+0000] {dag.py:2726} INFO - Sync 1 DAGs
[2026-09-27T21:50:12.689+0000] {logging_mixin.py:149} INFO - [2026-09-27T21:50:12.689+0000] {dag.py:3490} INFO - Setting next_dagrun for 01_ingestion to 2026-09-27T21:45:00+00:00, run_after=2026-09-27T21:50:00+00:00
[2026-09-27T21:50:12.722+0000] {processor.py:178} INFO - Processing /opt/airflow/dags/01_ingestion_original.py took 0.169 seconds
[2026-09-27T21:50:43.014+0000] {processor.py:156} INFO - Started process (PID=11859) to work on /opt/airflow/dags/01_ingestion_original.py
[2026-09-27T21:50:43.016+0000] {processor.py:799} INFO - Processing file /opt/airflow/dags/01_ingestion_original.py for tasks to queue
[2026-09-27T21:50:43.017+0000] {logging_mixin.py:149} INFO - [2026-09-27T21:50:43.017+0000] {dagbag.py:541} INFO - Filling up the DagBag from /opt/airflow/dags/01_ingestion_original.py
[2026-09-27T21:50:43.034+0000] {processor.py:809} INFO - DAG(s) dict_keys(['01_ingestion']) retrieved from /opt/airflow/dags/01_ingestion_original.py
[2026-09-27T21:50:43.062+0000] {logging_mixin.py:149} INFO - [2026-09-27T21:50:43.062+0000] {dag.py:2726} INFO - Sync 1 DAGs
[2026-09-27T21:50:43.126+0000] {logging_mixin.py:149} INFO - [2026-09-27T21:50:43.126+0000] {dag.py:3490} INFO - Setting next_dagrun for 01_ingestion to 2026-09-27T21:45:00+00:00, run_after=2026-09-27T21:50:00+00:00
[2026-09-27T21:50:43.161+0000] {processor.py:178} INFO - Processing /opt/airflow/dags/01_ingestion_original.py took 0.153 seconds
[2026-09-27T21:51:13.455+0000] {processor.py:156} INFO - Started process (PID=11918) to work on /opt/airflow/dags/01_ingestion_original.py
[2026-09-27T21:51:13.456+0000] {processor.py:799} INFO - Processing file /opt/airflow/dags/01_ingestion_original.py for tasks to queue
[2026-09-27T21:51:13.457+0000] {logging_mixin.py:149} INFO - [2026-09-27T21:51:13.457+0000] {dagbag.py:541} INFO - Filling up the DagBag from /opt/airflow/dags/01_ingestion_original.py
[2026-09-27T21:51:13.475+0000] {processor.py:809} INFO - DAG(s) dict_keys(['01_ingestion']) retrieved from /opt/airflow/dags/01_ingestion_original.py
[2026-09-27T21:51:13.606+0000] {logging_mixin.py:149} INFO - [2026-09-27T21:51:13.606+0000] {dag.py:2726} INFO - Sync 1 DAGs
[2026-09-27T21:51:13.659+0000] {logging_mixin.py:149} INFO - [2026-09-27T21:51:13.659+0000] {dag.py:3490} INFO - Setting next_dagrun for 01_ingestion to 2026-09-27T21:45:00+00:00, run_after=2026-09-27T21:50:00+00:00
[2026-09-27T21:51:13.694+0000] {processor.py:178} INFO - Processing /opt/airflow/dags/01_ingestion_original.py took 0.246 seconds
[2026-09-27T21:51:44.238+0000] {processor.py:156} INFO - Started process (PID=11977) to work on /opt/airflow/dags/01_ingestion_original.py
[2026-09-27T21:51:44.240+0000] {processor.py:799} INFO - Processing file /opt/airflow/dags/01_ingestion_original.py for tasks to queue
[2026-09-27T21:51:44.242+0000] {logging_mixin.py:149} INFO - [2026-09-27T21:51:44.241+0000] {dagbag.py:541} INFO - Filling up the DagBag from /opt/airflow/dags/01_ingestion_original.py
[2026-09-27T21:51:44.262+0000] {processor.py:809} INFO - DAG(s) dict_keys(['01_ingestion']) retrieved from /opt/airflow/dags/01_ingestion_original.py
[2026-09-27T21:51:44.308+0000] {logging_mixin.py:149} INFO - [2026-09-27T21:51:44.308+0000] {dag.py:2726} INFO - Sync 1 DAGs
[2026-09-27T21:51:44.368+0000] {logging_mixin.py:149} INFO - [2026-09-27T21:51:44.368+0000] {dag.py:3490} INFO - Setting next_dagrun for 01_ingestion to 2026-09-27T21:45:00+00:00, run_after=2026-09-27T21:50:00+00:00
[2026-09-27T21:51:44.402+0000] {processor.py:178} INFO - Processing /opt/airflow/dags/01_ingestion_original.py took 0.172 seconds
[2026-09-27T21:52:14.996+0000] {processor.py:156} INFO - Started process (PID=12037) to work on /opt/airflow/dags/01_ingestion_original.py
[2026-09-27T21:52:14.997+0000] {processor.py:799} INFO - Processing file /opt/airflow/dags/01_ingestion_original.py for tasks to queue
[2026-09-27T21:52:14.998+0000] {logging_mixin.py:149} INFO - [2026-09-27T21:52:14.998+0000] {dagbag.py:541} INFO - Filling up the DagBag from /opt/airflow/dags/01_ingestion_original.py
[2026-09-27T21:52:15.015+0000] {processor.py:809} INFO - DAG(s) dict_keys(['01_ingestion']) retrieved from /opt/airflow/dags/01_ingestion_original.py
[2026-09-27T21:52:15.039+0000] {logging_mixin.py:149} INFO - [2026-09-27T21:52:15.038+0000] {dag.py:2726} INFO - Sync 1 DAGs
[2026-09-27T21:52:15.101+0000] {logging_mixin.py:149} INFO - [2026-09-27T21:52:15.101+0000] {dag.py:3490} INFO - Setting next_dagrun for 01_ingestion to 2026-09-27T21:45:00+00:00, run_after=2026-09-27T21:50:00+00:00
[2026-09-27T21:52:15.136+0000] {processor.py:178} INFO - Processing /opt/airflow/dags/01_ingestion_original.py took 0.146 seconds
[2026-09-27T21:52:45.689+0000] {processor.py:156} INFO - Started process (PID=12097) to work on /opt/airflow/dags/01_ingestion_original.py
[2026-09-27T21:52:45.691+0000] {processor.py:799} INFO - Processing file /opt/airflow/dags/01_ingestion_original.py for tasks to queue
[2026-09-27T21:52:45.693+0000] {logging_mixin.py:149} INFO - [2026-09-27T21:52:45.692+0000] {dagbag.py:541} INFO - Filling up the DagBag from /opt/airflow/dags/01_ingestion_original.py
[2026-09-27T21:52:45.712+0000] {processor.py:809} INFO - DAG(s) dict_keys(['01_ingestion']) retrieved from /opt/airflow/dags/01_ingestion_original.py
[2026-09-27T21:52:45.837+0000] {logging_mixin.py:149} INFO - [2026-09-27T21:52:45.837+0000] {dag.py:2726} INFO - Sync 1 DAGs
[2026-09-27T21:52:45.884+0000] {logging_mixin.py:149} INFO - [2026-09-27T21:52:45.883+0000] {dag.py:3490} INFO - Setting next_dagrun for 01_ingestion to 2026-09-27T21:45:00+00:00, run_after=2026-09-27T21:50:00+00:00
[2026-09-27T21:52:45.922+0000] {processor.py:178} INFO - Processing /opt/airflow/dags/01_ingestion_original.py took 0.240 seconds
[2026-09-27T21:53:16.513+0000] {processor.py:156} INFO - Started process (PID=12156) to work on /opt/airflow/dags/01_ingestion_original.py
[2026-09-27T21:53:16.514+0000] {processor.py:799} INFO - Processing file /opt/airflow/dags/01_ingestion_original.py for tasks to queue
[2026-09-27T21:53:16.515+0000] {logging_mixin.py:149} INFO - [2026-09-27T21:53:16.515+0000] {dagbag.py:541} INFO - Filling up the DagBag from /opt/airflow/dags/01_ingestion_original.py
[2026-09-27T21:53:16.531+0000] {processor.py:809} INFO - DAG(s) dict_keys(['01_ingestion']) retrieved from /opt/airflow/dags/01_ingestion_original.py
[2026-09-27T21:53:16.579+0000] {logging_mixin.py:149} INFO - [2026-09-27T21:53:16.579+0000] {dag.py:2726} INFO - Sync 1 DAGs
[2026-09-27T21:53:16.857+0000] {logging_mixin.py:149} INFO - [2026-09-27T21:53:16.857+0000] {dag.py:3490} INFO - Setting next_dagrun for 01_ingestion to 2026-09-27T21:45:00+00:00, run_after=2026-09-27T21:50:00+00:00
[2026-09-27T21:53:16.884+0000] {processor.py:178} INFO - Processing /opt/airflow/dags/01_ingestion_original.py took 0.377 seconds
[2026-09-27T21:53:47.037+0000] {processor.py:156} INFO - Started process (PID=12215) to work on /opt/airflow/dags/01_ingestion_original.py
[2026-09-27T21:53:47.039+0000] {processor.py:799} INFO - Processing file /opt/airflow/dags/01_ingestion_original.py for tasks to queue
[2026-09-27T21:53:47.040+0000] {logging_mixin.py:149} INFO - [2026-09-27T21:53:47.040+0000] {dagbag.py:541} INFO - Filling up the DagBag from /opt/airflow/dags/01_ingestion_original.py
[2026-09-27T21:53:47.059+0000] {processor.py:809} INFO - DAG(s) dict_keys(['01_ingestion']) retrieved from /opt/airflow/dags/01_ingestion_original.py
[2026-09-27T21:53:47.085+0000] {logging_mixin.py:149} INFO - [2026-09-27T21:53:47.085+0000] {dag.py:2726} INFO - Sync 1 DAGs
[2026-09-27T21:53:47.141+0000] {logging_mixin.py:149} INFO - [2026-09-27T21:53:47.141+0000] {dag.py:3490} INFO - Setting next_dagrun for 01_ingestion to 2026-09-27T21:45:00+00:00, run_after=2026-09-27T21:50:00+00:00
[2026-09-27T21:53:47.173+0000] {processor.py:178} INFO - Processing /opt/airflow/dags/01_ingestion_original.py took 0.142 seconds
[2026-09-27T21:54:17.546+0000] {processor.py:156} INFO - Started process (PID=12274) to work on /opt/airflow/dags/01_ingestion_original.py
[2026-09-27T21:54:17.548+0000] {processor.py:799} INFO - Processing file /opt/airflow/dags/01_ingestion_original.py for tasks to queue
[2026-09-27T21:54:17.549+0000] {logging_mixin.py:149} INFO - [2026-09-27T21:54:17.549+0000] {dagbag.py:541} INFO - Filling up the DagBag from /opt/airflow/dags/01_ingestion_original.py
[2026-09-27T21:54:17.566+0000] {processor.py:809} INFO - DAG(s) dict_keys(['01_ingestion']) retrieved from /opt/airflow/dags/01_ingestion_original.py
[2026-09-27T21:54:17.677+0000] {logging_mixin.py:149} INFO - [2026-09-27T21:54:17.677+0000] {dag.py:2726} INFO - Sync 1 DAGs
[2026-09-27T21:54:17.915+0000] {logging_mixin.py:149} INFO - [2026-09-27T21:54:17.915+0000] {dag.py:3490} INFO - Setting next_dagrun for 01_ingestion to 2026-09-27T21:45:00+00:00, run_after=2026-09-27T21:50:00+00:00
[2026-09-27T21:54:17.951+0000] {processor.py:178} INFO - Processing /opt/airflow/dags/01_ingestion_original.py took 0.411 seconds
[2026-09-27T21:54:48.295+0000] {processor.py:156} INFO - Started process (PID=12332) to work on /opt/airflow/dags/01_ingestion_original.py
[2026-09-27T21:54:48.297+0000] {processor.py:799} INFO - Processing file /opt/airflow/dags/01_ingestion_original.py for tasks to queue
[2026-09-27T21:54:48.298+0000] {logging_mixin.py:149} INFO - [2026-09-27T21:54:48.298+0000] {dagbag.py:541} INFO - Filling up the DagBag from /opt/airflow/dags/01_ingestion_original.py
[2026-09-27T21:54:48.314+0000] {processor.py:809} INFO - DAG(s) dict_keys(['01_ingestion']) retrieved from /opt/airflow/dags/01_ingestion_original.py
[2026-09-27T21:54:48.361+0000] {logging_mixin.py:149} INFO - [2026-09-27T21:54:48.361+0000] {dag.py:2726} INFO - Sync 1 DAGs
[2026-09-27T21:54:48.414+0000] {logging_mixin.py:149} INFO - [2026-09-27T21:54:48.414+0000] {dag.py:3490} INFO - Setting next_dagrun for 01_ingestion to 2026-09-27T21:45:00+00:00, run_after=2026-09-27T21:50:00+00:00
[2026-09-27T21:54:48.449+0000] {processor.py:178} INFO - Processing /opt/airflow/dags/01_ingestion_original.py took 0.161 seconds
[2026-09-27T21:55:19.419+0000] {processor.py:156} INFO - Started process (PID=12392) to work on /opt/airflow/dags/01_ingestion_original.py
[2026-09-27T21:55:19.420+0000] {processor.py:799} INFO - Processing file /opt/airflow/dags/01_ingestion_original.py for tasks to queue
[2026-09-27T21:55:19.421+0000] {logging_mixin.py:149} INFO - [2026-09-27T21:55:19.421+0000] {dagbag.py:541} INFO - Filling up the DagBag from /opt/airflow/dags/01_ingestion_original.py
[2026-09-27T21:55:19.439+0000] {processor.py:809} INFO - DAG(s) dict_keys(['01_ingestion']) retrieved from /opt/airflow/dags/01_ingestion_original.py
[2026-09-27T21:55:19.462+0000] {logging_mixin.py:149} INFO - [2026-09-27T21:55:19.462+0000] {dag.py:2726} INFO - Sync 1 DAGs
[2026-09-27T21:55:19.519+0000] {logging_mixin.py:149} INFO - [2026-09-27T21:55:19.519+0000] {dag.py:3490} INFO - Setting next_dagrun for 01_ingestion to 2026-09-27T21:50:00+00:00, run_after=2026-09-27T21:55:00+00:00
[2026-09-27T21:55:19.551+0000] {processor.py:178} INFO - Processing /opt/airflow/dags/01_ingestion_original.py took 0.140 seconds
[2026-09-27T21:55:49.802+0000] {processor.py:156} INFO - Started process (PID=12451) to work on /opt/airflow/dags/01_ingestion_original.py
[2026-09-27T21:55:49.805+0000] {processor.py:799} INFO - Processing file /opt/airflow/dags/01_ingestion_original.py for tasks to queue
[2026-09-27T21:55:49.806+0000] {logging_mixin.py:149} INFO - [2026-09-27T21:55:49.806+0000] {dagbag.py:541} INFO - Filling up the DagBag from /opt/airflow/dags/01_ingestion_original.py
[2026-09-27T21:55:49.824+0000] {processor.py:809} INFO - DAG(s) dict_keys(['01_ingestion']) retrieved from /opt/airflow/dags/01_ingestion_original.py
[2026-09-27T21:55:49.944+0000] {logging_mixin.py:149} INFO - [2026-09-27T21:55:49.943+0000] {dag.py:2726} INFO - Sync 1 DAGs
[2026-09-27T21:55:49.997+0000] {logging_mixin.py:149} INFO - [2026-09-27T21:55:49.996+0000] {dag.py:3490} INFO - Setting next_dagrun for 01_ingestion to 2026-09-27T21:50:00+00:00, run_after=2026-09-27T21:55:00+00:00
[2026-09-27T21:55:50.031+0000] {processor.py:178} INFO - Processing /opt/airflow/dags/01_ingestion_original.py took 0.236 seconds
[2026-09-27T21:56:20.231+0000] {processor.py:156} INFO - Started process (PID=12510) to work on /opt/airflow/dags/01_ingestion_original.py
[2026-09-27T21:56:20.233+0000] {processor.py:799} INFO - Processing file /opt/airflow/dags/01_ingestion_original.py for tasks to queue
[2026-09-27T21:56:20.234+0000] {logging_mixin.py:149} INFO - [2026-09-27T21:56:20.234+0000] {dagbag.py:541} INFO - Filling up the DagBag from /opt/airflow/dags/01_ingestion_original.py
[2026-09-27T21:56:20.253+0000] {processor.py:809} INFO - DAG(s) dict_keys(['01_ingestion']) retrieved from /opt/airflow/dags/01_ingestion_original.py
[2026-09-27T21:56:20.307+0000] {logging_mixin.py:149} INFO - [2026-09-27T21:56:20.306+0000] {dag.py:2726} INFO - Sync 1 DAGs
[2026-09-27T21:56:20.374+0000] {logging_mixin.py:149} INFO - [2026-09-27T21:56:20.374+0000] {dag.py:3490} INFO - Setting next_dagrun for 01_ingestion to 2026-09-27T21:50:00+00:00, run_after=2026-09-27T21:55:00+00:00
[2026-09-27T21:56:20.409+0000] {processor.py:178} INFO - Processing /opt/airflow/dags/01_ingestion_original.py took 0.186 seconds
[2026-09-27T21:56:51.064+0000] {processor.py:156} INFO - Started process (PID=12570) to work on /opt/airflow/dags/01_ingestion_original.py
[2026-09-27T21:56:51.068+0000] {processor.py:799} INFO - Processing file /opt/airflow/dags/01_ingestion_original.py for tasks to queue
[2026-09-27T21:56:51.070+0000] {logging_mixin.py:149} INFO - [2026-09-27T21:56:51.070+0000] {dagbag.py:541} INFO - Filling up the DagBag from /opt/airflow/dags/01_ingestion_original.py
[2026-09-27T21:56:51.089+0000] {processor.py:809} INFO - DAG(s) dict_keys(['01_ingestion']) retrieved from /opt/airflow/dags/01_ingestion_original.py
[2026-09-27T21:56:51.116+0000] {logging_mixin.py:149} INFO - [2026-09-27T21:56:51.116+0000] {dag.py:2726} INFO - Sync 1 DAGs
[2026-09-27T21:56:51.171+0000] {logging_mixin.py:149} INFO - [2026-09-27T21:56:51.170+0000] {dag.py:3490} INFO - Setting next_dagrun for 01_ingestion to 2026-09-27T21:50:00+00:00, run_after=2026-09-27T21:55:00+00:00
[2026-09-27T21:56:51.203+0000] {processor.py:178} INFO - Processing /opt/airflow/dags/01_ingestion_original.py took 0.148 seconds
[2026-09-27T21:57:21.725+0000] {processor.py:156} INFO - Started process (PID=12629) to work on /opt/airflow/dags/01_ingestion_original.py
[2026-09-27T21:57:21.727+0000] {processor.py:799} INFO - Processing file /opt/airflow/dags/01_ingestion_original.py for tasks to queue
[2026-09-27T21:57:21.728+0000] {logging_mixin.py:149} INFO - [2026-09-27T21:57:21.728+0000] {dagbag.py:541} INFO - Filling up the DagBag from /opt/airflow/dags/01_ingestion_original.py
[2026-09-27T21:57:21.749+0000] {processor.py:809} INFO - DAG(s) dict_keys(['01_ingestion']) retrieved from /opt/airflow/dags/01_ingestion_original.py
[2026-09-27T21:57:21.872+0000] {logging_mixin.py:149} INFO - [2026-09-27T21:57:21.872+0000] {dag.py:2726} INFO - Sync 1 DAGs
[2026-09-27T21:57:21.932+0000] {logging_mixin.py:149} INFO - [2026-09-27T21:57:21.932+0000] {dag.py:3490} INFO - Setting next_dagrun for 01_ingestion to 2026-09-27T21:50:00+00:00, run_after=2026-09-27T21:55:00+00:00
[2026-09-27T21:57:21.968+0000] {processor.py:178} INFO - Processing /opt/airflow/dags/01_ingestion_original.py took 0.251 seconds
[2026-09-27T21:57:52.430+0000] {processor.py:156} INFO - Started process (PID=12689) to work on /opt/airflow/dags/01_ingestion_original.py
[2026-09-27T21:57:52.433+0000] {processor.py:799} INFO - Processing file /opt/airflow/dags/01_ingestion_original.py for tasks to queue
[2026-09-27T21:57:52.436+0000] {logging_mixin.py:149} INFO - [2026-09-27T21:57:52.436+0000] {dagbag.py:541} INFO - Filling up the DagBag from /opt/airflow/dags/01_ingestion_original.py
[2026-09-27T21:57:52.473+0000] {processor.py:809} INFO - DAG(s) dict_keys(['01_ingestion']) retrieved from /opt/airflow/dags/01_ingestion_original.py
[2026-09-27T21:57:52.539+0000] {logging_mixin.py:149} INFO - [2026-09-27T21:57:52.539+0000] {dag.py:2726} INFO - Sync 1 DAGs
[2026-09-27T21:57:52.595+0000] {logging_mixin.py:149} INFO - [2026-09-27T21:57:52.595+0000] {dag.py:3490} INFO - Setting next_dagrun for 01_ingestion to 2026-09-27T21:50:00+00:00, run_after=2026-09-27T21:55:00+00:00
[2026-09-27T21:57:52.629+0000] {processor.py:178} INFO - Processing /opt/airflow/dags/01_ingestion_original.py took 0.210 seconds
[2026-09-27T21:58:22.701+0000] {processor.py:156} INFO - Started process (PID=12748) to work on /opt/airflow/dags/01_ingestion_original.py
[2026-09-27T21:58:22.702+0000] {processor.py:799} INFO - Processing file /opt/airflow/dags/01_ingestion_original.py for tasks to queue
[2026-09-27T21:58:22.703+0000] {logging_mixin.py:149} INFO - [2026-09-27T21:58:22.703+0000] {dagbag.py:541} INFO - Filling up the DagBag from /opt/airflow/dags/01_ingestion_original.py
[2026-09-27T21:58:22.720+0000] {processor.py:809} INFO - DAG(s) dict_keys(['01_ingestion']) retrieved from /opt/airflow/dags/01_ingestion_original.py
[2026-09-27T21:58:22.746+0000] {logging_mixin.py:149} INFO - [2026-09-27T21:58:22.746+0000] {dag.py:2726} INFO - Sync 1 DAGs
[2026-09-27T21:58:22.807+0000] {logging_mixin.py:149} INFO - [2026-09-27T21:58:22.806+0000] {dag.py:3490} INFO - Setting next_dagrun for 01_ingestion to 2026-09-27T21:50:00+00:00, run_after=2026-09-27T21:55:00+00:00
[2026-09-27T21:58:22.842+0000] {processor.py:178} INFO - Processing /opt/airflow/dags/01_ingestion_original.py took 0.148 seconds
[2026-09-27T21:58:52.908+0000] {processor.py:156} INFO - Started process (PID=12807) to work on /opt/airflow/dags/01_ingestion_original.py
[2026-09-27T21:58:52.911+0000] {processor.py:799} INFO - Processing file /opt/airflow/dags/01_ingestion_original.py for tasks to queue
[2026-09-27T21:58:52.912+0000] {logging_mixin.py:149} INFO - [2026-09-27T21:58:52.912+0000] {dagbag.py:541} INFO - Filling up the DagBag from /opt/airflow/dags/01_ingestion_original.py
[2026-09-27T21:58:52.930+0000] {processor.py:809} INFO - DAG(s) dict_keys(['01_ingestion']) retrieved from /opt/airflow/dags/01_ingestion_original.py
[2026-09-27T21:58:53.061+0000] {logging_mixin.py:149} INFO - [2026-09-27T21:58:53.060+0000] {dag.py:2726} INFO - Sync 1 DAGs
[2026-09-27T21:58:53.116+0000] {logging_mixin.py:149} INFO - [2026-09-27T21:58:53.116+0000] {dag.py:3490} INFO - Setting next_dagrun for 01_ingestion to 2026-09-27T21:50:00+00:00, run_after=2026-09-27T21:55:00+00:00
[2026-09-27T21:58:53.150+0000] {processor.py:178} INFO - Processing /opt/airflow/dags/01_ingestion_original.py took 0.248 seconds
[2026-09-27T21:59:23.683+0000] {processor.py:156} INFO - Started process (PID=12866) to work on /opt/airflow/dags/01_ingestion_original.py
[2026-09-27T21:59:23.684+0000] {processor.py:799} INFO - Processing file /opt/airflow/dags/01_ingestion_original.py for tasks to queue
[2026-09-27T21:59:23.685+0000] {logging_mixin.py:149} INFO - [2026-09-27T21:59:23.685+0000] {dagbag.py:541} INFO - Filling up the DagBag from /opt/airflow/dags/01_ingestion_original.py
[2026-09-27T21:59:23.709+0000] {processor.py:809} INFO - DAG(s) dict_keys(['01_ingestion']) retrieved from /opt/airflow/dags/01_ingestion_original.py
[2026-09-27T21:59:23.758+0000] {logging_mixin.py:149} INFO - [2026-09-27T21:59:23.758+0000] {dag.py:2726} INFO - Sync 1 DAGs
[2026-09-27T21:59:23.808+0000] {logging_mixin.py:149} INFO - [2026-09-27T21:59:23.808+0000] {dag.py:3490} INFO - Setting next_dagrun for 01_ingestion to 2026-09-27T21:50:00+00:00, run_after=2026-09-27T21:55:00+00:00
[2026-09-27T21:59:23.840+0000] {processor.py:178} INFO - Processing /opt/airflow/dags/01_ingestion_original.py took 0.163 seconds
[2026-09-27T21:59:53.966+0000] {processor.py:156} INFO - Started process (PID=12925) to work on /opt/airflow/dags/01_ingestion_original.py
[2026-09-27T21:59:53.969+0000] {processor.py:799} INFO - Processing file /opt/airflow/dags/01_ingestion_original.py for tasks to queue
[2026-09-27T21:59:53.970+0000] {logging_mixin.py:149} INFO - [2026-09-27T21:59:53.970+0000] {dagbag.py:541} INFO - Filling up the DagBag from /opt/airflow/dags/01_ingestion_original.py
[2026-09-27T21:59:53.987+0000] {processor.py:809} INFO - DAG(s) dict_keys(['01_ingestion']) retrieved from /opt/airflow/dags/01_ingestion_original.py
[2026-09-27T21:59:54.013+0000] {logging_mixin.py:149} INFO - [2026-09-27T21:59:54.013+0000] {dag.py:2726} INFO - Sync 1 DAGs
[2026-09-27T21:59:54.076+0000] {logging_mixin.py:149} INFO - [2026-09-27T21:59:54.075+0000] {dag.py:3490} INFO - Setting next_dagrun for 01_ingestion to 2026-09-27T21:50:00+00:00, run_after=2026-09-27T21:55:00+00:00
[2026-09-27T21:59:54.109+0000] {processor.py:178} INFO - Processing /opt/airflow/dags/01_ingestion_original.py took 0.149 seconds
[2026-09-27T22:00:24.326+0000] {processor.py:156} INFO - Started process (PID=12984) to work on /opt/airflow/dags/01_ingestion_original.py
[2026-09-27T22:00:24.328+0000] {processor.py:799} INFO - Processing file /opt/airflow/dags/01_ingestion_original.py for tasks to queue
[2026-09-27T22:00:24.329+0000] {logging_mixin.py:149} INFO - [2026-09-27T22:00:24.328+0000] {dagbag.py:541} INFO - Filling up the DagBag from /opt/airflow/dags/01_ingestion_original.py
[2026-09-27T22:00:24.346+0000] {processor.py:809} INFO - DAG(s) dict_keys(['01_ingestion']) retrieved from /opt/airflow/dags/01_ingestion_original.py
[2026-09-27T22:00:24.465+0000] {logging_mixin.py:149} INFO - [2026-09-27T22:00:24.465+0000] {dag.py:2726} INFO - Sync 1 DAGs
[2026-09-27T22:00:24.513+0000] {logging_mixin.py:149} INFO - [2026-09-27T22:00:24.513+0000] {dag.py:3490} INFO - Setting next_dagrun for 01_ingestion to 2026-09-27T21:55:00+00:00, run_after=2026-09-27T22:00:00+00:00
[2026-09-27T22:00:24.549+0000] {processor.py:178} INFO - Processing /opt/airflow/dags/01_ingestion_original.py took 0.229 seconds
[2026-09-27T22:00:54.786+0000] {processor.py:156} INFO - Started process (PID=13039) to work on /opt/airflow/dags/01_ingestion_original.py
[2026-09-27T22:00:54.788+0000] {processor.py:799} INFO - Processing file /opt/airflow/dags/01_ingestion_original.py for tasks to queue
[2026-09-27T22:00:54.789+0000] {logging_mixin.py:149} INFO - [2026-09-27T22:00:54.789+0000] {dagbag.py:541} INFO - Filling up the DagBag from /opt/airflow/dags/01_ingestion_original.py
[2026-09-27T22:00:54.805+0000] {processor.py:809} INFO - DAG(s) dict_keys(['01_ingestion']) retrieved from /opt/airflow/dags/01_ingestion_original.py
[2026-09-27T22:00:54.851+0000] {logging_mixin.py:149} INFO - [2026-09-27T22:00:54.851+0000] {dag.py:2726} INFO - Sync 1 DAGs
[2026-09-27T22:00:54.899+0000] {logging_mixin.py:149} INFO - [2026-09-27T22:00:54.899+0000] {dag.py:3490} INFO - Setting next_dagrun for 01_ingestion to 2026-09-27T21:55:00+00:00, run_after=2026-09-27T22:00:00+00:00
[2026-09-27T22:00:54.933+0000] {processor.py:178} INFO - Processing /opt/airflow/dags/01_ingestion_original.py took 0.154 seconds
[2026-09-27T22:01:25.603+0000] {processor.py:156} INFO - Started process (PID=13098) to work on /opt/airflow/dags/01_ingestion_original.py
[2026-09-27T22:01:25.605+0000] {processor.py:799} INFO - Processing file /opt/airflow/dags/01_ingestion_original.py for tasks to queue
[2026-09-27T22:01:25.606+0000] {logging_mixin.py:149} INFO - [2026-09-27T22:01:25.606+0000] {dagbag.py:541} INFO - Filling up the DagBag from /opt/airflow/dags/01_ingestion_original.py
[2026-09-27T22:01:25.623+0000] {processor.py:809} INFO - DAG(s) dict_keys(['01_ingestion']) retrieved from /opt/airflow/dags/01_ingestion_original.py
[2026-09-27T22:01:25.649+0000] {logging_mixin.py:149} INFO - [2026-09-27T22:01:25.648+0000] {dag.py:2726} INFO - Sync 1 DAGs
[2026-09-27T22:01:25.700+0000] {logging_mixin.py:149} INFO - [2026-09-27T22:01:25.700+0000] {dag.py:3490} INFO - Setting next_dagrun for 01_ingestion to 2026-09-27T21:55:00+00:00, run_after=2026-09-27T22:00:00+00:00
[2026-09-27T22:01:25.752+0000] {processor.py:178} INFO - Processing /opt/airflow/dags/01_ingestion_original.py took 0.157 seconds
[2026-09-27T22:01:55.980+0000] {processor.py:156} INFO - Started process (PID=13157) to work on /opt/airflow/dags/01_ingestion_original.py
[2026-09-27T22:01:55.982+0000] {processor.py:799} INFO - Processing file /opt/airflow/dags/01_ingestion_original.py for tasks to queue
[2026-09-27T22:01:55.983+0000] {logging_mixin.py:149} INFO - [2026-09-27T22:01:55.983+0000] {dagbag.py:541} INFO - Filling up the DagBag from /opt/airflow/dags/01_ingestion_original.py
[2026-09-27T22:01:56.006+0000] {processor.py:809} INFO - DAG(s) dict_keys(['01_ingestion']) retrieved from /opt/airflow/dags/01_ingestion_original.py
[2026-09-27T22:01:56.124+0000] {logging_mixin.py:149} INFO - [2026-09-27T22:01:56.124+0000] {dag.py:2726} INFO - Sync 1 DAGs
[2026-09-27T22:01:56.175+0000] {logging_mixin.py:149} INFO - [2026-09-27T22:01:56.174+0000] {dag.py:3490} INFO - Setting next_dagrun for 01_ingestion to 2026-09-27T21:55:00+00:00, run_after=2026-09-27T22:00:00+00:00
[2026-09-27T22:01:56.210+0000] {processor.py:178} INFO - Processing /opt/airflow/dags/01_ingestion_original.py took 0.237 seconds
[2026-09-27T22:02:26.309+0000] {processor.py:156} INFO - Started process (PID=13216) to work on /opt/airflow/dags/01_ingestion_original.py
[2026-09-27T22:02:26.311+0000] {processor.py:799} INFO - Processing file /opt/airflow/dags/01_ingestion_original.py for tasks to queue
[2026-09-27T22:02:26.313+0000] {logging_mixin.py:149} INFO - [2026-09-27T22:02:26.313+0000] {dagbag.py:541} INFO - Filling up the DagBag from /opt/airflow/dags/01_ingestion_original.py
[2026-09-27T22:02:26.333+0000] {processor.py:809} INFO - DAG(s) dict_keys(['01_ingestion']) retrieved from /opt/airflow/dags/01_ingestion_original.py
[2026-09-27T22:02:26.385+0000] {logging_mixin.py:149} INFO - [2026-09-27T22:02:26.385+0000] {dag.py:2726} INFO - Sync 1 DAGs
[2026-09-27T22:02:26.439+0000] {logging_mixin.py:149} INFO - [2026-09-27T22:02:26.439+0000] {dag.py:3490} INFO - Setting next_dagrun for 01_ingestion to 2026-09-27T21:55:00+00:00, run_after=2026-09-27T22:00:00+00:00
[2026-09-27T22:02:26.472+0000] {processor.py:178} INFO - Processing /opt/airflow/dags/01_ingestion_original.py took 0.170 seconds
[2026-09-27T22:02:57.319+0000] {processor.py:156} INFO - Started process (PID=13275) to work on /opt/airflow/dags/01_ingestion_original.py
[2026-09-27T22:02:57.321+0000] {processor.py:799} INFO - Processing file /opt/airflow/dags/01_ingestion_original.py for tasks to queue
[2026-09-27T22:02:57.322+0000] {logging_mixin.py:149} INFO - [2026-09-27T22:02:57.322+0000] {dagbag.py:541} INFO - Filling up the DagBag from /opt/airflow/dags/01_ingestion_original.py
[2026-09-27T22:02:57.342+0000] {processor.py:809} INFO - DAG(s) dict_keys(['01_ingestion']) retrieved from /opt/airflow/dags/01_ingestion_original.py
[2026-09-27T22:02:57.363+0000] {logging_mixin.py:149} INFO - [2026-09-27T22:02:57.363+0000] {dag.py:2726} INFO - Sync 1 DAGs
[2026-09-27T22:02:57.425+0000] {logging_mixin.py:149} INFO - [2026-09-27T22:02:57.424+0000] {dag.py:3490} INFO - Setting next_dagrun for 01_ingestion to 2026-09-27T21:55:00+00:00, run_after=2026-09-27T22:00:00+00:00
[2026-09-27T22:02:57.455+0000] {processor.py:178} INFO - Processing /opt/airflow/dags/01_ingestion_original.py took 0.143 seconds
[2026-09-27T22:03:28.329+0000] {processor.py:156} INFO - Started process (PID=13334) to work on /opt/airflow/dags/01_ingestion_original.py
[2026-09-27T22:03:28.331+0000] {processor.py:799} INFO - Processing file /opt/airflow/dags/01_ingestion_original.py for tasks to queue
[2026-09-27T22:03:28.332+0000] {logging_mixin.py:149} INFO - [2026-09-27T22:03:28.332+0000] {dagbag.py:541} INFO - Filling up the DagBag from /opt/airflow/dags/01_ingestion_original.py
[2026-09-27T22:03:28.351+0000] {processor.py:809} INFO - DAG(s) dict_keys(['01_ingestion']) retrieved from /opt/airflow/dags/01_ingestion_original.py
[2026-09-27T22:03:28.472+0000] {logging_mixin.py:149} INFO - [2026-09-27T22:03:28.472+0000] {dag.py:2726} INFO - Sync 1 DAGs
[2026-09-27T22:03:28.524+0000] {logging_mixin.py:149} INFO - [2026-09-27T22:03:28.523+0000] {dag.py:3490} INFO - Setting next_dagrun for 01_ingestion to 2026-09-27T21:55:00+00:00, run_after=2026-09-27T22:00:00+00:00
[2026-09-27T22:03:28.560+0000] {processor.py:178} INFO - Processing /opt/airflow/dags/01_ingestion_original.py took 0.237 seconds
[2026-09-27T22:03:58.968+0000] {processor.py:156} INFO - Started process (PID=13393) to work on /opt/airflow/dags/01_ingestion_original.py
[2026-09-27T22:03:58.970+0000] {processor.py:799} INFO - Processing file /opt/airflow/dags/01_ingestion_original.py for tasks to queue
[2026-09-27T22:03:58.971+0000] {logging_mixin.py:149} INFO - [2026-09-27T22:03:58.971+0000] {dagbag.py:541} INFO - Filling up the DagBag from /opt/airflow/dags/01_ingestion_original.py
[2026-09-27T22:03:58.989+0000] {processor.py:809} INFO - DAG(s) dict_keys(['01_ingestion']) retrieved from /opt/airflow/dags/01_ingestion_original.py
[2026-09-27T22:03:59.033+0000] {logging_mixin.py:149} INFO - [2026-09-27T22:03:59.033+0000] {dag.py:2726} INFO - Sync 1 DAGs
[2026-09-27T22:03:59.092+0000] {logging_mixin.py:149} INFO - [2026-09-27T22:03:59.092+0000] {dag.py:3490} INFO - Setting next_dagrun for 01_ingestion to 2026-09-27T21:55:00+00:00, run_after=2026-09-27T22:00:00+00:00
[2026-09-27T22:03:59.124+0000] {processor.py:178} INFO - Processing /opt/airflow/dags/01_ingestion_original.py took 0.163 seconds
[2026-09-27T22:04:29.802+0000] {processor.py:156} INFO - Started process (PID=13452) to work on /opt/airflow/dags/01_ingestion_original.py
[2026-09-27T22:04:29.804+0000] {processor.py:799} INFO - Processing file /opt/airflow/dags/01_ingestion_original.py for tasks to queue
[2026-09-27T22:04:29.805+0000] {logging_mixin.py:149} INFO - [2026-09-27T22:04:29.805+0000] {dagbag.py:541} INFO - Filling up the DagBag from /opt/airflow/dags/01_ingestion_original.py
[2026-09-27T22:04:29.822+0000] {processor.py:809} INFO - DAG(s) dict_keys(['01_ingestion']) retrieved from /opt/airflow/dags/01_ingestion_original.py
[2026-09-27T22:04:29.845+0000] {logging_mixin.py:149} INFO - [2026-09-27T22:04:29.845+0000] {dag.py:2726} INFO - Sync 1 DAGs
[2026-09-27T22:04:29.900+0000] {logging_mixin.py:149} INFO - [2026-09-27T22:04:29.900+0000] {dag.py:3490} INFO - Setting next_dagrun for 01_ingestion to 2026-09-27T21:55:00+00:00, run_after=2026-09-27T22:00:00+00:00
[2026-09-27T22:04:29.934+0000] {processor.py:178} INFO - Processing /opt/airflow/dags/01_ingestion_original.py took 0.138 seconds
[2026-09-27T22:05:00.329+0000] {processor.py:156} INFO - Started process (PID=13511) to work on /opt/airflow/dags/01_ingestion_original.py
[2026-09-27T22:05:00.331+0000] {processor.py:799} INFO - Processing file /opt/airflow/dags/01_ingestion_original.py for tasks to queue
[2026-09-27T22:05:00.332+0000] {logging_mixin.py:149} INFO - [2026-09-27T22:05:00.332+0000] {dagbag.py:541} INFO - Filling up the DagBag from /opt/airflow/dags/01_ingestion_original.py
[2026-09-27T22:05:00.351+0000] {processor.py:809} INFO - DAG(s) dict_keys(['01_ingestion']) retrieved from /opt/airflow/dags/01_ingestion_original.py
[2026-09-27T22:05:00.469+0000] {logging_mixin.py:149} INFO - [2026-09-27T22:05:00.469+0000] {dag.py:2726} INFO - Sync 1 DAGs
[2026-09-27T22:05:00.520+0000] {logging_mixin.py:149} INFO - [2026-09-27T22:05:00.519+0000] {dag.py:3490} INFO - Setting next_dagrun for 01_ingestion to 2026-09-27T22:00:00+00:00, run_after=2026-09-27T22:05:00+00:00
[2026-09-27T22:05:00.562+0000] {processor.py:178} INFO - Processing /opt/airflow/dags/01_ingestion_original.py took 0.241 seconds
[2026-09-27T22:05:30.887+0000] {processor.py:156} INFO - Started process (PID=13570) to work on /opt/airflow/dags/01_ingestion_original.py
[2026-09-27T22:05:30.889+0000] {processor.py:799} INFO - Processing file /opt/airflow/dags/01_ingestion_original.py for tasks to queue
[2026-09-27T22:05:30.891+0000] {logging_mixin.py:149} INFO - [2026-09-27T22:05:30.890+0000] {dagbag.py:541} INFO - Filling up the DagBag from /opt/airflow/dags/01_ingestion_original.py
[2026-09-27T22:05:30.914+0000] {processor.py:809} INFO - DAG(s) dict_keys(['01_ingestion']) retrieved from /opt/airflow/dags/01_ingestion_original.py
[2026-09-27T22:05:30.961+0000] {logging_mixin.py:149} INFO - [2026-09-27T22:05:30.961+0000] {dag.py:2726} INFO - Sync 1 DAGs
[2026-09-27T22:05:31.020+0000] {logging_mixin.py:149} INFO - [2026-09-27T22:05:31.020+0000] {dag.py:3490} INFO - Setting next_dagrun for 01_ingestion to 2026-09-27T22:00:00+00:00, run_after=2026-09-27T22:05:00+00:00
[2026-09-27T22:05:31.054+0000] {processor.py:178} INFO - Processing /opt/airflow/dags/01_ingestion_original.py took 0.173 seconds
[2026-09-27T22:06:01.797+0000] {processor.py:156} INFO - Started process (PID=13629) to work on /opt/airflow/dags/01_ingestion_original.py
[2026-09-27T22:06:01.801+0000] {processor.py:799} INFO - Processing file /opt/airflow/dags/01_ingestion_original.py for tasks to queue
[2026-09-27T22:06:01.802+0000] {logging_mixin.py:149} INFO - [2026-09-27T22:06:01.802+0000] {dagbag.py:541} INFO - Filling up the DagBag from /opt/airflow/dags/01_ingestion_original.py
[2026-09-27T22:06:01.822+0000] {processor.py:809} INFO - DAG(s) dict_keys(['01_ingestion']) retrieved from /opt/airflow/dags/01_ingestion_original.py
[2026-09-27T22:06:01.846+0000] {logging_mixin.py:149} INFO - [2026-09-27T22:06:01.846+0000] {dag.py:2726} INFO - Sync 1 DAGs
[2026-09-27T22:06:01.908+0000] {logging_mixin.py:149} INFO - [2026-09-27T22:06:01.908+0000] {dag.py:3490} INFO - Setting next_dagrun for 01_ingestion to 2026-09-27T22:00:00+00:00, run_after=2026-09-27T22:05:00+00:00
[2026-09-27T22:06:01.939+0000] {processor.py:178} INFO - Processing /opt/airflow/dags/01_ingestion_original.py took 0.149 seconds
[2026-09-27T22:06:32.369+0000] {processor.py:156} INFO - Started process (PID=13687) to work on /opt/airflow/dags/01_ingestion_original.py
[2026-09-27T22:06:32.373+0000] {processor.py:799} INFO - Processing file /opt/airflow/dags/01_ingestion_original.py for tasks to queue
[2026-09-27T22:06:32.376+0000] {logging_mixin.py:149} INFO - [2026-09-27T22:06:32.375+0000] {dagbag.py:541} INFO - Filling up the DagBag from /opt/airflow/dags/01_ingestion_original.py
[2026-09-27T22:06:32.413+0000] {processor.py:809} INFO - DAG(s) dict_keys(['01_ingestion']) retrieved from /opt/airflow/dags/01_ingestion_original.py
[2026-09-27T22:06:32.630+0000] {logging_mixin.py:149} INFO - [2026-09-27T22:06:32.630+0000] {dag.py:2726} INFO - Sync 1 DAGs
[2026-09-27T22:06:32.672+0000] {logging_mixin.py:149} INFO - [2026-09-27T22:06:32.672+0000] {dag.py:3490} INFO - Setting next_dagrun for 01_ingestion to 2026-09-27T22:00:00+00:00, run_after=2026-09-27T22:05:00+00:00
[2026-09-27T22:06:32.705+0000] {processor.py:178} INFO - Processing /opt/airflow/dags/01_ingestion_original.py took 0.348 seconds
[2026-09-27T22:07:03.294+0000] {processor.py:156} INFO - Started process (PID=13746) to work on /opt/airflow/dags/01_ingestion_original.py
[2026-09-27T22:07:03.297+0000] {processor.py:799} INFO - Processing file /opt/airflow/dags/01_ingestion_original.py for tasks to queue
[2026-09-27T22:07:03.298+0000] {logging_mixin.py:149} INFO - [2026-09-27T22:07:03.298+0000] {dagbag.py:541} INFO - Filling up the DagBag from /opt/airflow/dags/01_ingestion_original.py
[2026-09-27T22:07:03.317+0000] {processor.py:809} INFO - DAG(s) dict_keys(['01_ingestion']) retrieved from /opt/airflow/dags/01_ingestion_original.py
[2026-09-27T22:07:03.370+0000] {logging_mixin.py:149} INFO - [2026-09-27T22:07:03.370+0000] {dag.py:2726} INFO - Sync 1 DAGs
[2026-09-27T22:07:03.430+0000] {logging_mixin.py:149} INFO - [2026-09-27T22:07:03.430+0000] {dag.py:3490} INFO - Setting next_dagrun for 01_ingestion to 2026-09-27T22:00:00+00:00, run_after=2026-09-27T22:05:00+00:00
[2026-09-27T22:07:03.464+0000] {processor.py:178} INFO - Processing /opt/airflow/dags/01_ingestion_original.py took 0.180 seconds
[2026-09-27T22:07:33.920+0000] {processor.py:156} INFO - Started process (PID=13804) to work on /opt/airflow/dags/01_ingestion_original.py
[2026-09-27T22:07:33.926+0000] {processor.py:799} INFO - Processing file /opt/airflow/dags/01_ingestion_original.py for tasks to queue
[2026-09-27T22:07:33.927+0000] {logging_mixin.py:149} INFO - [2026-09-27T22:07:33.927+0000] {dagbag.py:541} INFO - Filling up the DagBag from /opt/airflow/dags/01_ingestion_original.py
[2026-09-27T22:07:33.947+0000] {processor.py:809} INFO - DAG(s) dict_keys(['01_ingestion']) retrieved from /opt/airflow/dags/01_ingestion_original.py
[2026-09-27T22:07:33.966+0000] {logging_mixin.py:149} INFO - [2026-09-27T22:07:33.966+0000] {dag.py:2726} INFO - Sync 1 DAGs
[2026-09-27T22:07:34.018+0000] {logging_mixin.py:149} INFO - [2026-09-27T22:07:34.018+0000] {dag.py:3490} INFO - Setting next_dagrun for 01_ingestion to 2026-09-27T22:00:00+00:00, run_after=2026-09-27T22:05:00+00:00
[2026-09-27T22:07:34.047+0000] {processor.py:178} INFO - Processing /opt/airflow/dags/01_ingestion_original.py took 0.133 seconds
[2026-09-27T22:08:04.267+0000] {processor.py:156} INFO - Started process (PID=13863) to work on /opt/airflow/dags/01_ingestion_original.py
[2026-09-27T22:08:04.269+0000] {processor.py:799} INFO - Processing file /opt/airflow/dags/01_ingestion_original.py for tasks to queue
[2026-09-27T22:08:04.271+0000] {logging_mixin.py:149} INFO - [2026-09-27T22:08:04.270+0000] {dagbag.py:541} INFO - Filling up the DagBag from /opt/airflow/dags/01_ingestion_original.py
[2026-09-27T22:08:04.318+0000] {processor.py:809} INFO - DAG(s) dict_keys(['01_ingestion']) retrieved from /opt/airflow/dags/01_ingestion_original.py
[2026-09-27T22:08:04.430+0000] {logging_mixin.py:149} INFO - [2026-09-27T22:08:04.429+0000] {dag.py:2726} INFO - Sync 1 DAGs
[2026-09-27T22:08:04.480+0000] {logging_mixin.py:149} INFO - [2026-09-27T22:08:04.479+0000] {dag.py:3490} INFO - Setting next_dagrun for 01_ingestion to 2026-09-27T22:00:00+00:00, run_after=2026-09-27T22:05:00+00:00
[2026-09-27T22:08:04.517+0000] {processor.py:178} INFO - Processing /opt/airflow/dags/01_ingestion_original.py took 0.257 seconds
[2026-09-27T22:08:35.177+0000] {processor.py:156} INFO - Started process (PID=13922) to work on /opt/airflow/dags/01_ingestion_original.py
[2026-09-27T22:08:35.181+0000] {processor.py:799} INFO - Processing file /opt/airflow/dags/01_ingestion_original.py for tasks to queue
[2026-09-27T22:08:35.182+0000] {logging_mixin.py:149} INFO - [2026-09-27T22:08:35.182+0000] {dagbag.py:541} INFO - Filling up the DagBag from /opt/airflow/dags/01_ingestion_original.py
[2026-09-27T22:08:35.199+0000] {processor.py:809} INFO - DAG(s) dict_keys(['01_ingestion']) retrieved from /opt/airflow/dags/01_ingestion_original.py
[2026-09-27T22:08:35.242+0000] {logging_mixin.py:149} INFO - [2026-09-27T22:08:35.242+0000] {dag.py:2726} INFO - Sync 1 DAGs
[2026-09-27T22:08:35.295+0000] {logging_mixin.py:149} INFO - [2026-09-27T22:08:35.295+0000] {dag.py:3490} INFO - Setting next_dagrun for 01_ingestion to 2026-09-27T22:00:00+00:00, run_after=2026-09-27T22:05:00+00:00
[2026-09-27T22:08:35.324+0000] {processor.py:178} INFO - Processing /opt/airflow/dags/01_ingestion_original.py took 0.155 seconds
[2026-09-27T22:09:05.756+0000] {processor.py:156} INFO - Started process (PID=13981) to work on /opt/airflow/dags/01_ingestion_original.py
[2026-09-27T22:09:05.757+0000] {processor.py:799} INFO - Processing file /opt/airflow/dags/01_ingestion_original.py for tasks to queue
[2026-09-27T22:09:05.758+0000] {logging_mixin.py:149} INFO - [2026-09-27T22:09:05.758+0000] {dagbag.py:541} INFO - Filling up the DagBag from /opt/airflow/dags/01_ingestion_original.py
[2026-09-27T22:09:05.778+0000] {processor.py:809} INFO - DAG(s) dict_keys(['01_ingestion']) retrieved from /opt/airflow/dags/01_ingestion_original.py
[2026-09-27T22:09:05.800+0000] {logging_mixin.py:149} INFO - [2026-09-27T22:09:05.800+0000] {dag.py:2726} INFO - Sync 1 DAGs
[2026-09-27T22:09:05.863+0000] {logging_mixin.py:149} INFO - [2026-09-27T22:09:05.863+0000] {dag.py:3490} INFO - Setting next_dagrun for 01_ingestion to 2026-09-27T22:00:00+00:00, run_after=2026-09-27T22:05:00+00:00
[2026-09-27T22:09:05.901+0000] {processor.py:178} INFO - Processing /opt/airflow/dags/01_ingestion_original.py took 0.151 seconds
[2026-09-27T22:09:36.167+0000] {processor.py:156} INFO - Started process (PID=14039) to work on /opt/airflow/dags/01_ingestion_original.py
[2026-09-27T22:09:36.169+0000] {processor.py:799} INFO - Processing file /opt/airflow/dags/01_ingestion_original.py for tasks to queue
[2026-09-27T22:09:36.170+0000] {logging_mixin.py:149} INFO - [2026-09-27T22:09:36.170+0000] {dagbag.py:541} INFO - Filling up the DagBag from /opt/airflow/dags/01_ingestion_original.py
[2026-09-27T22:09:36.202+0000] {processor.py:809} INFO - DAG(s) dict_keys(['01_ingestion']) retrieved from /opt/airflow/dags/01_ingestion_original.py
[2026-09-27T22:09:36.317+0000] {logging_mixin.py:149} INFO - [2026-09-27T22:09:36.317+0000] {dag.py:2726} INFO - Sync 1 DAGs
[2026-09-27T22:09:36.368+0000] {logging_mixin.py:149} INFO - [2026-09-27T22:09:36.368+0000] {dag.py:3490} INFO - Setting next_dagrun for 01_ingestion to 2026-09-27T22:00:00+00:00, run_after=2026-09-27T22:05:00+00:00
[2026-09-27T22:09:36.405+0000] {processor.py:178} INFO - Processing /opt/airflow/dags/01_ingestion_original.py took 0.245 seconds
[2026-09-27T22:10:06.923+0000] {processor.py:156} INFO - Started process (PID=14098) to work on /opt/airflow/dags/01_ingestion_original.py
[2026-09-27T22:10:06.924+0000] {processor.py:799} INFO - Processing file /opt/airflow/dags/01_ingestion_original.py for tasks to queue
[2026-09-27T22:10:06.926+0000] {logging_mixin.py:149} INFO - [2026-09-27T22:10:06.926+0000] {dagbag.py:541} INFO - Filling up the DagBag from /opt/airflow/dags/01_ingestion_original.py
[2026-09-27T22:10:06.943+0000] {processor.py:809} INFO - DAG(s) dict_keys(['01_ingestion']) retrieved from /opt/airflow/dags/01_ingestion_original.py
[2026-09-27T22:10:06.988+0000] {logging_mixin.py:149} INFO - [2026-09-27T22:10:06.988+0000] {dag.py:2726} INFO - Sync 1 DAGs
[2026-09-27T22:10:07.040+0000] {logging_mixin.py:149} INFO - [2026-09-27T22:10:07.040+0000] {dag.py:3490} INFO - Setting next_dagrun for 01_ingestion to 2026-09-27T22:05:00+00:00, run_after=2026-09-27T22:10:00+00:00
[2026-09-27T22:10:07.070+0000] {processor.py:178} INFO - Processing /opt/airflow/dags/01_ingestion_original.py took 0.155 seconds
[2026-09-27T22:10:37.727+0000] {processor.py:156} INFO - Started process (PID=14164) to work on /opt/airflow/dags/01_ingestion_original.py
[2026-09-27T22:10:37.729+0000] {processor.py:799} INFO - Processing file /opt/airflow/dags/01_ingestion_original.py for tasks to queue
[2026-09-27T22:10:37.730+0000] {logging_mixin.py:149} INFO - [2026-09-27T22:10:37.730+0000] {dagbag.py:541} INFO - Filling up the DagBag from /opt/airflow/dags/01_ingestion_original.py
[2026-09-27T22:10:37.746+0000] {processor.py:809} INFO - DAG(s) dict_keys(['01_ingestion']) retrieved from /opt/airflow/dags/01_ingestion_original.py
[2026-09-27T22:10:37.765+0000] {logging_mixin.py:149} INFO - [2026-09-27T22:10:37.765+0000] {dag.py:2726} INFO - Sync 1 DAGs
[2026-09-27T22:10:37.816+0000] {logging_mixin.py:149} INFO - [2026-09-27T22:10:37.816+0000] {dag.py:3490} INFO - Setting next_dagrun for 01_ingestion to 2026-09-27T22:05:00+00:00, run_after=2026-09-27T22:10:00+00:00
[2026-09-27T22:10:37.850+0000] {processor.py:178} INFO - Processing /opt/airflow/dags/01_ingestion_original.py took 0.128 seconds
[2026-09-27T22:11:08.208+0000] {processor.py:156} INFO - Started process (PID=14222) to work on /opt/airflow/dags/01_ingestion_original.py
[2026-09-27T22:11:08.209+0000] {processor.py:799} INFO - Processing file /opt/airflow/dags/01_ingestion_original.py for tasks to queue
[2026-09-27T22:11:08.210+0000] {logging_mixin.py:149} INFO - [2026-09-27T22:11:08.210+0000] {dagbag.py:541} INFO - Filling up the DagBag from /opt/airflow/dags/01_ingestion_original.py
[2026-09-27T22:11:08.225+0000] {processor.py:809} INFO - DAG(s) dict_keys(['01_ingestion']) retrieved from /opt/airflow/dags/01_ingestion_original.py
[2026-09-27T22:11:08.334+0000] {logging_mixin.py:149} INFO - [2026-09-27T22:11:08.333+0000] {dag.py:2726} INFO - Sync 1 DAGs
[2026-09-27T22:11:08.379+0000] {logging_mixin.py:149} INFO - [2026-09-27T22:11:08.379+0000] {dag.py:3490} INFO - Setting next_dagrun for 01_ingestion to 2026-09-27T22:05:00+00:00, run_after=2026-09-27T22:10:00+00:00
[2026-09-27T22:11:08.409+0000] {processor.py:178} INFO - Processing /opt/airflow/dags/01_ingestion_original.py took 0.207 seconds
[2026-09-27T22:11:38.884+0000] {processor.py:156} INFO - Started process (PID=14281) to work on /opt/airflow/dags/01_ingestion_original.py
[2026-09-27T22:11:38.890+0000] {processor.py:799} INFO - Processing file /opt/airflow/dags/01_ingestion_original.py for tasks to queue
[2026-09-27T22:11:38.892+0000] {logging_mixin.py:149} INFO - [2026-09-27T22:11:38.891+0000] {dagbag.py:541} INFO - Filling up the DagBag from /opt/airflow/dags/01_ingestion_original.py
[2026-09-27T22:11:38.910+0000] {processor.py:809} INFO - DAG(s) dict_keys(['01_ingestion']) retrieved from /opt/airflow/dags/01_ingestion_original.py
[2026-09-27T22:11:38.963+0000] {logging_mixin.py:149} INFO - [2026-09-27T22:11:38.963+0000] {dag.py:2726} INFO - Sync 1 DAGs
[2026-09-27T22:11:39.014+0000] {logging_mixin.py:149} INFO - [2026-09-27T22:11:39.013+0000] {dag.py:3490} INFO - Setting next_dagrun for 01_ingestion to 2026-09-27T22:05:00+00:00, run_after=2026-09-27T22:10:00+00:00
[2026-09-27T22:11:39.043+0000] {processor.py:178} INFO - Processing /opt/airflow/dags/01_ingestion_original.py took 0.165 seconds
[2026-09-27T22:12:09.120+0000] {processor.py:156} INFO - Started process (PID=14340) to work on /opt/airflow/dags/01_ingestion_original.py
[2026-09-27T22:12:09.121+0000] {processor.py:799} INFO - Processing file /opt/airflow/dags/01_ingestion_original.py for tasks to queue
[2026-09-27T22:12:09.122+0000] {logging_mixin.py:149} INFO - [2026-09-27T22:12:09.122+0000] {dagbag.py:541} INFO - Filling up the DagBag from /opt/airflow/dags/01_ingestion_original.py
[2026-09-27T22:12:09.138+0000] {processor.py:809} INFO - DAG(s) dict_keys(['01_ingestion']) retrieved from /opt/airflow/dags/01_ingestion_original.py
[2026-09-27T22:12:09.159+0000] {logging_mixin.py:149} INFO - [2026-09-27T22:12:09.159+0000] {dag.py:2726} INFO - Sync 1 DAGs
[2026-09-27T22:12:09.208+0000] {logging_mixin.py:149} INFO - [2026-09-27T22:12:09.208+0000] {dag.py:3490} INFO - Setting next_dagrun for 01_ingestion to 2026-09-27T22:05:00+00:00, run_after=2026-09-27T22:10:00+00:00
[2026-09-27T22:12:09.241+0000] {processor.py:178} INFO - Processing /opt/airflow/dags/01_ingestion_original.py took 0.127 seconds
[2026-09-27T22:12:39.787+0000] {processor.py:156} INFO - Started process (PID=14399) to work on /opt/airflow/dags/01_ingestion_original.py
[2026-09-27T22:12:39.789+0000] {processor.py:799} INFO - Processing file /opt/airflow/dags/01_ingestion_original.py for tasks to queue
[2026-09-27T22:12:39.791+0000] {logging_mixin.py:149} INFO - [2026-09-27T22:12:39.790+0000] {dagbag.py:541} INFO - Filling up the DagBag from /opt/airflow/dags/01_ingestion_original.py
[2026-09-27T22:12:39.807+0000] {processor.py:809} INFO - DAG(s) dict_keys(['01_ingestion']) retrieved from /opt/airflow/dags/01_ingestion_original.py
[2026-09-27T22:12:39.926+0000] {logging_mixin.py:149} INFO - [2026-09-27T22:12:39.925+0000] {dag.py:2726} INFO - Sync 1 DAGs
[2026-09-27T22:12:39.977+0000] {logging_mixin.py:149} INFO - [2026-09-27T22:12:39.977+0000] {dag.py:3490} INFO - Setting next_dagrun for 01_ingestion to 2026-09-27T22:05:00+00:00, run_after=2026-09-27T22:10:00+00:00
[2026-09-27T22:12:40.011+0000] {processor.py:178} INFO - Processing /opt/airflow/dags/01_ingestion_original.py took 0.230 seconds
[2026-09-27T22:13:10.673+0000] {processor.py:156} INFO - Started process (PID=14454) to work on /opt/airflow/dags/01_ingestion_original.py
[2026-09-27T22:13:10.675+0000] {processor.py:799} INFO - Processing file /opt/airflow/dags/01_ingestion_original.py for tasks to queue
[2026-09-27T22:13:10.676+0000] {logging_mixin.py:149} INFO - [2026-09-27T22:13:10.676+0000] {dagbag.py:541} INFO - Filling up the DagBag from /opt/airflow/dags/01_ingestion_original.py
[2026-09-27T22:13:10.696+0000] {processor.py:809} INFO - DAG(s) dict_keys(['01_ingestion']) retrieved from /opt/airflow/dags/01_ingestion_original.py
[2026-09-27T22:13:10.738+0000] {logging_mixin.py:149} INFO - [2026-09-27T22:13:10.738+0000] {dag.py:2726} INFO - Sync 1 DAGs
[2026-09-27T22:13:10.791+0000] {logging_mixin.py:149} INFO - [2026-09-27T22:13:10.790+0000] {dag.py:3490} INFO - Setting next_dagrun for 01_ingestion to 2026-09-27T22:05:00+00:00, run_after=2026-09-27T22:10:00+00:00
[2026-09-27T22:13:10.826+0000] {processor.py:178} INFO - Processing /opt/airflow/dags/01_ingestion_original.py took 0.160 seconds
[2026-09-27T22:13:41.286+0000] {processor.py:156} INFO - Started process (PID=14513) to work on /opt/airflow/dags/01_ingestion_original.py
[2026-09-27T22:13:41.288+0000] {processor.py:799} INFO - Processing file /opt/airflow/dags/01_ingestion_original.py for tasks to queue
[2026-09-27T22:13:41.289+0000] {logging_mixin.py:149} INFO - [2026-09-27T22:13:41.289+0000] {dagbag.py:541} INFO - Filling up the DagBag from /opt/airflow/dags/01_ingestion_original.py
[2026-09-27T22:13:41.306+0000] {processor.py:809} INFO - DAG(s) dict_keys(['01_ingestion']) retrieved from /opt/airflow/dags/01_ingestion_original.py
[2026-09-27T22:13:41.331+0000] {logging_mixin.py:149} INFO - [2026-09-27T22:13:41.330+0000] {dag.py:2726} INFO - Sync 1 DAGs
[2026-09-27T22:13:41.387+0000] {logging_mixin.py:149} INFO - [2026-09-27T22:13:41.386+0000] {dag.py:3490} INFO - Setting next_dagrun for 01_ingestion to 2026-09-27T22:05:00+00:00, run_after=2026-09-27T22:10:00+00:00
[2026-09-27T22:13:41.427+0000] {processor.py:178} INFO - Processing /opt/airflow/dags/01_ingestion_original.py took 0.147 seconds
[2026-09-27T22:14:12.079+0000] {processor.py:156} INFO - Started process (PID=14572) to work on /opt/airflow/dags/01_ingestion_original.py
[2026-09-27T22:14:12.080+0000] {processor.py:799} INFO - Processing file /opt/airflow/dags/01_ingestion_original.py for tasks to queue
[2026-09-27T22:14:12.082+0000] {logging_mixin.py:149} INFO - [2026-09-27T22:14:12.081+0000] {dagbag.py:541} INFO - Filling up the DagBag from /opt/airflow/dags/01_ingestion_original.py
[2026-09-27T22:14:12.100+0000] {processor.py:809} INFO - DAG(s) dict_keys(['01_ingestion']) retrieved from /opt/airflow/dags/01_ingestion_original.py
[2026-09-27T22:14:12.263+0000] {logging_mixin.py:149} INFO - [2026-09-27T22:14:12.263+0000] {dag.py:2726} INFO - Sync 1 DAGs
[2026-09-27T22:14:12.317+0000] {logging_mixin.py:149} INFO - [2026-09-27T22:14:12.317+0000] {dag.py:3490} INFO - Setting next_dagrun for 01_ingestion to 2026-09-27T22:05:00+00:00, run_after=2026-09-27T22:10:00+00:00
[2026-09-27T22:14:12.354+0000] {processor.py:178} INFO - Processing /opt/airflow/dags/01_ingestion_original.py took 0.282 seconds
[2026-09-27T22:14:43.029+0000] {processor.py:156} INFO - Started process (PID=14643) to work on /opt/airflow/dags/01_ingestion_original.py
[2026-09-27T22:14:43.031+0000] {processor.py:799} INFO - Processing file /opt/airflow/dags/01_ingestion_original.py for tasks to queue
[2026-09-27T22:14:43.031+0000] {logging_mixin.py:149} INFO - [2026-09-27T22:14:43.031+0000] {dagbag.py:541} INFO - Filling up the DagBag from /opt/airflow/dags/01_ingestion_original.py
[2026-09-27T22:14:43.047+0000] {processor.py:809} INFO - DAG(s) dict_keys(['01_ingestion']) retrieved from /opt/airflow/dags/01_ingestion_original.py
[2026-09-27T22:14:43.091+0000] {logging_mixin.py:149} INFO - [2026-09-27T22:14:43.090+0000] {dag.py:2726} INFO - Sync 1 DAGs
[2026-09-27T22:14:43.140+0000] {logging_mixin.py:149} INFO - [2026-09-27T22:14:43.140+0000] {dag.py:3490} INFO - Setting next_dagrun for 01_ingestion to 2026-09-27T22:05:00+00:00, run_after=2026-09-27T22:10:00+00:00
[2026-09-27T22:14:43.178+0000] {processor.py:178} INFO - Processing /opt/airflow/dags/01_ingestion_original.py took 0.156 seconds
