[2026-09-28T00:00:09.084+0000] {processor.py:156} INFO - Started process (PID=26691) to work on /opt/airflow/dags/01_ingestion.py
[2026-09-28T00:00:09.085+0000] {processor.py:799} INFO - Processing file /opt/airflow/dags/01_ingestion.py for tasks to queue
[2026-09-28T00:00:09.086+0000] {logging_mixin.py:149} INFO - [2026-09-28T00:00:09.086+0000] {dagbag.py:541} INFO - Filling up the DagBag from /opt/airflow/dags/01_ingestion.py
[2026-09-28T00:00:09.101+0000] {processor.py:809} INFO - DAG(s) dict_keys(['01_ingestion']) retrieved from /opt/airflow/dags/01_ingestion.py
[2026-09-28T00:00:09.142+0000] {logging_mixin.py:149} INFO - [2026-09-28T00:00:09.141+0000] {dag.py:2726} INFO - Sync 1 DAGs
[2026-09-28T00:00:09.192+0000] {logging_mixin.py:149} INFO - [2026-09-28T00:00:09.192+0000] {dag.py:3490} INFO - Setting next_dagrun for 01_ingestion to 2026-09-27T23:55:00+00:00, run_after=2026-09-28T00:00:00+00:00
[2026-09-28T00:00:09.225+0000] {processor.py:178} INFO - Processing /opt/airflow/dags/01_ingestion.py took 0.150 seconds
[2026-09-28T00:00:39.493+0000] {processor.py:156} INFO - Started process (PID=26749) to work on /opt/airflow/dags/01_ingestion.py
[2026-09-28T00:00:39.495+0000] {processor.py:799} INFO - Processing file /opt/airflow/dags/01_ingestion.py for tasks to queue
[2026-09-28T00:00:39.496+0000] {logging_mixin.py:149} INFO - [2026-09-28T00:00:39.495+0000] {dagbag.py:541} INFO - Filling up the DagBag from /opt/airflow/dags/01_ingestion.py
[2026-09-28T00:00:39.516+0000] {processor.py:809} INFO - DAG(s) dict_keys(['01_ingestion']) retrieved from /opt/airflow/dags/01_ingestion.py
[2026-09-28T00:00:39.560+0000] {logging_mixin.py:149} INFO - [2026-09-28T00:00:39.560+0000] {dag.py:2726} INFO - Sync 1 DAGs
[2026-09-28T00:00:39.614+0000] {logging_mixin.py:149} INFO - [2026-09-28T00:00:39.613+0000] {dag.py:3490} INFO - Setting next_dagrun for 01_ingestion to 2026-09-27T23:55:00+00:00, run_after=2026-09-28T00:00:00+00:00
[2026-09-28T00:00:39.647+0000] {processor.py:178} INFO - Processing /opt/airflow/dags/01_ingestion.py took 0.160 seconds
[2026-09-28T00:01:10.293+0000] {processor.py:156} INFO - Started process (PID=26807) to work on /opt/airflow/dags/01_ingestion.py
[2026-09-28T00:01:10.295+0000] {processor.py:799} INFO - Processing file /opt/airflow/dags/01_ingestion.py for tasks to queue
[2026-09-28T00:01:10.296+0000] {logging_mixin.py:149} INFO - [2026-09-28T00:01:10.296+0000] {dagbag.py:541} INFO - Filling up the DagBag from /opt/airflow/dags/01_ingestion.py
[2026-09-28T00:01:10.314+0000] {processor.py:809} INFO - DAG(s) dict_keys(['01_ingestion']) retrieved from /opt/airflow/dags/01_ingestion.py
[2026-09-28T00:01:10.362+0000] {logging_mixin.py:149} INFO - [2026-09-28T00:01:10.362+0000] {dag.py:2726} INFO - Sync 1 DAGs
[2026-09-28T00:01:10.424+0000] {logging_mixin.py:149} INFO - [2026-09-28T00:01:10.423+0000] {dag.py:3490} INFO - Setting next_dagrun for 01_ingestion to 2026-09-27T23:55:00+00:00, run_after=2026-09-28T00:00:00+00:00
[2026-09-28T00:01:10.457+0000] {processor.py:178} INFO - Processing /opt/airflow/dags/01_ingestion.py took 0.170 seconds
[2026-09-28T00:01:40.548+0000] {processor.py:156} INFO - Started process (PID=26865) to work on /opt/airflow/dags/01_ingestion.py
[2026-09-28T00:01:40.549+0000] {processor.py:799} INFO - Processing file /opt/airflow/dags/01_ingestion.py for tasks to queue
[2026-09-28T00:01:40.550+0000] {logging_mixin.py:149} INFO - [2026-09-28T00:01:40.550+0000] {dagbag.py:541} INFO - Filling up the DagBag from /opt/airflow/dags/01_ingestion.py
[2026-09-28T00:01:40.571+0000] {processor.py:809} INFO - DAG(s) dict_keys(['01_ingestion']) retrieved from /opt/airflow/dags/01_ingestion.py
[2026-09-28T00:01:40.624+0000] {logging_mixin.py:149} INFO - [2026-09-28T00:01:40.623+0000] {dag.py:2726} INFO - Sync 1 DAGs
[2026-09-28T00:01:40.685+0000] {logging_mixin.py:149} INFO - [2026-09-28T00:01:40.685+0000] {dag.py:3490} INFO - Setting next_dagrun for 01_ingestion to 2026-09-27T23:55:00+00:00, run_after=2026-09-28T00:00:00+00:00
[2026-09-28T00:01:40.715+0000] {processor.py:178} INFO - Processing /opt/airflow/dags/01_ingestion.py took 0.174 seconds
[2026-09-28T00:02:10.926+0000] {processor.py:156} INFO - Started process (PID=26923) to work on /opt/airflow/dags/01_ingestion.py
[2026-09-28T00:02:10.929+0000] {processor.py:799} INFO - Processing file /opt/airflow/dags/01_ingestion.py for tasks to queue
[2026-09-28T00:02:10.931+0000] {logging_mixin.py:149} INFO - [2026-09-28T00:02:10.930+0000] {dagbag.py:541} INFO - Filling up the DagBag from /opt/airflow/dags/01_ingestion.py
[2026-09-28T00:02:10.951+0000] {processor.py:809} INFO - DAG(s) dict_keys(['01_ingestion']) retrieved from /opt/airflow/dags/01_ingestion.py
[2026-09-28T00:02:10.998+0000] {logging_mixin.py:149} INFO - [2026-09-28T00:02:10.998+0000] {dag.py:2726} INFO - Sync 1 DAGs
[2026-09-28T00:02:11.052+0000] {logging_mixin.py:149} INFO - [2026-09-28T00:02:11.052+0000] {dag.py:3490} INFO - Setting next_dagrun for 01_ingestion to 2026-09-27T23:55:00+00:00, run_after=2026-09-28T00:00:00+00:00
[2026-09-28T00:02:11.085+0000] {processor.py:178} INFO - Processing /opt/airflow/dags/01_ingestion.py took 0.166 seconds
[2026-09-28T00:02:41.270+0000] {processor.py:156} INFO - Started process (PID=26980) to work on /opt/airflow/dags/01_ingestion.py
[2026-09-28T00:02:41.271+0000] {processor.py:799} INFO - Processing file /opt/airflow/dags/01_ingestion.py for tasks to queue
[2026-09-28T00:02:41.272+0000] {logging_mixin.py:149} INFO - [2026-09-28T00:02:41.272+0000] {dagbag.py:541} INFO - Filling up the DagBag from /opt/airflow/dags/01_ingestion.py
[2026-09-28T00:02:41.290+0000] {processor.py:809} INFO - DAG(s) dict_keys(['01_ingestion']) retrieved from /opt/airflow/dags/01_ingestion.py
[2026-09-28T00:02:41.334+0000] {logging_mixin.py:149} INFO - [2026-09-28T00:02:41.334+0000] {dag.py:2726} INFO - Sync 1 DAGs
[2026-09-28T00:02:41.383+0000] {logging_mixin.py:149} INFO - [2026-09-28T00:02:41.382+0000] {dag.py:3490} INFO - Setting next_dagrun for 01_ingestion to 2026-09-27T23:55:00+00:00, run_after=2026-09-28T00:00:00+00:00
[2026-09-28T00:02:41.422+0000] {processor.py:178} INFO - Processing /opt/airflow/dags/01_ingestion.py took 0.160 seconds
[2026-09-28T00:03:11.621+0000] {processor.py:156} INFO - Started process (PID=27038) to work on /opt/airflow/dags/01_ingestion.py
[2026-09-28T00:03:11.623+0000] {processor.py:799} INFO - Processing file /opt/airflow/dags/01_ingestion.py for tasks to queue
[2026-09-28T00:03:11.624+0000] {logging_mixin.py:149} INFO - [2026-09-28T00:03:11.624+0000] {dagbag.py:541} INFO - Filling up the DagBag from /opt/airflow/dags/01_ingestion.py
[2026-09-28T00:03:11.641+0000] {processor.py:809} INFO - DAG(s) dict_keys(['01_ingestion']) retrieved from /opt/airflow/dags/01_ingestion.py
[2026-09-28T00:03:11.682+0000] {logging_mixin.py:149} INFO - [2026-09-28T00:03:11.681+0000] {dag.py:2726} INFO - Sync 1 DAGs
[2026-09-28T00:03:11.738+0000] {logging_mixin.py:149} INFO - [2026-09-28T00:03:11.738+0000] {dag.py:3490} INFO - Setting next_dagrun for 01_ingestion to 2026-09-27T23:55:00+00:00, run_after=2026-09-28T00:00:00+00:00
[2026-09-28T00:03:11.770+0000] {processor.py:178} INFO - Processing /opt/airflow/dags/01_ingestion.py took 0.155 seconds
[2026-09-28T00:03:42.201+0000] {processor.py:156} INFO - Started process (PID=27096) to work on /opt/airflow/dags/01_ingestion.py
[2026-09-28T00:03:42.203+0000] {processor.py:799} INFO - Processing file /opt/airflow/dags/01_ingestion.py for tasks to queue
[2026-09-28T00:03:42.204+0000] {logging_mixin.py:149} INFO - [2026-09-28T00:03:42.204+0000] {dagbag.py:541} INFO - Filling up the DagBag from /opt/airflow/dags/01_ingestion.py
[2026-09-28T00:03:42.219+0000] {processor.py:809} INFO - DAG(s) dict_keys(['01_ingestion']) retrieved from /opt/airflow/dags/01_ingestion.py
[2026-09-28T00:03:42.259+0000] {logging_mixin.py:149} INFO - [2026-09-28T00:03:42.259+0000] {dag.py:2726} INFO - Sync 1 DAGs
[2026-09-28T00:03:42.307+0000] {logging_mixin.py:149} INFO - [2026-09-28T00:03:42.306+0000] {dag.py:3490} INFO - Setting next_dagrun for 01_ingestion to 2026-09-27T23:55:00+00:00, run_after=2026-09-28T00:00:00+00:00
[2026-09-28T00:03:42.336+0000] {processor.py:178} INFO - Processing /opt/airflow/dags/01_ingestion.py took 0.140 seconds
[2026-09-28T00:04:12.495+0000] {processor.py:156} INFO - Started process (PID=27154) to work on /opt/airflow/dags/01_ingestion.py
[2026-09-28T00:04:12.497+0000] {processor.py:799} INFO - Processing file /opt/airflow/dags/01_ingestion.py for tasks to queue
[2026-09-28T00:04:12.498+0000] {logging_mixin.py:149} INFO - [2026-09-28T00:04:12.498+0000] {dagbag.py:541} INFO - Filling up the DagBag from /opt/airflow/dags/01_ingestion.py
[2026-09-28T00:04:12.515+0000] {processor.py:809} INFO - DAG(s) dict_keys(['01_ingestion']) retrieved from /opt/airflow/dags/01_ingestion.py
[2026-09-28T00:04:12.561+0000] {logging_mixin.py:149} INFO - [2026-09-28T00:04:12.560+0000] {dag.py:2726} INFO - Sync 1 DAGs
[2026-09-28T00:04:12.614+0000] {logging_mixin.py:149} INFO - [2026-09-28T00:04:12.614+0000] {dag.py:3490} INFO - Setting next_dagrun for 01_ingestion to 2026-09-27T23:55:00+00:00, run_after=2026-09-28T00:00:00+00:00
[2026-09-28T00:04:12.646+0000] {processor.py:178} INFO - Processing /opt/airflow/dags/01_ingestion.py took 0.159 seconds
[2026-09-28T00:04:33.851+0000] {processor.py:156} INFO - Started process (PID=27177) to work on /opt/airflow/dags/01_ingestion.py
[2026-09-28T00:04:33.866+0000] {processor.py:799} INFO - Processing file /opt/airflow/dags/01_ingestion.py for tasks to queue
[2026-09-28T00:04:33.867+0000] {logging_mixin.py:149} INFO - [2026-09-28T00:04:33.867+0000] {dagbag.py:541} INFO - Filling up the DagBag from /opt/airflow/dags/01_ingestion.py
[2026-09-28T00:04:33.896+0000] {processor.py:809} INFO - DAG(s) dict_keys(['01_ingestion']) retrieved from /opt/airflow/dags/01_ingestion.py
[2026-09-28T00:04:34.018+0000] {logging_mixin.py:149} INFO - [2026-09-28T00:04:34.017+0000] {dag.py:2726} INFO - Sync 1 DAGs
[2026-09-28T00:04:34.062+0000] {logging_mixin.py:149} INFO - [2026-09-28T00:04:34.062+0000] {dag.py:3490} INFO - Setting next_dagrun for 01_ingestion to 2026-09-27T23:55:00+00:00, run_after=2026-09-28T00:00:00+00:00
[2026-09-28T00:04:34.101+0000] {processor.py:178} INFO - Processing /opt/airflow/dags/01_ingestion.py took 0.257 seconds
[2026-09-28T00:05:05.067+0000] {processor.py:156} INFO - Started process (PID=27235) to work on /opt/airflow/dags/01_ingestion.py
[2026-09-28T00:05:05.083+0000] {processor.py:799} INFO - Processing file /opt/airflow/dags/01_ingestion.py for tasks to queue
[2026-09-28T00:05:05.084+0000] {logging_mixin.py:149} INFO - [2026-09-28T00:05:05.084+0000] {dagbag.py:541} INFO - Filling up the DagBag from /opt/airflow/dags/01_ingestion.py
[2026-09-28T00:05:05.105+0000] {processor.py:809} INFO - DAG(s) dict_keys(['01_ingestion']) retrieved from /opt/airflow/dags/01_ingestion.py
[2026-09-28T00:05:05.156+0000] {logging_mixin.py:149} INFO - [2026-09-28T00:05:05.156+0000] {dag.py:2726} INFO - Sync 1 DAGs
[2026-09-28T00:05:05.210+0000] {logging_mixin.py:149} INFO - [2026-09-28T00:05:05.210+0000] {dag.py:3490} INFO - Setting next_dagrun for 01_ingestion to 2026-09-28T00:00:00+00:00, run_after=2026-09-28T00:05:00+00:00
[2026-09-28T00:05:05.241+0000] {processor.py:178} INFO - Processing /opt/airflow/dags/01_ingestion.py took 0.181 seconds
[2026-09-28T00:05:35.639+0000] {processor.py:156} INFO - Started process (PID=27290) to work on /opt/airflow/dags/01_ingestion.py
[2026-09-28T00:05:35.641+0000] {processor.py:799} INFO - Processing file /opt/airflow/dags/01_ingestion.py for tasks to queue
[2026-09-28T00:05:35.642+0000] {logging_mixin.py:149} INFO - [2026-09-28T00:05:35.641+0000] {dagbag.py:541} INFO - Filling up the DagBag from /opt/airflow/dags/01_ingestion.py
[2026-09-28T00:05:35.659+0000] {processor.py:809} INFO - DAG(s) dict_keys(['01_ingestion']) retrieved from /opt/airflow/dags/01_ingestion.py
[2026-09-28T00:05:35.705+0000] {logging_mixin.py:149} INFO - [2026-09-28T00:05:35.705+0000] {dag.py:2726} INFO - Sync 1 DAGs
[2026-09-28T00:05:35.758+0000] {logging_mixin.py:149} INFO - [2026-09-28T00:05:35.758+0000] {dag.py:3490} INFO - Setting next_dagrun for 01_ingestion to 2026-09-28T00:00:00+00:00, run_after=2026-09-28T00:05:00+00:00
[2026-09-28T00:05:35.799+0000] {processor.py:178} INFO - Processing /opt/airflow/dags/01_ingestion.py took 0.166 seconds
[2026-09-28T00:06:06.200+0000] {processor.py:156} INFO - Started process (PID=27346) to work on /opt/airflow/dags/01_ingestion.py
[2026-09-28T00:06:06.203+0000] {processor.py:799} INFO - Processing file /opt/airflow/dags/01_ingestion.py for tasks to queue
[2026-09-28T00:06:06.204+0000] {logging_mixin.py:149} INFO - [2026-09-28T00:06:06.204+0000] {dagbag.py:541} INFO - Filling up the DagBag from /opt/airflow/dags/01_ingestion.py
[2026-09-28T00:06:06.224+0000] {processor.py:809} INFO - DAG(s) dict_keys(['01_ingestion']) retrieved from /opt/airflow/dags/01_ingestion.py
[2026-09-28T00:06:06.274+0000] {logging_mixin.py:149} INFO - [2026-09-28T00:06:06.274+0000] {dag.py:2726} INFO - Sync 1 DAGs
[2026-09-28T00:06:06.339+0000] {logging_mixin.py:149} INFO - [2026-09-28T00:06:06.339+0000] {dag.py:3490} INFO - Setting next_dagrun for 01_ingestion to 2026-09-28T00:00:00+00:00, run_after=2026-09-28T00:05:00+00:00
[2026-09-28T00:06:06.381+0000] {processor.py:178} INFO - Processing /opt/airflow/dags/01_ingestion.py took 0.188 seconds
[2026-09-28T00:06:36.448+0000] {processor.py:156} INFO - Started process (PID=27415) to work on /opt/airflow/dags/01_ingestion.py
[2026-09-28T00:06:36.450+0000] {processor.py:799} INFO - Processing file /opt/airflow/dags/01_ingestion.py for tasks to queue
[2026-09-28T00:06:36.451+0000] {logging_mixin.py:149} INFO - [2026-09-28T00:06:36.451+0000] {dagbag.py:541} INFO - Filling up the DagBag from /opt/airflow/dags/01_ingestion.py
[2026-09-28T00:06:36.469+0000] {processor.py:809} INFO - DAG(s) dict_keys(['01_ingestion']) retrieved from /opt/airflow/dags/01_ingestion.py
[2026-09-28T00:06:36.517+0000] {logging_mixin.py:149} INFO - [2026-09-28T00:06:36.517+0000] {dag.py:2726} INFO - Sync 1 DAGs
[2026-09-28T00:06:36.569+0000] {logging_mixin.py:149} INFO - [2026-09-28T00:06:36.569+0000] {dag.py:3490} INFO - Setting next_dagrun for 01_ingestion to 2026-09-28T00:00:00+00:00, run_after=2026-09-28T00:05:00+00:00
[2026-09-28T00:06:36.607+0000] {processor.py:178} INFO - Processing /opt/airflow/dags/01_ingestion.py took 0.165 seconds
[2026-09-28T00:07:06.837+0000] {processor.py:156} INFO - Started process (PID=27481) to work on /opt/airflow/dags/01_ingestion.py
[2026-09-28T00:07:06.840+0000] {processor.py:799} INFO - Processing file /opt/airflow/dags/01_ingestion.py for tasks to queue
[2026-09-28T00:07:06.842+0000] {logging_mixin.py:149} INFO - [2026-09-28T00:07:06.841+0000] {dagbag.py:541} INFO - Filling up the DagBag from /opt/airflow/dags/01_ingestion.py
[2026-09-28T00:07:06.862+0000] {processor.py:809} INFO - DAG(s) dict_keys(['01_ingestion']) retrieved from /opt/airflow/dags/01_ingestion.py
[2026-09-28T00:07:06.909+0000] {logging_mixin.py:149} INFO - [2026-09-28T00:07:06.909+0000] {dag.py:2726} INFO - Sync 1 DAGs
[2026-09-28T00:07:06.962+0000] {logging_mixin.py:149} INFO - [2026-09-28T00:07:06.962+0000] {dag.py:3490} INFO - Setting next_dagrun for 01_ingestion to 2026-09-28T00:00:00+00:00, run_after=2026-09-28T00:05:00+00:00
[2026-09-28T00:07:06.993+0000] {processor.py:178} INFO - Processing /opt/airflow/dags/01_ingestion.py took 0.164 seconds
[2026-09-28T00:07:37.194+0000] {processor.py:156} INFO - Started process (PID=27547) to work on /opt/airflow/dags/01_ingestion.py
[2026-09-28T00:07:37.195+0000] {processor.py:799} INFO - Processing file /opt/airflow/dags/01_ingestion.py for tasks to queue
[2026-09-28T00:07:37.197+0000] {logging_mixin.py:149} INFO - [2026-09-28T00:07:37.197+0000] {dagbag.py:541} INFO - Filling up the DagBag from /opt/airflow/dags/01_ingestion.py
[2026-09-28T00:07:37.219+0000] {processor.py:809} INFO - DAG(s) dict_keys(['01_ingestion']) retrieved from /opt/airflow/dags/01_ingestion.py
[2026-09-28T00:07:37.265+0000] {logging_mixin.py:149} INFO - [2026-09-28T00:07:37.265+0000] {dag.py:2726} INFO - Sync 1 DAGs
[2026-09-28T00:07:37.321+0000] {logging_mixin.py:149} INFO - [2026-09-28T00:07:37.321+0000] {dag.py:3490} INFO - Setting next_dagrun for 01_ingestion to 2026-09-28T00:05:00+00:00, run_after=2026-09-28T00:10:00+00:00
[2026-09-28T00:07:37.357+0000] {processor.py:178} INFO - Processing /opt/airflow/dags/01_ingestion.py took 0.170 seconds
[2026-09-28T00:08:07.936+0000] {processor.py:156} INFO - Started process (PID=27605) to work on /opt/airflow/dags/01_ingestion.py
[2026-09-28T00:08:07.938+0000] {processor.py:799} INFO - Processing file /opt/airflow/dags/01_ingestion.py for tasks to queue
[2026-09-28T00:08:07.939+0000] {logging_mixin.py:149} INFO - [2026-09-28T00:08:07.939+0000] {dagbag.py:541} INFO - Filling up the DagBag from /opt/airflow/dags/01_ingestion.py
[2026-09-28T00:08:07.956+0000] {processor.py:809} INFO - DAG(s) dict_keys(['01_ingestion']) retrieved from /opt/airflow/dags/01_ingestion.py
[2026-09-28T00:08:07.997+0000] {logging_mixin.py:149} INFO - [2026-09-28T00:08:07.996+0000] {dag.py:2726} INFO - Sync 1 DAGs
[2026-09-28T00:08:08.051+0000] {logging_mixin.py:149} INFO - [2026-09-28T00:08:08.050+0000] {dag.py:3490} INFO - Setting next_dagrun for 01_ingestion to 2026-09-28T00:05:00+00:00, run_after=2026-09-28T00:10:00+00:00
[2026-09-28T00:08:08.082+0000] {processor.py:178} INFO - Processing /opt/airflow/dags/01_ingestion.py took 0.152 seconds
[2026-09-28T00:08:38.352+0000] {processor.py:156} INFO - Started process (PID=27663) to work on /opt/airflow/dags/01_ingestion.py
[2026-09-28T00:08:38.354+0000] {processor.py:799} INFO - Processing file /opt/airflow/dags/01_ingestion.py for tasks to queue
[2026-09-28T00:08:38.355+0000] {logging_mixin.py:149} INFO - [2026-09-28T00:08:38.355+0000] {dagbag.py:541} INFO - Filling up the DagBag from /opt/airflow/dags/01_ingestion.py
[2026-09-28T00:08:38.378+0000] {processor.py:809} INFO - DAG(s) dict_keys(['01_ingestion']) retrieved from /opt/airflow/dags/01_ingestion.py
[2026-09-28T00:08:38.430+0000] {logging_mixin.py:149} INFO - [2026-09-28T00:08:38.430+0000] {dag.py:2726} INFO - Sync 1 DAGs
[2026-09-28T00:08:38.483+0000] {logging_mixin.py:149} INFO - [2026-09-28T00:08:38.483+0000] {dag.py:3490} INFO - Setting next_dagrun for 01_ingestion to 2026-09-28T00:05:00+00:00, run_after=2026-09-28T00:10:00+00:00
[2026-09-28T00:08:38.517+0000] {processor.py:178} INFO - Processing /opt/airflow/dags/01_ingestion.py took 0.172 seconds
[2026-09-28T00:09:09.131+0000] {processor.py:156} INFO - Started process (PID=27721) to work on /opt/airflow/dags/01_ingestion.py
[2026-09-28T00:09:09.140+0000] {processor.py:799} INFO - Processing file /opt/airflow/dags/01_ingestion.py for tasks to queue
[2026-09-28T00:09:09.142+0000] {logging_mixin.py:149} INFO - [2026-09-28T00:09:09.141+0000] {dagbag.py:541} INFO - Filling up the DagBag from /opt/airflow/dags/01_ingestion.py
[2026-09-28T00:09:09.162+0000] {processor.py:809} INFO - DAG(s) dict_keys(['01_ingestion']) retrieved from /opt/airflow/dags/01_ingestion.py
[2026-09-28T00:09:09.210+0000] {logging_mixin.py:149} INFO - [2026-09-28T00:09:09.210+0000] {dag.py:2726} INFO - Sync 1 DAGs
[2026-09-28T00:09:09.259+0000] {logging_mixin.py:149} INFO - [2026-09-28T00:09:09.259+0000] {dag.py:3490} INFO - Setting next_dagrun for 01_ingestion to 2026-09-28T00:05:00+00:00, run_after=2026-09-28T00:10:00+00:00
[2026-09-28T00:09:09.288+0000] {processor.py:178} INFO - Processing /opt/airflow/dags/01_ingestion.py took 0.165 seconds
[2026-09-28T00:09:39.429+0000] {processor.py:156} INFO - Started process (PID=27779) to work on /opt/airflow/dags/01_ingestion.py
[2026-09-28T00:09:39.430+0000] {processor.py:799} INFO - Processing file /opt/airflow/dags/01_ingestion.py for tasks to queue
[2026-09-28T00:09:39.432+0000] {logging_mixin.py:149} INFO - [2026-09-28T00:09:39.432+0000] {dagbag.py:541} INFO - Filling up the DagBag from /opt/airflow/dags/01_ingestion.py
[2026-09-28T00:09:39.455+0000] {processor.py:809} INFO - DAG(s) dict_keys(['01_ingestion']) retrieved from /opt/airflow/dags/01_ingestion.py
[2026-09-28T00:09:39.507+0000] {logging_mixin.py:149} INFO - [2026-09-28T00:09:39.507+0000] {dag.py:2726} INFO - Sync 1 DAGs
[2026-09-28T00:09:39.564+0000] {logging_mixin.py:149} INFO - [2026-09-28T00:09:39.564+0000] {dag.py:3490} INFO - Setting next_dagrun for 01_ingestion to 2026-09-28T00:05:00+00:00, run_after=2026-09-28T00:10:00+00:00
[2026-09-28T00:09:39.601+0000] {processor.py:178} INFO - Processing /opt/airflow/dags/01_ingestion.py took 0.180 seconds
[2026-09-28T00:10:10.639+0000] {processor.py:156} INFO - Started process (PID=27837) to work on /opt/airflow/dags/01_ingestion.py
[2026-09-28T00:10:10.640+0000] {processor.py:799} INFO - Processing file /opt/airflow/dags/01_ingestion.py for tasks to queue
[2026-09-28T00:10:10.641+0000] {logging_mixin.py:149} INFO - [2026-09-28T00:10:10.641+0000] {dagbag.py:541} INFO - Filling up the DagBag from /opt/airflow/dags/01_ingestion.py
[2026-09-28T00:10:10.660+0000] {processor.py:809} INFO - DAG(s) dict_keys(['01_ingestion']) retrieved from /opt/airflow/dags/01_ingestion.py
[2026-09-28T00:10:10.714+0000] {logging_mixin.py:149} INFO - [2026-09-28T00:10:10.713+0000] {dag.py:2726} INFO - Sync 1 DAGs
[2026-09-28T00:10:10.769+0000] {logging_mixin.py:149} INFO - [2026-09-28T00:10:10.769+0000] {dag.py:3490} INFO - Setting next_dagrun for 01_ingestion to 2026-09-28T00:10:00+00:00, run_after=2026-09-28T00:15:00+00:00
[2026-09-28T00:10:10.800+0000] {processor.py:178} INFO - Processing /opt/airflow/dags/01_ingestion.py took 0.168 seconds
[2026-09-28T00:10:41.050+0000] {processor.py:156} INFO - Started process (PID=27895) to work on /opt/airflow/dags/01_ingestion.py
[2026-09-28T00:10:41.051+0000] {processor.py:799} INFO - Processing file /opt/airflow/dags/01_ingestion.py for tasks to queue
[2026-09-28T00:10:41.052+0000] {logging_mixin.py:149} INFO - [2026-09-28T00:10:41.052+0000] {dagbag.py:541} INFO - Filling up the DagBag from /opt/airflow/dags/01_ingestion.py
[2026-09-28T00:10:41.071+0000] {processor.py:809} INFO - DAG(s) dict_keys(['01_ingestion']) retrieved from /opt/airflow/dags/01_ingestion.py
[2026-09-28T00:10:41.123+0000] {logging_mixin.py:149} INFO - [2026-09-28T00:10:41.123+0000] {dag.py:2726} INFO - Sync 1 DAGs
[2026-09-28T00:10:41.179+0000] {logging_mixin.py:149} INFO - [2026-09-28T00:10:41.179+0000] {dag.py:3490} INFO - Setting next_dagrun for 01_ingestion to 2026-09-28T00:10:00+00:00, run_after=2026-09-28T00:15:00+00:00
[2026-09-28T00:10:41.211+0000] {processor.py:178} INFO - Processing /opt/airflow/dags/01_ingestion.py took 0.167 seconds
[2026-09-28T00:11:11.661+0000] {processor.py:156} INFO - Started process (PID=27953) to work on /opt/airflow/dags/01_ingestion.py
[2026-09-28T00:11:11.664+0000] {processor.py:799} INFO - Processing file /opt/airflow/dags/01_ingestion.py for tasks to queue
[2026-09-28T00:11:11.665+0000] {logging_mixin.py:149} INFO - [2026-09-28T00:11:11.664+0000] {dagbag.py:541} INFO - Filling up the DagBag from /opt/airflow/dags/01_ingestion.py
[2026-09-28T00:11:11.684+0000] {processor.py:809} INFO - DAG(s) dict_keys(['01_ingestion']) retrieved from /opt/airflow/dags/01_ingestion.py
[2026-09-28T00:11:11.729+0000] {logging_mixin.py:149} INFO - [2026-09-28T00:11:11.728+0000] {dag.py:2726} INFO - Sync 1 DAGs
[2026-09-28T00:11:11.781+0000] {logging_mixin.py:149} INFO - [2026-09-28T00:11:11.780+0000] {dag.py:3490} INFO - Setting next_dagrun for 01_ingestion to 2026-09-28T00:10:00+00:00, run_after=2026-09-28T00:15:00+00:00
[2026-09-28T00:11:11.811+0000] {processor.py:178} INFO - Processing /opt/airflow/dags/01_ingestion.py took 0.157 seconds
[2026-09-28T00:11:42.502+0000] {processor.py:156} INFO - Started process (PID=28011) to work on /opt/airflow/dags/01_ingestion.py
[2026-09-28T00:11:42.504+0000] {processor.py:799} INFO - Processing file /opt/airflow/dags/01_ingestion.py for tasks to queue
[2026-09-28T00:11:42.504+0000] {logging_mixin.py:149} INFO - [2026-09-28T00:11:42.504+0000] {dagbag.py:541} INFO - Filling up the DagBag from /opt/airflow/dags/01_ingestion.py
[2026-09-28T00:11:42.522+0000] {processor.py:809} INFO - DAG(s) dict_keys(['01_ingestion']) retrieved from /opt/airflow/dags/01_ingestion.py
[2026-09-28T00:11:42.571+0000] {logging_mixin.py:149} INFO - [2026-09-28T00:11:42.571+0000] {dag.py:2726} INFO - Sync 1 DAGs
[2026-09-28T00:11:42.624+0000] {logging_mixin.py:149} INFO - [2026-09-28T00:11:42.624+0000] {dag.py:3490} INFO - Setting next_dagrun for 01_ingestion to 2026-09-28T00:10:00+00:00, run_after=2026-09-28T00:15:00+00:00
[2026-09-28T00:11:42.655+0000] {processor.py:178} INFO - Processing /opt/airflow/dags/01_ingestion.py took 0.158 seconds
[2026-09-28T00:12:13.242+0000] {processor.py:156} INFO - Started process (PID=28069) to work on /opt/airflow/dags/01_ingestion.py
[2026-09-28T00:12:13.246+0000] {processor.py:799} INFO - Processing file /opt/airflow/dags/01_ingestion.py for tasks to queue
[2026-09-28T00:12:13.247+0000] {logging_mixin.py:149} INFO - [2026-09-28T00:12:13.246+0000] {dagbag.py:541} INFO - Filling up the DagBag from /opt/airflow/dags/01_ingestion.py
[2026-09-28T00:12:13.264+0000] {processor.py:809} INFO - DAG(s) dict_keys(['01_ingestion']) retrieved from /opt/airflow/dags/01_ingestion.py
[2026-09-28T00:12:13.309+0000] {logging_mixin.py:149} INFO - [2026-09-28T00:12:13.308+0000] {dag.py:2726} INFO - Sync 1 DAGs
[2026-09-28T00:12:13.359+0000] {logging_mixin.py:149} INFO - [2026-09-28T00:12:13.359+0000] {dag.py:3490} INFO - Setting next_dagrun for 01_ingestion to 2026-09-28T00:10:00+00:00, run_after=2026-09-28T00:15:00+00:00
[2026-09-28T00:12:13.390+0000] {processor.py:178} INFO - Processing /opt/airflow/dags/01_ingestion.py took 0.155 seconds
[2026-09-28T00:12:43.847+0000] {processor.py:156} INFO - Started process (PID=28127) to work on /opt/airflow/dags/01_ingestion.py
[2026-09-28T00:12:43.849+0000] {processor.py:799} INFO - Processing file /opt/airflow/dags/01_ingestion.py for tasks to queue
[2026-09-28T00:12:43.849+0000] {logging_mixin.py:149} INFO - [2026-09-28T00:12:43.849+0000] {dagbag.py:541} INFO - Filling up the DagBag from /opt/airflow/dags/01_ingestion.py
[2026-09-28T00:12:43.867+0000] {processor.py:809} INFO - DAG(s) dict_keys(['01_ingestion']) retrieved from /opt/airflow/dags/01_ingestion.py
[2026-09-28T00:12:43.912+0000] {logging_mixin.py:149} INFO - [2026-09-28T00:12:43.912+0000] {dag.py:2726} INFO - Sync 1 DAGs
[2026-09-28T00:12:43.973+0000] {logging_mixin.py:149} INFO - [2026-09-28T00:12:43.972+0000] {dag.py:3490} INFO - Setting next_dagrun for 01_ingestion to 2026-09-28T00:10:00+00:00, run_after=2026-09-28T00:15:00+00:00
[2026-09-28T00:12:44.008+0000] {processor.py:178} INFO - Processing /opt/airflow/dags/01_ingestion.py took 0.166 seconds
[2026-09-28T00:13:14.288+0000] {processor.py:156} INFO - Started process (PID=28193) to work on /opt/airflow/dags/01_ingestion.py
[2026-09-28T00:13:14.290+0000] {processor.py:799} INFO - Processing file /opt/airflow/dags/01_ingestion.py for tasks to queue
[2026-09-28T00:13:14.291+0000] {logging_mixin.py:149} INFO - [2026-09-28T00:13:14.291+0000] {dagbag.py:541} INFO - Filling up the DagBag from /opt/airflow/dags/01_ingestion.py
[2026-09-28T00:13:14.311+0000] {processor.py:809} INFO - DAG(s) dict_keys(['01_ingestion']) retrieved from /opt/airflow/dags/01_ingestion.py
[2026-09-28T00:13:14.357+0000] {logging_mixin.py:149} INFO - [2026-09-28T00:13:14.357+0000] {dag.py:2726} INFO - Sync 1 DAGs
[2026-09-28T00:13:14.414+0000] {logging_mixin.py:149} INFO - [2026-09-28T00:13:14.414+0000] {dag.py:3490} INFO - Setting next_dagrun for 01_ingestion to 2026-09-28T00:10:00+00:00, run_after=2026-09-28T00:15:00+00:00
[2026-09-28T00:13:14.635+0000] {processor.py:178} INFO - Processing /opt/airflow/dags/01_ingestion.py took 0.359 seconds
[2026-09-28T00:13:44.844+0000] {processor.py:156} INFO - Started process (PID=28267) to work on /opt/airflow/dags/01_ingestion.py
[2026-09-28T00:13:44.845+0000] {processor.py:799} INFO - Processing file /opt/airflow/dags/01_ingestion.py for tasks to queue
[2026-09-28T00:13:44.847+0000] {logging_mixin.py:149} INFO - [2026-09-28T00:13:44.846+0000] {dagbag.py:541} INFO - Filling up the DagBag from /opt/airflow/dags/01_ingestion.py
[2026-09-28T00:13:44.866+0000] {processor.py:809} INFO - DAG(s) dict_keys(['01_ingestion']) retrieved from /opt/airflow/dags/01_ingestion.py
[2026-09-28T00:13:44.917+0000] {logging_mixin.py:149} INFO - [2026-09-28T00:13:44.917+0000] {dag.py:2726} INFO - Sync 1 DAGs
[2026-09-28T00:13:44.968+0000] {logging_mixin.py:149} INFO - [2026-09-28T00:13:44.968+0000] {dag.py:3490} INFO - Setting next_dagrun for 01_ingestion to 2026-09-28T00:10:00+00:00, run_after=2026-09-28T00:15:00+00:00
[2026-09-28T00:13:45.251+0000] {processor.py:178} INFO - Processing /opt/airflow/dags/01_ingestion.py took 0.414 seconds
[2026-09-28T00:14:15.551+0000] {processor.py:156} INFO - Started process (PID=28325) to work on /opt/airflow/dags/01_ingestion.py
[2026-09-28T00:14:15.554+0000] {processor.py:799} INFO - Processing file /opt/airflow/dags/01_ingestion.py for tasks to queue
[2026-09-28T00:14:15.555+0000] {logging_mixin.py:149} INFO - [2026-09-28T00:14:15.554+0000] {dagbag.py:541} INFO - Filling up the DagBag from /opt/airflow/dags/01_ingestion.py
[2026-09-28T00:14:15.572+0000] {processor.py:809} INFO - DAG(s) dict_keys(['01_ingestion']) retrieved from /opt/airflow/dags/01_ingestion.py
[2026-09-28T00:14:15.614+0000] {logging_mixin.py:149} INFO - [2026-09-28T00:14:15.613+0000] {dag.py:2726} INFO - Sync 1 DAGs
[2026-09-28T00:14:15.664+0000] {logging_mixin.py:149} INFO - [2026-09-28T00:14:15.664+0000] {dag.py:3490} INFO - Setting next_dagrun for 01_ingestion to 2026-09-28T00:10:00+00:00, run_after=2026-09-28T00:15:00+00:00
[2026-09-28T00:14:15.884+0000] {processor.py:178} INFO - Processing /opt/airflow/dags/01_ingestion.py took 0.339 seconds
[2026-09-28T00:14:45.960+0000] {processor.py:156} INFO - Started process (PID=28382) to work on /opt/airflow/dags/01_ingestion.py
[2026-09-28T00:14:45.962+0000] {processor.py:799} INFO - Processing file /opt/airflow/dags/01_ingestion.py for tasks to queue
[2026-09-28T00:14:45.963+0000] {logging_mixin.py:149} INFO - [2026-09-28T00:14:45.963+0000] {dagbag.py:541} INFO - Filling up the DagBag from /opt/airflow/dags/01_ingestion.py
[2026-09-28T00:14:45.983+0000] {processor.py:809} INFO - DAG(s) dict_keys(['01_ingestion']) retrieved from /opt/airflow/dags/01_ingestion.py
[2026-09-28T00:14:46.029+0000] {logging_mixin.py:149} INFO - [2026-09-28T00:14:46.028+0000] {dag.py:2726} INFO - Sync 1 DAGs
[2026-09-28T00:14:46.075+0000] {logging_mixin.py:149} INFO - [2026-09-28T00:14:46.075+0000] {dag.py:3490} INFO - Setting next_dagrun for 01_ingestion to 2026-09-28T00:10:00+00:00, run_after=2026-09-28T00:15:00+00:00
[2026-09-28T00:14:46.293+0000] {processor.py:178} INFO - Processing /opt/airflow/dags/01_ingestion.py took 0.339 seconds
[2026-09-28T00:15:16.414+0000] {processor.py:156} INFO - Started process (PID=28440) to work on /opt/airflow/dags/01_ingestion.py
[2026-09-28T00:15:16.417+0000] {processor.py:799} INFO - Processing file /opt/airflow/dags/01_ingestion.py for tasks to queue
[2026-09-28T00:15:16.419+0000] {logging_mixin.py:149} INFO - [2026-09-28T00:15:16.419+0000] {dagbag.py:541} INFO - Filling up the DagBag from /opt/airflow/dags/01_ingestion.py
[2026-09-28T00:15:16.441+0000] {processor.py:809} INFO - DAG(s) dict_keys(['01_ingestion']) retrieved from /opt/airflow/dags/01_ingestion.py
[2026-09-28T00:15:16.488+0000] {logging_mixin.py:149} INFO - [2026-09-28T00:15:16.487+0000] {dag.py:2726} INFO - Sync 1 DAGs
[2026-09-28T00:15:16.538+0000] {logging_mixin.py:149} INFO - [2026-09-28T00:15:16.538+0000] {dag.py:3490} INFO - Setting next_dagrun for 01_ingestion to 2026-09-28T00:15:00+00:00, run_after=2026-09-28T00:20:00+00:00
[2026-09-28T00:15:16.570+0000] {processor.py:178} INFO - Processing /opt/airflow/dags/01_ingestion.py took 0.163 seconds
[2026-09-28T00:15:47.077+0000] {processor.py:156} INFO - Started process (PID=28498) to work on /opt/airflow/dags/01_ingestion.py
[2026-09-28T00:15:47.078+0000] {processor.py:799} INFO - Processing file /opt/airflow/dags/01_ingestion.py for tasks to queue
[2026-09-28T00:15:47.080+0000] {logging_mixin.py:149} INFO - [2026-09-28T00:15:47.080+0000] {dagbag.py:541} INFO - Filling up the DagBag from /opt/airflow/dags/01_ingestion.py
[2026-09-28T00:15:47.104+0000] {processor.py:809} INFO - DAG(s) dict_keys(['01_ingestion']) retrieved from /opt/airflow/dags/01_ingestion.py
[2026-09-28T00:15:47.190+0000] {logging_mixin.py:149} INFO - [2026-09-28T00:15:47.190+0000] {dag.py:2726} INFO - Sync 1 DAGs
[2026-09-28T00:15:47.244+0000] {logging_mixin.py:149} INFO - [2026-09-28T00:15:47.244+0000] {dag.py:3490} INFO - Setting next_dagrun for 01_ingestion to 2026-09-28T00:15:00+00:00, run_after=2026-09-28T00:20:00+00:00
[2026-09-28T00:15:47.278+0000] {processor.py:178} INFO - Processing /opt/airflow/dags/01_ingestion.py took 0.211 seconds
[2026-09-28T00:16:17.629+0000] {processor.py:156} INFO - Started process (PID=28556) to work on /opt/airflow/dags/01_ingestion.py
[2026-09-28T00:16:17.632+0000] {processor.py:799} INFO - Processing file /opt/airflow/dags/01_ingestion.py for tasks to queue
[2026-09-28T00:16:17.634+0000] {logging_mixin.py:149} INFO - [2026-09-28T00:16:17.634+0000] {dagbag.py:541} INFO - Filling up the DagBag from /opt/airflow/dags/01_ingestion.py
[2026-09-28T00:16:17.655+0000] {processor.py:809} INFO - DAG(s) dict_keys(['01_ingestion']) retrieved from /opt/airflow/dags/01_ingestion.py
[2026-09-28T00:16:17.913+0000] {logging_mixin.py:149} INFO - [2026-09-28T00:16:17.913+0000] {dag.py:2726} INFO - Sync 1 DAGs
[2026-09-28T00:16:17.963+0000] {logging_mixin.py:149} INFO - [2026-09-28T00:16:17.963+0000] {dag.py:3490} INFO - Setting next_dagrun for 01_ingestion to 2026-09-28T00:15:00+00:00, run_after=2026-09-28T00:20:00+00:00
[2026-09-28T00:16:17.996+0000] {processor.py:178} INFO - Processing /opt/airflow/dags/01_ingestion.py took 0.375 seconds
[2026-09-28T00:16:48.182+0000] {processor.py:156} INFO - Started process (PID=28615) to work on /opt/airflow/dags/01_ingestion.py
[2026-09-28T00:16:48.184+0000] {processor.py:799} INFO - Processing file /opt/airflow/dags/01_ingestion.py for tasks to queue
[2026-09-28T00:16:48.185+0000] {logging_mixin.py:149} INFO - [2026-09-28T00:16:48.185+0000] {dagbag.py:541} INFO - Filling up the DagBag from /opt/airflow/dags/01_ingestion.py
[2026-09-28T00:16:48.204+0000] {processor.py:809} INFO - DAG(s) dict_keys(['01_ingestion']) retrieved from /opt/airflow/dags/01_ingestion.py
[2026-09-28T00:16:48.252+0000] {logging_mixin.py:149} INFO - [2026-09-28T00:16:48.251+0000] {dag.py:2726} INFO - Sync 1 DAGs
[2026-09-28T00:16:48.305+0000] {logging_mixin.py:149} INFO - [2026-09-28T00:16:48.305+0000] {dag.py:3490} INFO - Setting next_dagrun for 01_ingestion to 2026-09-28T00:15:00+00:00, run_after=2026-09-28T00:20:00+00:00
[2026-09-28T00:16:48.349+0000] {processor.py:178} INFO - Processing /opt/airflow/dags/01_ingestion.py took 0.175 seconds
[2026-09-28T00:17:18.573+0000] {processor.py:156} INFO - Started process (PID=28675) to work on /opt/airflow/dags/01_ingestion.py
[2026-09-28T00:17:18.575+0000] {processor.py:799} INFO - Processing file /opt/airflow/dags/01_ingestion.py for tasks to queue
[2026-09-28T00:17:18.577+0000] {logging_mixin.py:149} INFO - [2026-09-28T00:17:18.576+0000] {dagbag.py:541} INFO - Filling up the DagBag from /opt/airflow/dags/01_ingestion.py
[2026-09-28T00:17:18.595+0000] {processor.py:809} INFO - DAG(s) dict_keys(['01_ingestion']) retrieved from /opt/airflow/dags/01_ingestion.py
[2026-09-28T00:17:18.638+0000] {logging_mixin.py:149} INFO - [2026-09-28T00:17:18.637+0000] {dag.py:2726} INFO - Sync 1 DAGs
[2026-09-28T00:17:18.688+0000] {logging_mixin.py:149} INFO - [2026-09-28T00:17:18.688+0000] {dag.py:3490} INFO - Setting next_dagrun for 01_ingestion to 2026-09-28T00:15:00+00:00, run_after=2026-09-28T00:20:00+00:00
[2026-09-28T00:17:18.728+0000] {processor.py:178} INFO - Processing /opt/airflow/dags/01_ingestion.py took 0.162 seconds
[2026-09-28T00:17:49.264+0000] {processor.py:156} INFO - Started process (PID=28734) to work on /opt/airflow/dags/01_ingestion.py
[2026-09-28T00:17:49.265+0000] {processor.py:799} INFO - Processing file /opt/airflow/dags/01_ingestion.py for tasks to queue
[2026-09-28T00:17:49.266+0000] {logging_mixin.py:149} INFO - [2026-09-28T00:17:49.266+0000] {dagbag.py:541} INFO - Filling up the DagBag from /opt/airflow/dags/01_ingestion.py
[2026-09-28T00:17:49.285+0000] {processor.py:809} INFO - DAG(s) dict_keys(['01_ingestion']) retrieved from /opt/airflow/dags/01_ingestion.py
[2026-09-28T00:17:49.340+0000] {logging_mixin.py:149} INFO - [2026-09-28T00:17:49.340+0000] {dag.py:2726} INFO - Sync 1 DAGs
[2026-09-28T00:17:49.394+0000] {logging_mixin.py:149} INFO - [2026-09-28T00:17:49.394+0000] {dag.py:3490} INFO - Setting next_dagrun for 01_ingestion to 2026-09-28T00:15:00+00:00, run_after=2026-09-28T00:20:00+00:00
[2026-09-28T00:17:49.433+0000] {processor.py:178} INFO - Processing /opt/airflow/dags/01_ingestion.py took 0.179 seconds
[2026-09-28T00:18:19.836+0000] {processor.py:156} INFO - Started process (PID=28793) to work on /opt/airflow/dags/01_ingestion.py
[2026-09-28T00:18:19.838+0000] {processor.py:799} INFO - Processing file /opt/airflow/dags/01_ingestion.py for tasks to queue
[2026-09-28T00:18:19.839+0000] {logging_mixin.py:149} INFO - [2026-09-28T00:18:19.839+0000] {dagbag.py:541} INFO - Filling up the DagBag from /opt/airflow/dags/01_ingestion.py
[2026-09-28T00:18:19.857+0000] {processor.py:809} INFO - DAG(s) dict_keys(['01_ingestion']) retrieved from /opt/airflow/dags/01_ingestion.py
[2026-09-28T00:18:19.906+0000] {logging_mixin.py:149} INFO - [2026-09-28T00:18:19.906+0000] {dag.py:2726} INFO - Sync 1 DAGs
[2026-09-28T00:18:19.957+0000] {logging_mixin.py:149} INFO - [2026-09-28T00:18:19.957+0000] {dag.py:3490} INFO - Setting next_dagrun for 01_ingestion to 2026-09-28T00:15:00+00:00, run_after=2026-09-28T00:20:00+00:00
[2026-09-28T00:18:19.994+0000] {processor.py:178} INFO - Processing /opt/airflow/dags/01_ingestion.py took 0.164 seconds
[2026-09-28T00:18:50.071+0000] {processor.py:156} INFO - Started process (PID=28852) to work on /opt/airflow/dags/01_ingestion.py
[2026-09-28T00:18:50.073+0000] {processor.py:799} INFO - Processing file /opt/airflow/dags/01_ingestion.py for tasks to queue
[2026-09-28T00:18:50.074+0000] {logging_mixin.py:149} INFO - [2026-09-28T00:18:50.073+0000] {dagbag.py:541} INFO - Filling up the DagBag from /opt/airflow/dags/01_ingestion.py
[2026-09-28T00:18:50.092+0000] {processor.py:809} INFO - DAG(s) dict_keys(['01_ingestion']) retrieved from /opt/airflow/dags/01_ingestion.py
[2026-09-28T00:18:50.145+0000] {logging_mixin.py:149} INFO - [2026-09-28T00:18:50.144+0000] {dag.py:2726} INFO - Sync 1 DAGs
[2026-09-28T00:18:50.204+0000] {logging_mixin.py:149} INFO - [2026-09-28T00:18:50.204+0000] {dag.py:3490} INFO - Setting next_dagrun for 01_ingestion to 2026-09-28T00:15:00+00:00, run_after=2026-09-28T00:20:00+00:00
[2026-09-28T00:18:50.238+0000] {processor.py:178} INFO - Processing /opt/airflow/dags/01_ingestion.py took 0.174 seconds
[2026-09-28T00:19:20.543+0000] {processor.py:156} INFO - Started process (PID=28911) to work on /opt/airflow/dags/01_ingestion.py
[2026-09-28T00:19:20.545+0000] {processor.py:799} INFO - Processing file /opt/airflow/dags/01_ingestion.py for tasks to queue
[2026-09-28T00:19:20.546+0000] {logging_mixin.py:149} INFO - [2026-09-28T00:19:20.546+0000] {dagbag.py:541} INFO - Filling up the DagBag from /opt/airflow/dags/01_ingestion.py
[2026-09-28T00:19:20.564+0000] {processor.py:809} INFO - DAG(s) dict_keys(['01_ingestion']) retrieved from /opt/airflow/dags/01_ingestion.py
[2026-09-28T00:19:20.606+0000] {logging_mixin.py:149} INFO - [2026-09-28T00:19:20.606+0000] {dag.py:2726} INFO - Sync 1 DAGs
[2026-09-28T00:19:20.663+0000] {logging_mixin.py:149} INFO - [2026-09-28T00:19:20.663+0000] {dag.py:3490} INFO - Setting next_dagrun for 01_ingestion to 2026-09-28T00:15:00+00:00, run_after=2026-09-28T00:20:00+00:00
[2026-09-28T00:19:20.699+0000] {processor.py:178} INFO - Processing /opt/airflow/dags/01_ingestion.py took 0.161 seconds
[2026-09-28T00:19:51.012+0000] {processor.py:156} INFO - Started process (PID=28970) to work on /opt/airflow/dags/01_ingestion.py
[2026-09-28T00:19:51.013+0000] {processor.py:799} INFO - Processing file /opt/airflow/dags/01_ingestion.py for tasks to queue
[2026-09-28T00:19:51.014+0000] {logging_mixin.py:149} INFO - [2026-09-28T00:19:51.014+0000] {dagbag.py:541} INFO - Filling up the DagBag from /opt/airflow/dags/01_ingestion.py
[2026-09-28T00:19:51.033+0000] {processor.py:809} INFO - DAG(s) dict_keys(['01_ingestion']) retrieved from /opt/airflow/dags/01_ingestion.py
[2026-09-28T00:19:51.086+0000] {logging_mixin.py:149} INFO - [2026-09-28T00:19:51.086+0000] {dag.py:2726} INFO - Sync 1 DAGs
[2026-09-28T00:19:51.148+0000] {logging_mixin.py:149} INFO - [2026-09-28T00:19:51.148+0000] {dag.py:3490} INFO - Setting next_dagrun for 01_ingestion to 2026-09-28T00:15:00+00:00, run_after=2026-09-28T00:20:00+00:00
[2026-09-28T00:19:51.189+0000] {processor.py:178} INFO - Processing /opt/airflow/dags/01_ingestion.py took 0.185 seconds
[2026-09-28T00:20:21.262+0000] {processor.py:156} INFO - Started process (PID=29029) to work on /opt/airflow/dags/01_ingestion.py
[2026-09-28T00:20:21.268+0000] {processor.py:799} INFO - Processing file /opt/airflow/dags/01_ingestion.py for tasks to queue
[2026-09-28T00:20:21.269+0000] {logging_mixin.py:149} INFO - [2026-09-28T00:20:21.269+0000] {dagbag.py:541} INFO - Filling up the DagBag from /opt/airflow/dags/01_ingestion.py
[2026-09-28T00:20:21.290+0000] {processor.py:809} INFO - DAG(s) dict_keys(['01_ingestion']) retrieved from /opt/airflow/dags/01_ingestion.py
[2026-09-28T00:20:21.339+0000] {logging_mixin.py:149} INFO - [2026-09-28T00:20:21.339+0000] {dag.py:2726} INFO - Sync 1 DAGs
[2026-09-28T00:20:21.394+0000] {logging_mixin.py:149} INFO - [2026-09-28T00:20:21.394+0000] {dag.py:3490} INFO - Setting next_dagrun for 01_ingestion to 2026-09-28T00:20:00+00:00, run_after=2026-09-28T00:25:00+00:00
[2026-09-28T00:20:21.430+0000] {processor.py:178} INFO - Processing /opt/airflow/dags/01_ingestion.py took 0.176 seconds
[2026-09-28T00:20:51.621+0000] {processor.py:156} INFO - Started process (PID=29109) to work on /opt/airflow/dags/01_ingestion.py
[2026-09-28T00:20:51.627+0000] {processor.py:799} INFO - Processing file /opt/airflow/dags/01_ingestion.py for tasks to queue
[2026-09-28T00:20:51.628+0000] {logging_mixin.py:149} INFO - [2026-09-28T00:20:51.628+0000] {dagbag.py:541} INFO - Filling up the DagBag from /opt/airflow/dags/01_ingestion.py
[2026-09-28T00:20:51.651+0000] {processor.py:809} INFO - DAG(s) dict_keys(['01_ingestion']) retrieved from /opt/airflow/dags/01_ingestion.py
[2026-09-28T00:20:51.702+0000] {logging_mixin.py:149} INFO - [2026-09-28T00:20:51.701+0000] {dag.py:2726} INFO - Sync 1 DAGs
[2026-09-28T00:20:51.750+0000] {logging_mixin.py:149} INFO - [2026-09-28T00:20:51.749+0000] {dag.py:3490} INFO - Setting next_dagrun for 01_ingestion to 2026-09-28T00:20:00+00:00, run_after=2026-09-28T00:25:00+00:00
[2026-09-28T00:20:51.779+0000] {processor.py:178} INFO - Processing /opt/airflow/dags/01_ingestion.py took 0.171 seconds
[2026-09-28T00:21:22.334+0000] {processor.py:156} INFO - Started process (PID=29169) to work on /opt/airflow/dags/01_ingestion.py
[2026-09-28T00:21:22.336+0000] {processor.py:799} INFO - Processing file /opt/airflow/dags/01_ingestion.py for tasks to queue
[2026-09-28T00:21:22.337+0000] {logging_mixin.py:149} INFO - [2026-09-28T00:21:22.337+0000] {dagbag.py:541} INFO - Filling up the DagBag from /opt/airflow/dags/01_ingestion.py
[2026-09-28T00:21:22.356+0000] {processor.py:809} INFO - DAG(s) dict_keys(['01_ingestion']) retrieved from /opt/airflow/dags/01_ingestion.py
[2026-09-28T00:21:22.402+0000] {logging_mixin.py:149} INFO - [2026-09-28T00:21:22.402+0000] {dag.py:2726} INFO - Sync 1 DAGs
[2026-09-28T00:21:22.461+0000] {logging_mixin.py:149} INFO - [2026-09-28T00:21:22.460+0000] {dag.py:3490} INFO - Setting next_dagrun for 01_ingestion to 2026-09-28T00:20:00+00:00, run_after=2026-09-28T00:25:00+00:00
[2026-09-28T00:21:22.497+0000] {processor.py:178} INFO - Processing /opt/airflow/dags/01_ingestion.py took 0.170 seconds
[2026-09-28T00:21:52.842+0000] {processor.py:156} INFO - Started process (PID=29227) to work on /opt/airflow/dags/01_ingestion.py
[2026-09-28T00:21:52.844+0000] {processor.py:799} INFO - Processing file /opt/airflow/dags/01_ingestion.py for tasks to queue
[2026-09-28T00:21:52.845+0000] {logging_mixin.py:149} INFO - [2026-09-28T00:21:52.845+0000] {dagbag.py:541} INFO - Filling up the DagBag from /opt/airflow/dags/01_ingestion.py
[2026-09-28T00:21:52.865+0000] {processor.py:809} INFO - DAG(s) dict_keys(['01_ingestion']) retrieved from /opt/airflow/dags/01_ingestion.py
[2026-09-28T00:21:52.913+0000] {logging_mixin.py:149} INFO - [2026-09-28T00:21:52.913+0000] {dag.py:2726} INFO - Sync 1 DAGs
[2026-09-28T00:21:52.968+0000] {logging_mixin.py:149} INFO - [2026-09-28T00:21:52.968+0000] {dag.py:3490} INFO - Setting next_dagrun for 01_ingestion to 2026-09-28T00:20:00+00:00, run_after=2026-09-28T00:25:00+00:00
[2026-09-28T00:21:53.002+0000] {processor.py:178} INFO - Processing /opt/airflow/dags/01_ingestion.py took 0.167 seconds
[2026-09-28T00:22:23.621+0000] {processor.py:156} INFO - Started process (PID=29286) to work on /opt/airflow/dags/01_ingestion.py
[2026-09-28T00:22:23.622+0000] {processor.py:799} INFO - Processing file /opt/airflow/dags/01_ingestion.py for tasks to queue
[2026-09-28T00:22:23.623+0000] {logging_mixin.py:149} INFO - [2026-09-28T00:22:23.623+0000] {dagbag.py:541} INFO - Filling up the DagBag from /opt/airflow/dags/01_ingestion.py
[2026-09-28T00:22:23.642+0000] {processor.py:809} INFO - DAG(s) dict_keys(['01_ingestion']) retrieved from /opt/airflow/dags/01_ingestion.py
[2026-09-28T00:22:23.689+0000] {logging_mixin.py:149} INFO - [2026-09-28T00:22:23.689+0000] {dag.py:2726} INFO - Sync 1 DAGs
[2026-09-28T00:22:23.742+0000] {logging_mixin.py:149} INFO - [2026-09-28T00:22:23.742+0000] {dag.py:3490} INFO - Setting next_dagrun for 01_ingestion to 2026-09-28T00:20:00+00:00, run_after=2026-09-28T00:25:00+00:00
[2026-09-28T00:22:23.774+0000] {processor.py:178} INFO - Processing /opt/airflow/dags/01_ingestion.py took 0.160 seconds
[2026-09-28T00:22:53.943+0000] {processor.py:156} INFO - Started process (PID=29345) to work on /opt/airflow/dags/01_ingestion.py
[2026-09-28T00:22:53.945+0000] {processor.py:799} INFO - Processing file /opt/airflow/dags/01_ingestion.py for tasks to queue
[2026-09-28T00:22:53.946+0000] {logging_mixin.py:149} INFO - [2026-09-28T00:22:53.946+0000] {dagbag.py:541} INFO - Filling up the DagBag from /opt/airflow/dags/01_ingestion.py
[2026-09-28T00:22:53.963+0000] {processor.py:809} INFO - DAG(s) dict_keys(['01_ingestion']) retrieved from /opt/airflow/dags/01_ingestion.py
[2026-09-28T00:22:54.005+0000] {logging_mixin.py:149} INFO - [2026-09-28T00:22:54.004+0000] {dag.py:2726} INFO - Sync 1 DAGs
[2026-09-28T00:22:54.059+0000] {logging_mixin.py:149} INFO - [2026-09-28T00:22:54.059+0000] {dag.py:3490} INFO - Setting next_dagrun for 01_ingestion to 2026-09-28T00:20:00+00:00, run_after=2026-09-28T00:25:00+00:00
[2026-09-28T00:22:54.096+0000] {processor.py:178} INFO - Processing /opt/airflow/dags/01_ingestion.py took 0.161 seconds
[2026-09-28T00:23:24.188+0000] {processor.py:156} INFO - Started process (PID=29400) to work on /opt/airflow/dags/01_ingestion.py
[2026-09-28T00:23:24.191+0000] {processor.py:799} INFO - Processing file /opt/airflow/dags/01_ingestion.py for tasks to queue
[2026-09-28T00:23:24.192+0000] {logging_mixin.py:149} INFO - [2026-09-28T00:23:24.191+0000] {dagbag.py:541} INFO - Filling up the DagBag from /opt/airflow/dags/01_ingestion.py
[2026-09-28T00:23:24.211+0000] {processor.py:809} INFO - DAG(s) dict_keys(['01_ingestion']) retrieved from /opt/airflow/dags/01_ingestion.py
[2026-09-28T00:23:24.258+0000] {logging_mixin.py:149} INFO - [2026-09-28T00:23:24.257+0000] {dag.py:2726} INFO - Sync 1 DAGs
[2026-09-28T00:23:24.313+0000] {logging_mixin.py:149} INFO - [2026-09-28T00:23:24.313+0000] {dag.py:3490} INFO - Setting next_dagrun for 01_ingestion to 2026-09-28T00:20:00+00:00, run_after=2026-09-28T00:25:00+00:00
[2026-09-28T00:23:24.348+0000] {processor.py:178} INFO - Processing /opt/airflow/dags/01_ingestion.py took 0.165 seconds
[2026-09-28T00:23:54.427+0000] {processor.py:156} INFO - Started process (PID=29459) to work on /opt/airflow/dags/01_ingestion.py
[2026-09-28T00:23:54.429+0000] {processor.py:799} INFO - Processing file /opt/airflow/dags/01_ingestion.py for tasks to queue
[2026-09-28T00:23:54.430+0000] {logging_mixin.py:149} INFO - [2026-09-28T00:23:54.430+0000] {dagbag.py:541} INFO - Filling up the DagBag from /opt/airflow/dags/01_ingestion.py
[2026-09-28T00:23:54.457+0000] {processor.py:809} INFO - DAG(s) dict_keys(['01_ingestion']) retrieved from /opt/airflow/dags/01_ingestion.py
[2026-09-28T00:23:54.503+0000] {logging_mixin.py:149} INFO - [2026-09-28T00:23:54.502+0000] {dag.py:2726} INFO - Sync 1 DAGs
[2026-09-28T00:23:54.557+0000] {logging_mixin.py:149} INFO - [2026-09-28T00:23:54.557+0000] {dag.py:3490} INFO - Setting next_dagrun for 01_ingestion to 2026-09-28T00:20:00+00:00, run_after=2026-09-28T00:25:00+00:00
[2026-09-28T00:23:54.593+0000] {processor.py:178} INFO - Processing /opt/airflow/dags/01_ingestion.py took 0.173 seconds
[2026-09-28T00:24:24.656+0000] {processor.py:156} INFO - Started process (PID=29518) to work on /opt/airflow/dags/01_ingestion.py
[2026-09-28T00:24:24.658+0000] {processor.py:799} INFO - Processing file /opt/airflow/dags/01_ingestion.py for tasks to queue
[2026-09-28T00:24:24.659+0000] {logging_mixin.py:149} INFO - [2026-09-28T00:24:24.659+0000] {dagbag.py:541} INFO - Filling up the DagBag from /opt/airflow/dags/01_ingestion.py
[2026-09-28T00:24:24.680+0000] {processor.py:809} INFO - DAG(s) dict_keys(['01_ingestion']) retrieved from /opt/airflow/dags/01_ingestion.py
[2026-09-28T00:24:24.732+0000] {logging_mixin.py:149} INFO - [2026-09-28T00:24:24.732+0000] {dag.py:2726} INFO - Sync 1 DAGs
[2026-09-28T00:24:24.791+0000] {logging_mixin.py:149} INFO - [2026-09-28T00:24:24.791+0000] {dag.py:3490} INFO - Setting next_dagrun for 01_ingestion to 2026-09-28T00:20:00+00:00, run_after=2026-09-28T00:25:00+00:00
[2026-09-28T00:24:24.825+0000] {processor.py:178} INFO - Processing /opt/airflow/dags/01_ingestion.py took 0.177 seconds
[2026-09-28T00:24:55.181+0000] {processor.py:156} INFO - Started process (PID=29577) to work on /opt/airflow/dags/01_ingestion.py
[2026-09-28T00:24:55.183+0000] {processor.py:799} INFO - Processing file /opt/airflow/dags/01_ingestion.py for tasks to queue
[2026-09-28T00:24:55.184+0000] {logging_mixin.py:149} INFO - [2026-09-28T00:24:55.184+0000] {dagbag.py:541} INFO - Filling up the DagBag from /opt/airflow/dags/01_ingestion.py
[2026-09-28T00:24:55.200+0000] {processor.py:809} INFO - DAG(s) dict_keys(['01_ingestion']) retrieved from /opt/airflow/dags/01_ingestion.py
[2026-09-28T00:24:55.255+0000] {logging_mixin.py:149} INFO - [2026-09-28T00:24:55.255+0000] {dag.py:2726} INFO - Sync 1 DAGs
[2026-09-28T00:24:55.304+0000] {logging_mixin.py:149} INFO - [2026-09-28T00:24:55.304+0000] {dag.py:3490} INFO - Setting next_dagrun for 01_ingestion to 2026-09-28T00:20:00+00:00, run_after=2026-09-28T00:25:00+00:00
[2026-09-28T00:24:55.336+0000] {processor.py:178} INFO - Processing /opt/airflow/dags/01_ingestion.py took 0.162 seconds
[2026-09-28T00:25:25.859+0000] {processor.py:156} INFO - Started process (PID=29636) to work on /opt/airflow/dags/01_ingestion.py
[2026-09-28T00:25:25.861+0000] {processor.py:799} INFO - Processing file /opt/airflow/dags/01_ingestion.py for tasks to queue
[2026-09-28T00:25:25.862+0000] {logging_mixin.py:149} INFO - [2026-09-28T00:25:25.861+0000] {dagbag.py:541} INFO - Filling up the DagBag from /opt/airflow/dags/01_ingestion.py
[2026-09-28T00:25:25.880+0000] {processor.py:809} INFO - DAG(s) dict_keys(['01_ingestion']) retrieved from /opt/airflow/dags/01_ingestion.py
[2026-09-28T00:25:25.928+0000] {logging_mixin.py:149} INFO - [2026-09-28T00:25:25.927+0000] {dag.py:2726} INFO - Sync 1 DAGs
[2026-09-28T00:25:25.988+0000] {logging_mixin.py:149} INFO - [2026-09-28T00:25:25.987+0000] {dag.py:3490} INFO - Setting next_dagrun for 01_ingestion to 2026-09-28T00:20:00+00:00, run_after=2026-09-28T00:25:00+00:00
[2026-09-28T00:25:26.028+0000] {processor.py:178} INFO - Processing /opt/airflow/dags/01_ingestion.py took 0.177 seconds
[2026-09-28T00:25:56.924+0000] {processor.py:156} INFO - Started process (PID=29695) to work on /opt/airflow/dags/01_ingestion.py
[2026-09-28T00:25:56.925+0000] {processor.py:799} INFO - Processing file /opt/airflow/dags/01_ingestion.py for tasks to queue
[2026-09-28T00:25:56.926+0000] {logging_mixin.py:149} INFO - [2026-09-28T00:25:56.926+0000] {dagbag.py:541} INFO - Filling up the DagBag from /opt/airflow/dags/01_ingestion.py
[2026-09-28T00:25:56.945+0000] {processor.py:809} INFO - DAG(s) dict_keys(['01_ingestion']) retrieved from /opt/airflow/dags/01_ingestion.py
[2026-09-28T00:25:56.995+0000] {logging_mixin.py:149} INFO - [2026-09-28T00:25:56.995+0000] {dag.py:2726} INFO - Sync 1 DAGs
[2026-09-28T00:25:57.051+0000] {logging_mixin.py:149} INFO - [2026-09-28T00:25:57.051+0000] {dag.py:3490} INFO - Setting next_dagrun for 01_ingestion to 2026-09-28T00:20:00+00:00, run_after=2026-09-28T00:25:00+00:00
[2026-09-28T00:25:57.084+0000] {processor.py:178} INFO - Processing /opt/airflow/dags/01_ingestion.py took 0.166 seconds
[2026-09-28T00:26:27.168+0000] {processor.py:156} INFO - Started process (PID=29754) to work on /opt/airflow/dags/01_ingestion.py
[2026-09-28T00:26:27.170+0000] {processor.py:799} INFO - Processing file /opt/airflow/dags/01_ingestion.py for tasks to queue
[2026-09-28T00:26:27.171+0000] {logging_mixin.py:149} INFO - [2026-09-28T00:26:27.171+0000] {dagbag.py:541} INFO - Filling up the DagBag from /opt/airflow/dags/01_ingestion.py
[2026-09-28T00:26:27.190+0000] {processor.py:809} INFO - DAG(s) dict_keys(['01_ingestion']) retrieved from /opt/airflow/dags/01_ingestion.py
[2026-09-28T00:26:27.241+0000] {logging_mixin.py:149} INFO - [2026-09-28T00:26:27.240+0000] {dag.py:2726} INFO - Sync 1 DAGs
[2026-09-28T00:26:27.304+0000] {logging_mixin.py:149} INFO - [2026-09-28T00:26:27.303+0000] {dag.py:3490} INFO - Setting next_dagrun for 01_ingestion to 2026-09-28T00:20:00+00:00, run_after=2026-09-28T00:25:00+00:00
[2026-09-28T00:26:27.334+0000] {processor.py:178} INFO - Processing /opt/airflow/dags/01_ingestion.py took 0.173 seconds
[2026-09-28T00:26:57.860+0000] {processor.py:156} INFO - Started process (PID=29813) to work on /opt/airflow/dags/01_ingestion.py
[2026-09-28T00:26:57.861+0000] {processor.py:799} INFO - Processing file /opt/airflow/dags/01_ingestion.py for tasks to queue
[2026-09-28T00:26:57.862+0000] {logging_mixin.py:149} INFO - [2026-09-28T00:26:57.862+0000] {dagbag.py:541} INFO - Filling up the DagBag from /opt/airflow/dags/01_ingestion.py
[2026-09-28T00:26:57.879+0000] {processor.py:809} INFO - DAG(s) dict_keys(['01_ingestion']) retrieved from /opt/airflow/dags/01_ingestion.py
[2026-09-28T00:26:57.923+0000] {logging_mixin.py:149} INFO - [2026-09-28T00:26:57.922+0000] {dag.py:2726} INFO - Sync 1 DAGs
[2026-09-28T00:26:57.977+0000] {logging_mixin.py:149} INFO - [2026-09-28T00:26:57.977+0000] {dag.py:3490} INFO - Setting next_dagrun for 01_ingestion to 2026-09-28T00:20:00+00:00, run_after=2026-09-28T00:25:00+00:00
[2026-09-28T00:26:58.006+0000] {processor.py:178} INFO - Processing /opt/airflow/dags/01_ingestion.py took 0.153 seconds
[2026-09-28T00:27:28.137+0000] {processor.py:156} INFO - Started process (PID=29873) to work on /opt/airflow/dags/01_ingestion.py
[2026-09-28T00:27:28.146+0000] {processor.py:799} INFO - Processing file /opt/airflow/dags/01_ingestion.py for tasks to queue
[2026-09-28T00:27:28.147+0000] {logging_mixin.py:149} INFO - [2026-09-28T00:27:28.147+0000] {dagbag.py:541} INFO - Filling up the DagBag from /opt/airflow/dags/01_ingestion.py
[2026-09-28T00:27:28.166+0000] {processor.py:809} INFO - DAG(s) dict_keys(['01_ingestion']) retrieved from /opt/airflow/dags/01_ingestion.py
[2026-09-28T00:27:28.213+0000] {logging_mixin.py:149} INFO - [2026-09-28T00:27:28.212+0000] {dag.py:2726} INFO - Sync 1 DAGs
[2026-09-28T00:27:28.267+0000] {logging_mixin.py:149} INFO - [2026-09-28T00:27:28.267+0000] {dag.py:3490} INFO - Setting next_dagrun for 01_ingestion to 2026-09-28T00:20:00+00:00, run_after=2026-09-28T00:25:00+00:00
[2026-09-28T00:27:28.299+0000] {processor.py:178} INFO - Processing /opt/airflow/dags/01_ingestion.py took 0.168 seconds
[2026-09-28T00:27:58.953+0000] {processor.py:156} INFO - Started process (PID=29933) to work on /opt/airflow/dags/01_ingestion.py
[2026-09-28T00:27:58.955+0000] {processor.py:799} INFO - Processing file /opt/airflow/dags/01_ingestion.py for tasks to queue
[2026-09-28T00:27:58.956+0000] {logging_mixin.py:149} INFO - [2026-09-28T00:27:58.956+0000] {dagbag.py:541} INFO - Filling up the DagBag from /opt/airflow/dags/01_ingestion.py
[2026-09-28T00:27:58.977+0000] {processor.py:809} INFO - DAG(s) dict_keys(['01_ingestion']) retrieved from /opt/airflow/dags/01_ingestion.py
[2026-09-28T00:27:59.026+0000] {logging_mixin.py:149} INFO - [2026-09-28T00:27:59.025+0000] {dag.py:2726} INFO - Sync 1 DAGs
[2026-09-28T00:27:59.080+0000] {logging_mixin.py:149} INFO - [2026-09-28T00:27:59.079+0000] {dag.py:3490} INFO - Setting next_dagrun for 01_ingestion to 2026-09-28T00:20:00+00:00, run_after=2026-09-28T00:25:00+00:00
[2026-09-28T00:27:59.111+0000] {processor.py:178} INFO - Processing /opt/airflow/dags/01_ingestion.py took 0.166 seconds
[2026-09-28T00:28:29.657+0000] {processor.py:156} INFO - Started process (PID=29992) to work on /opt/airflow/dags/01_ingestion.py
[2026-09-28T00:28:29.661+0000] {processor.py:799} INFO - Processing file /opt/airflow/dags/01_ingestion.py for tasks to queue
[2026-09-28T00:28:29.662+0000] {logging_mixin.py:149} INFO - [2026-09-28T00:28:29.662+0000] {dagbag.py:541} INFO - Filling up the DagBag from /opt/airflow/dags/01_ingestion.py
[2026-09-28T00:28:29.681+0000] {processor.py:809} INFO - DAG(s) dict_keys(['01_ingestion']) retrieved from /opt/airflow/dags/01_ingestion.py
[2026-09-28T00:28:29.731+0000] {logging_mixin.py:149} INFO - [2026-09-28T00:28:29.731+0000] {dag.py:2726} INFO - Sync 1 DAGs
[2026-09-28T00:28:29.794+0000] {logging_mixin.py:149} INFO - [2026-09-28T00:28:29.794+0000] {dag.py:3490} INFO - Setting next_dagrun for 01_ingestion to 2026-09-28T00:20:00+00:00, run_after=2026-09-28T00:25:00+00:00
[2026-09-28T00:28:29.834+0000] {processor.py:178} INFO - Processing /opt/airflow/dags/01_ingestion.py took 0.184 seconds
[2026-09-28T00:29:00.367+0000] {processor.py:156} INFO - Started process (PID=30052) to work on /opt/airflow/dags/01_ingestion.py
[2026-09-28T00:29:00.368+0000] {processor.py:799} INFO - Processing file /opt/airflow/dags/01_ingestion.py for tasks to queue
[2026-09-28T00:29:00.370+0000] {logging_mixin.py:149} INFO - [2026-09-28T00:29:00.369+0000] {dagbag.py:541} INFO - Filling up the DagBag from /opt/airflow/dags/01_ingestion.py
[2026-09-28T00:29:00.388+0000] {processor.py:809} INFO - DAG(s) dict_keys(['01_ingestion']) retrieved from /opt/airflow/dags/01_ingestion.py
[2026-09-28T00:29:00.446+0000] {logging_mixin.py:149} INFO - [2026-09-28T00:29:00.446+0000] {dag.py:2726} INFO - Sync 1 DAGs
[2026-09-28T00:29:00.505+0000] {logging_mixin.py:149} INFO - [2026-09-28T00:29:00.504+0000] {dag.py:3490} INFO - Setting next_dagrun for 01_ingestion to 2026-09-28T00:20:00+00:00, run_after=2026-09-28T00:25:00+00:00
[2026-09-28T00:29:00.537+0000] {processor.py:178} INFO - Processing /opt/airflow/dags/01_ingestion.py took 0.177 seconds
[2026-09-28T00:29:31.304+0000] {processor.py:156} INFO - Started process (PID=30111) to work on /opt/airflow/dags/01_ingestion.py
[2026-09-28T00:29:31.310+0000] {processor.py:799} INFO - Processing file /opt/airflow/dags/01_ingestion.py for tasks to queue
[2026-09-28T00:29:31.311+0000] {logging_mixin.py:149} INFO - [2026-09-28T00:29:31.311+0000] {dagbag.py:541} INFO - Filling up the DagBag from /opt/airflow/dags/01_ingestion.py
[2026-09-28T00:29:31.330+0000] {processor.py:809} INFO - DAG(s) dict_keys(['01_ingestion']) retrieved from /opt/airflow/dags/01_ingestion.py
[2026-09-28T00:29:31.379+0000] {logging_mixin.py:149} INFO - [2026-09-28T00:29:31.379+0000] {dag.py:2726} INFO - Sync 1 DAGs
[2026-09-28T00:29:31.432+0000] {logging_mixin.py:149} INFO - [2026-09-28T00:29:31.431+0000] {dag.py:3490} INFO - Setting next_dagrun for 01_ingestion to 2026-09-28T00:20:00+00:00, run_after=2026-09-28T00:25:00+00:00
[2026-09-28T00:29:31.466+0000] {processor.py:178} INFO - Processing /opt/airflow/dags/01_ingestion.py took 0.168 seconds
[2026-09-28T00:30:01.557+0000] {processor.py:156} INFO - Started process (PID=30170) to work on /opt/airflow/dags/01_ingestion.py
[2026-09-28T00:30:01.559+0000] {processor.py:799} INFO - Processing file /opt/airflow/dags/01_ingestion.py for tasks to queue
[2026-09-28T00:30:01.560+0000] {logging_mixin.py:149} INFO - [2026-09-28T00:30:01.560+0000] {dagbag.py:541} INFO - Filling up the DagBag from /opt/airflow/dags/01_ingestion.py
[2026-09-28T00:30:01.579+0000] {processor.py:809} INFO - DAG(s) dict_keys(['01_ingestion']) retrieved from /opt/airflow/dags/01_ingestion.py
[2026-09-28T00:30:01.630+0000] {logging_mixin.py:149} INFO - [2026-09-28T00:30:01.629+0000] {dag.py:2726} INFO - Sync 1 DAGs
[2026-09-28T00:30:01.682+0000] {logging_mixin.py:149} INFO - [2026-09-28T00:30:01.682+0000] {dag.py:3490} INFO - Setting next_dagrun for 01_ingestion to 2026-09-28T00:25:00+00:00, run_after=2026-09-28T00:30:00+00:00
[2026-09-28T00:30:01.714+0000] {processor.py:178} INFO - Processing /opt/airflow/dags/01_ingestion.py took 0.164 seconds
[2026-09-28T00:30:31.938+0000] {processor.py:156} INFO - Started process (PID=30245) to work on /opt/airflow/dags/01_ingestion.py
[2026-09-28T00:30:31.943+0000] {processor.py:799} INFO - Processing file /opt/airflow/dags/01_ingestion.py for tasks to queue
[2026-09-28T00:30:31.944+0000] {logging_mixin.py:149} INFO - [2026-09-28T00:30:31.944+0000] {dagbag.py:541} INFO - Filling up the DagBag from /opt/airflow/dags/01_ingestion.py
[2026-09-28T00:30:31.965+0000] {processor.py:809} INFO - DAG(s) dict_keys(['01_ingestion']) retrieved from /opt/airflow/dags/01_ingestion.py
[2026-09-28T00:30:32.013+0000] {logging_mixin.py:149} INFO - [2026-09-28T00:30:32.013+0000] {dag.py:2726} INFO - Sync 1 DAGs
[2026-09-28T00:30:32.095+0000] {processor.py:178} INFO - Processing /opt/airflow/dags/01_ingestion.py took 0.162 seconds
[2026-09-28T00:31:02.464+0000] {processor.py:156} INFO - Started process (PID=30303) to work on /opt/airflow/dags/01_ingestion.py
[2026-09-28T00:31:02.465+0000] {processor.py:799} INFO - Processing file /opt/airflow/dags/01_ingestion.py for tasks to queue
[2026-09-28T00:31:02.466+0000] {logging_mixin.py:149} INFO - [2026-09-28T00:31:02.466+0000] {dagbag.py:541} INFO - Filling up the DagBag from /opt/airflow/dags/01_ingestion.py
[2026-09-28T00:31:02.483+0000] {processor.py:809} INFO - DAG(s) dict_keys(['01_ingestion']) retrieved from /opt/airflow/dags/01_ingestion.py
[2026-09-28T00:31:02.524+0000] {logging_mixin.py:149} INFO - [2026-09-28T00:31:02.524+0000] {dag.py:2726} INFO - Sync 1 DAGs
[2026-09-28T00:31:02.579+0000] {logging_mixin.py:149} INFO - [2026-09-28T00:31:02.578+0000] {dag.py:3490} INFO - Setting next_dagrun for 01_ingestion to 2026-09-28T00:30:00+00:00, run_after=2026-09-28T00:35:00+00:00
[2026-09-28T00:31:02.613+0000] {processor.py:178} INFO - Processing /opt/airflow/dags/01_ingestion.py took 0.156 seconds
[2026-09-28T00:31:33.336+0000] {processor.py:156} INFO - Started process (PID=30369) to work on /opt/airflow/dags/01_ingestion.py
[2026-09-28T00:31:33.339+0000] {processor.py:799} INFO - Processing file /opt/airflow/dags/01_ingestion.py for tasks to queue
[2026-09-28T00:31:33.340+0000] {logging_mixin.py:149} INFO - [2026-09-28T00:31:33.340+0000] {dagbag.py:541} INFO - Filling up the DagBag from /opt/airflow/dags/01_ingestion.py
[2026-09-28T00:31:33.361+0000] {processor.py:809} INFO - DAG(s) dict_keys(['01_ingestion']) retrieved from /opt/airflow/dags/01_ingestion.py
[2026-09-28T00:31:33.413+0000] {logging_mixin.py:149} INFO - [2026-09-28T00:31:33.413+0000] {dag.py:2726} INFO - Sync 1 DAGs
[2026-09-28T00:31:33.474+0000] {logging_mixin.py:149} INFO - [2026-09-28T00:31:33.474+0000] {dag.py:3490} INFO - Setting next_dagrun for 01_ingestion to 2026-09-28T00:30:00+00:00, run_after=2026-09-28T00:35:00+00:00
[2026-09-28T00:31:33.506+0000] {processor.py:178} INFO - Processing /opt/airflow/dags/01_ingestion.py took 0.176 seconds
[2026-09-28T00:32:03.687+0000] {processor.py:156} INFO - Started process (PID=30428) to work on /opt/airflow/dags/01_ingestion.py
[2026-09-28T00:32:03.688+0000] {processor.py:799} INFO - Processing file /opt/airflow/dags/01_ingestion.py for tasks to queue
[2026-09-28T00:32:03.689+0000] {logging_mixin.py:149} INFO - [2026-09-28T00:32:03.689+0000] {dagbag.py:541} INFO - Filling up the DagBag from /opt/airflow/dags/01_ingestion.py
[2026-09-28T00:32:03.708+0000] {processor.py:809} INFO - DAG(s) dict_keys(['01_ingestion']) retrieved from /opt/airflow/dags/01_ingestion.py
[2026-09-28T00:32:03.755+0000] {logging_mixin.py:149} INFO - [2026-09-28T00:32:03.754+0000] {dag.py:2726} INFO - Sync 1 DAGs
[2026-09-28T00:32:03.806+0000] {logging_mixin.py:149} INFO - [2026-09-28T00:32:03.806+0000] {dag.py:3490} INFO - Setting next_dagrun for 01_ingestion to 2026-09-28T00:30:00+00:00, run_after=2026-09-28T00:35:00+00:00
[2026-09-28T00:32:03.839+0000] {processor.py:178} INFO - Processing /opt/airflow/dags/01_ingestion.py took 0.158 seconds
[2026-09-28T00:32:34.014+0000] {processor.py:156} INFO - Started process (PID=30487) to work on /opt/airflow/dags/01_ingestion.py
[2026-09-28T00:32:34.016+0000] {processor.py:799} INFO - Processing file /opt/airflow/dags/01_ingestion.py for tasks to queue
[2026-09-28T00:32:34.017+0000] {logging_mixin.py:149} INFO - [2026-09-28T00:32:34.017+0000] {dagbag.py:541} INFO - Filling up the DagBag from /opt/airflow/dags/01_ingestion.py
[2026-09-28T00:32:34.036+0000] {processor.py:809} INFO - DAG(s) dict_keys(['01_ingestion']) retrieved from /opt/airflow/dags/01_ingestion.py
[2026-09-28T00:32:34.089+0000] {logging_mixin.py:149} INFO - [2026-09-28T00:32:34.089+0000] {dag.py:2726} INFO - Sync 1 DAGs
[2026-09-28T00:32:34.144+0000] {logging_mixin.py:149} INFO - [2026-09-28T00:32:34.143+0000] {dag.py:3490} INFO - Setting next_dagrun for 01_ingestion to 2026-09-28T00:30:00+00:00, run_after=2026-09-28T00:35:00+00:00
[2026-09-28T00:32:34.176+0000] {processor.py:178} INFO - Processing /opt/airflow/dags/01_ingestion.py took 0.169 seconds
[2026-09-28T00:33:04.232+0000] {processor.py:156} INFO - Started process (PID=30546) to work on /opt/airflow/dags/01_ingestion.py
[2026-09-28T00:33:04.233+0000] {processor.py:799} INFO - Processing file /opt/airflow/dags/01_ingestion.py for tasks to queue
[2026-09-28T00:33:04.234+0000] {logging_mixin.py:149} INFO - [2026-09-28T00:33:04.234+0000] {dagbag.py:541} INFO - Filling up the DagBag from /opt/airflow/dags/01_ingestion.py
[2026-09-28T00:33:04.256+0000] {processor.py:809} INFO - DAG(s) dict_keys(['01_ingestion']) retrieved from /opt/airflow/dags/01_ingestion.py
[2026-09-28T00:33:04.313+0000] {logging_mixin.py:149} INFO - [2026-09-28T00:33:04.312+0000] {dag.py:2726} INFO - Sync 1 DAGs
[2026-09-28T00:33:04.400+0000] {logging_mixin.py:149} INFO - [2026-09-28T00:33:04.400+0000] {dag.py:3490} INFO - Setting next_dagrun for 01_ingestion to 2026-09-28T00:30:00+00:00, run_after=2026-09-28T00:35:00+00:00
[2026-09-28T00:33:04.436+0000] {processor.py:178} INFO - Processing /opt/airflow/dags/01_ingestion.py took 0.212 seconds
[2026-09-28T00:33:34.502+0000] {processor.py:156} INFO - Started process (PID=30605) to work on /opt/airflow/dags/01_ingestion.py
[2026-09-28T00:33:34.505+0000] {processor.py:799} INFO - Processing file /opt/airflow/dags/01_ingestion.py for tasks to queue
[2026-09-28T00:33:34.506+0000] {logging_mixin.py:149} INFO - [2026-09-28T00:33:34.505+0000] {dagbag.py:541} INFO - Filling up the DagBag from /opt/airflow/dags/01_ingestion.py
[2026-09-28T00:33:34.522+0000] {processor.py:809} INFO - DAG(s) dict_keys(['01_ingestion']) retrieved from /opt/airflow/dags/01_ingestion.py
[2026-09-28T00:33:34.562+0000] {logging_mixin.py:149} INFO - [2026-09-28T00:33:34.562+0000] {dag.py:2726} INFO - Sync 1 DAGs
[2026-09-28T00:33:34.621+0000] {logging_mixin.py:149} INFO - [2026-09-28T00:33:34.620+0000] {dag.py:3490} INFO - Setting next_dagrun for 01_ingestion to 2026-09-28T00:30:00+00:00, run_after=2026-09-28T00:35:00+00:00
[2026-09-28T00:33:34.651+0000] {processor.py:178} INFO - Processing /opt/airflow/dags/01_ingestion.py took 0.157 seconds
[2026-09-28T00:34:04.833+0000] {processor.py:156} INFO - Started process (PID=30664) to work on /opt/airflow/dags/01_ingestion.py
[2026-09-28T00:34:04.836+0000] {processor.py:799} INFO - Processing file /opt/airflow/dags/01_ingestion.py for tasks to queue
[2026-09-28T00:34:04.837+0000] {logging_mixin.py:149} INFO - [2026-09-28T00:34:04.837+0000] {dagbag.py:541} INFO - Filling up the DagBag from /opt/airflow/dags/01_ingestion.py
[2026-09-28T00:34:04.856+0000] {processor.py:809} INFO - DAG(s) dict_keys(['01_ingestion']) retrieved from /opt/airflow/dags/01_ingestion.py
[2026-09-28T00:34:04.902+0000] {logging_mixin.py:149} INFO - [2026-09-28T00:34:04.901+0000] {dag.py:2726} INFO - Sync 1 DAGs
[2026-09-28T00:34:04.954+0000] {logging_mixin.py:149} INFO - [2026-09-28T00:34:04.953+0000] {dag.py:3490} INFO - Setting next_dagrun for 01_ingestion to 2026-09-28T00:30:00+00:00, run_after=2026-09-28T00:35:00+00:00
[2026-09-28T00:34:04.987+0000] {processor.py:178} INFO - Processing /opt/airflow/dags/01_ingestion.py took 0.158 seconds
[2026-09-28T00:34:35.533+0000] {processor.py:156} INFO - Started process (PID=30723) to work on /opt/airflow/dags/01_ingestion.py
[2026-09-28T00:34:35.535+0000] {processor.py:799} INFO - Processing file /opt/airflow/dags/01_ingestion.py for tasks to queue
[2026-09-28T00:34:35.537+0000] {logging_mixin.py:149} INFO - [2026-09-28T00:34:35.536+0000] {dagbag.py:541} INFO - Filling up the DagBag from /opt/airflow/dags/01_ingestion.py
[2026-09-28T00:34:35.555+0000] {processor.py:809} INFO - DAG(s) dict_keys(['01_ingestion']) retrieved from /opt/airflow/dags/01_ingestion.py
[2026-09-28T00:34:35.605+0000] {logging_mixin.py:149} INFO - [2026-09-28T00:34:35.605+0000] {dag.py:2726} INFO - Sync 1 DAGs
[2026-09-28T00:34:35.662+0000] {logging_mixin.py:149} INFO - [2026-09-28T00:34:35.662+0000] {dag.py:3490} INFO - Setting next_dagrun for 01_ingestion to 2026-09-28T00:30:00+00:00, run_after=2026-09-28T00:35:00+00:00
[2026-09-28T00:34:35.693+0000] {processor.py:178} INFO - Processing /opt/airflow/dags/01_ingestion.py took 0.166 seconds
[2026-09-28T00:35:06.559+0000] {processor.py:156} INFO - Started process (PID=30807) to work on /opt/airflow/dags/01_ingestion.py
[2026-09-28T00:35:06.562+0000] {processor.py:799} INFO - Processing file /opt/airflow/dags/01_ingestion.py for tasks to queue
[2026-09-28T00:35:06.563+0000] {logging_mixin.py:149} INFO - [2026-09-28T00:35:06.562+0000] {dagbag.py:541} INFO - Filling up the DagBag from /opt/airflow/dags/01_ingestion.py
[2026-09-28T00:35:06.582+0000] {processor.py:809} INFO - DAG(s) dict_keys(['01_ingestion']) retrieved from /opt/airflow/dags/01_ingestion.py
[2026-09-28T00:35:06.625+0000] {logging_mixin.py:149} INFO - [2026-09-28T00:35:06.625+0000] {dag.py:2726} INFO - Sync 1 DAGs
[2026-09-28T00:35:06.704+0000] {processor.py:178} INFO - Processing /opt/airflow/dags/01_ingestion.py took 0.151 seconds
[2026-09-28T00:35:37.280+0000] {processor.py:156} INFO - Started process (PID=30860) to work on /opt/airflow/dags/01_ingestion.py
[2026-09-28T00:35:37.282+0000] {processor.py:799} INFO - Processing file /opt/airflow/dags/01_ingestion.py for tasks to queue
[2026-09-28T00:35:37.283+0000] {logging_mixin.py:149} INFO - [2026-09-28T00:35:37.282+0000] {dagbag.py:541} INFO - Filling up the DagBag from /opt/airflow/dags/01_ingestion.py
[2026-09-28T00:35:37.303+0000] {processor.py:809} INFO - DAG(s) dict_keys(['01_ingestion']) retrieved from /opt/airflow/dags/01_ingestion.py
[2026-09-28T00:35:37.355+0000] {logging_mixin.py:149} INFO - [2026-09-28T00:35:37.355+0000] {dag.py:2726} INFO - Sync 1 DAGs
[2026-09-28T00:35:37.411+0000] {logging_mixin.py:149} INFO - [2026-09-28T00:35:37.410+0000] {dag.py:3490} INFO - Setting next_dagrun for 01_ingestion to 2026-09-28T00:35:00+00:00, run_after=2026-09-28T00:40:00+00:00
[2026-09-28T00:35:37.448+0000] {processor.py:178} INFO - Processing /opt/airflow/dags/01_ingestion.py took 0.175 seconds
[2026-09-28T00:36:07.987+0000] {processor.py:156} INFO - Started process (PID=30914) to work on /opt/airflow/dags/01_ingestion.py
[2026-09-28T00:36:07.989+0000] {processor.py:799} INFO - Processing file /opt/airflow/dags/01_ingestion.py for tasks to queue
[2026-09-28T00:36:07.991+0000] {logging_mixin.py:149} INFO - [2026-09-28T00:36:07.991+0000] {dagbag.py:541} INFO - Filling up the DagBag from /opt/airflow/dags/01_ingestion.py
[2026-09-28T00:36:08.011+0000] {processor.py:809} INFO - DAG(s) dict_keys(['01_ingestion']) retrieved from /opt/airflow/dags/01_ingestion.py
[2026-09-28T00:36:08.058+0000] {logging_mixin.py:149} INFO - [2026-09-28T00:36:08.058+0000] {dag.py:2726} INFO - Sync 1 DAGs
[2026-09-28T00:36:08.115+0000] {logging_mixin.py:149} INFO - [2026-09-28T00:36:08.114+0000] {dag.py:3490} INFO - Setting next_dagrun for 01_ingestion to 2026-09-28T00:35:00+00:00, run_after=2026-09-28T00:40:00+00:00
[2026-09-28T00:36:08.155+0000] {processor.py:178} INFO - Processing /opt/airflow/dags/01_ingestion.py took 0.176 seconds
[2026-09-28T00:36:38.351+0000] {processor.py:156} INFO - Started process (PID=30973) to work on /opt/airflow/dags/01_ingestion.py
[2026-09-28T00:36:38.353+0000] {processor.py:799} INFO - Processing file /opt/airflow/dags/01_ingestion.py for tasks to queue
[2026-09-28T00:36:38.354+0000] {logging_mixin.py:149} INFO - [2026-09-28T00:36:38.354+0000] {dagbag.py:541} INFO - Filling up the DagBag from /opt/airflow/dags/01_ingestion.py
[2026-09-28T00:36:38.372+0000] {processor.py:809} INFO - DAG(s) dict_keys(['01_ingestion']) retrieved from /opt/airflow/dags/01_ingestion.py
[2026-09-28T00:36:38.422+0000] {logging_mixin.py:149} INFO - [2026-09-28T00:36:38.422+0000] {dag.py:2726} INFO - Sync 1 DAGs
[2026-09-28T00:36:38.470+0000] {logging_mixin.py:149} INFO - [2026-09-28T00:36:38.470+0000] {dag.py:3490} INFO - Setting next_dagrun for 01_ingestion to 2026-09-28T00:35:00+00:00, run_after=2026-09-28T00:40:00+00:00
[2026-09-28T00:36:38.501+0000] {processor.py:178} INFO - Processing /opt/airflow/dags/01_ingestion.py took 0.156 seconds
[2026-09-28T00:37:08.705+0000] {processor.py:156} INFO - Started process (PID=31032) to work on /opt/airflow/dags/01_ingestion.py
[2026-09-28T00:37:08.709+0000] {processor.py:799} INFO - Processing file /opt/airflow/dags/01_ingestion.py for tasks to queue
[2026-09-28T00:37:08.710+0000] {logging_mixin.py:149} INFO - [2026-09-28T00:37:08.710+0000] {dagbag.py:541} INFO - Filling up the DagBag from /opt/airflow/dags/01_ingestion.py
[2026-09-28T00:37:08.731+0000] {processor.py:809} INFO - DAG(s) dict_keys(['01_ingestion']) retrieved from /opt/airflow/dags/01_ingestion.py
[2026-09-28T00:37:08.775+0000] {logging_mixin.py:149} INFO - [2026-09-28T00:37:08.774+0000] {dag.py:2726} INFO - Sync 1 DAGs
[2026-09-28T00:37:08.829+0000] {logging_mixin.py:149} INFO - [2026-09-28T00:37:08.829+0000] {dag.py:3490} INFO - Setting next_dagrun for 01_ingestion to 2026-09-28T00:35:00+00:00, run_after=2026-09-28T00:40:00+00:00
[2026-09-28T00:37:08.863+0000] {processor.py:178} INFO - Processing /opt/airflow/dags/01_ingestion.py took 0.168 seconds
[2026-09-28T00:37:39.090+0000] {processor.py:156} INFO - Started process (PID=31091) to work on /opt/airflow/dags/01_ingestion.py
[2026-09-28T00:37:39.093+0000] {processor.py:799} INFO - Processing file /opt/airflow/dags/01_ingestion.py for tasks to queue
[2026-09-28T00:37:39.094+0000] {logging_mixin.py:149} INFO - [2026-09-28T00:37:39.094+0000] {dagbag.py:541} INFO - Filling up the DagBag from /opt/airflow/dags/01_ingestion.py
[2026-09-28T00:37:39.113+0000] {processor.py:809} INFO - DAG(s) dict_keys(['01_ingestion']) retrieved from /opt/airflow/dags/01_ingestion.py
[2026-09-28T00:37:39.168+0000] {logging_mixin.py:149} INFO - [2026-09-28T00:37:39.167+0000] {dag.py:2726} INFO - Sync 1 DAGs
[2026-09-28T00:37:39.224+0000] {logging_mixin.py:149} INFO - [2026-09-28T00:37:39.224+0000] {dag.py:3490} INFO - Setting next_dagrun for 01_ingestion to 2026-09-28T00:35:00+00:00, run_after=2026-09-28T00:40:00+00:00
[2026-09-28T00:37:39.258+0000] {processor.py:178} INFO - Processing /opt/airflow/dags/01_ingestion.py took 0.178 seconds
[2026-09-28T00:38:09.442+0000] {processor.py:156} INFO - Started process (PID=31150) to work on /opt/airflow/dags/01_ingestion.py
[2026-09-28T00:38:09.444+0000] {processor.py:799} INFO - Processing file /opt/airflow/dags/01_ingestion.py for tasks to queue
[2026-09-28T00:38:09.445+0000] {logging_mixin.py:149} INFO - [2026-09-28T00:38:09.445+0000] {dagbag.py:541} INFO - Filling up the DagBag from /opt/airflow/dags/01_ingestion.py
[2026-09-28T00:38:09.464+0000] {processor.py:809} INFO - DAG(s) dict_keys(['01_ingestion']) retrieved from /opt/airflow/dags/01_ingestion.py
[2026-09-28T00:38:09.512+0000] {logging_mixin.py:149} INFO - [2026-09-28T00:38:09.511+0000] {dag.py:2726} INFO - Sync 1 DAGs
[2026-09-28T00:38:09.564+0000] {logging_mixin.py:149} INFO - [2026-09-28T00:38:09.564+0000] {dag.py:3490} INFO - Setting next_dagrun for 01_ingestion to 2026-09-28T00:35:00+00:00, run_after=2026-09-28T00:40:00+00:00
[2026-09-28T00:38:09.596+0000] {processor.py:178} INFO - Processing /opt/airflow/dags/01_ingestion.py took 0.161 seconds
[2026-09-28T00:38:39.718+0000] {processor.py:156} INFO - Started process (PID=31209) to work on /opt/airflow/dags/01_ingestion.py
[2026-09-28T00:38:39.721+0000] {processor.py:799} INFO - Processing file /opt/airflow/dags/01_ingestion.py for tasks to queue
[2026-09-28T00:38:39.723+0000] {logging_mixin.py:149} INFO - [2026-09-28T00:38:39.722+0000] {dagbag.py:541} INFO - Filling up the DagBag from /opt/airflow/dags/01_ingestion.py
[2026-09-28T00:38:39.746+0000] {processor.py:809} INFO - DAG(s) dict_keys(['01_ingestion']) retrieved from /opt/airflow/dags/01_ingestion.py
[2026-09-28T00:38:39.791+0000] {logging_mixin.py:149} INFO - [2026-09-28T00:38:39.790+0000] {dag.py:2726} INFO - Sync 1 DAGs
[2026-09-28T00:38:39.840+0000] {logging_mixin.py:149} INFO - [2026-09-28T00:38:39.840+0000] {dag.py:3490} INFO - Setting next_dagrun for 01_ingestion to 2026-09-28T00:35:00+00:00, run_after=2026-09-28T00:40:00+00:00
[2026-09-28T00:38:39.871+0000] {processor.py:178} INFO - Processing /opt/airflow/dags/01_ingestion.py took 0.160 seconds
[2026-09-28T00:39:10.012+0000] {processor.py:156} INFO - Started process (PID=31269) to work on /opt/airflow/dags/01_ingestion.py
[2026-09-28T00:39:10.020+0000] {processor.py:799} INFO - Processing file /opt/airflow/dags/01_ingestion.py for tasks to queue
[2026-09-28T00:39:10.021+0000] {logging_mixin.py:149} INFO - [2026-09-28T00:39:10.021+0000] {dagbag.py:541} INFO - Filling up the DagBag from /opt/airflow/dags/01_ingestion.py
[2026-09-28T00:39:10.041+0000] {processor.py:809} INFO - DAG(s) dict_keys(['01_ingestion']) retrieved from /opt/airflow/dags/01_ingestion.py
[2026-09-28T00:39:10.085+0000] {logging_mixin.py:149} INFO - [2026-09-28T00:39:10.085+0000] {dag.py:2726} INFO - Sync 1 DAGs
[2026-09-28T00:39:10.135+0000] {logging_mixin.py:149} INFO - [2026-09-28T00:39:10.134+0000] {dag.py:3490} INFO - Setting next_dagrun for 01_ingestion to 2026-09-28T00:35:00+00:00, run_after=2026-09-28T00:40:00+00:00
[2026-09-28T00:39:10.164+0000] {processor.py:178} INFO - Processing /opt/airflow/dags/01_ingestion.py took 0.159 seconds
[2026-09-28T00:39:40.665+0000] {processor.py:156} INFO - Started process (PID=31327) to work on /opt/airflow/dags/01_ingestion.py
[2026-09-28T00:39:40.667+0000] {processor.py:799} INFO - Processing file /opt/airflow/dags/01_ingestion.py for tasks to queue
[2026-09-28T00:39:40.668+0000] {logging_mixin.py:149} INFO - [2026-09-28T00:39:40.668+0000] {dagbag.py:541} INFO - Filling up the DagBag from /opt/airflow/dags/01_ingestion.py
[2026-09-28T00:39:40.689+0000] {processor.py:809} INFO - DAG(s) dict_keys(['01_ingestion']) retrieved from /opt/airflow/dags/01_ingestion.py
[2026-09-28T00:39:40.741+0000] {logging_mixin.py:149} INFO - [2026-09-28T00:39:40.741+0000] {dag.py:2726} INFO - Sync 1 DAGs
[2026-09-28T00:39:40.806+0000] {logging_mixin.py:149} INFO - [2026-09-28T00:39:40.805+0000] {dag.py:3490} INFO - Setting next_dagrun for 01_ingestion to 2026-09-28T00:35:00+00:00, run_after=2026-09-28T00:40:00+00:00
[2026-09-28T00:39:40.838+0000] {processor.py:178} INFO - Processing /opt/airflow/dags/01_ingestion.py took 0.179 seconds
[2026-09-28T00:40:11.516+0000] {processor.py:156} INFO - Started process (PID=31386) to work on /opt/airflow/dags/01_ingestion.py
[2026-09-28T00:40:11.517+0000] {processor.py:799} INFO - Processing file /opt/airflow/dags/01_ingestion.py for tasks to queue
[2026-09-28T00:40:11.519+0000] {logging_mixin.py:149} INFO - [2026-09-28T00:40:11.519+0000] {dagbag.py:541} INFO - Filling up the DagBag from /opt/airflow/dags/01_ingestion.py
[2026-09-28T00:40:11.541+0000] {processor.py:809} INFO - DAG(s) dict_keys(['01_ingestion']) retrieved from /opt/airflow/dags/01_ingestion.py
[2026-09-28T00:40:11.588+0000] {logging_mixin.py:149} INFO - [2026-09-28T00:40:11.588+0000] {dag.py:2726} INFO - Sync 1 DAGs
[2026-09-28T00:40:11.671+0000] {processor.py:178} INFO - Processing /opt/airflow/dags/01_ingestion.py took 0.162 seconds
[2026-09-28T00:40:42.010+0000] {processor.py:156} INFO - Started process (PID=31445) to work on /opt/airflow/dags/01_ingestion.py
[2026-09-28T00:40:42.012+0000] {processor.py:799} INFO - Processing file /opt/airflow/dags/01_ingestion.py for tasks to queue
[2026-09-28T00:40:42.013+0000] {logging_mixin.py:149} INFO - [2026-09-28T00:40:42.013+0000] {dagbag.py:541} INFO - Filling up the DagBag from /opt/airflow/dags/01_ingestion.py
[2026-09-28T00:40:42.031+0000] {processor.py:809} INFO - DAG(s) dict_keys(['01_ingestion']) retrieved from /opt/airflow/dags/01_ingestion.py
[2026-09-28T00:40:42.077+0000] {logging_mixin.py:149} INFO - [2026-09-28T00:40:42.077+0000] {dag.py:2726} INFO - Sync 1 DAGs
[2026-09-28T00:40:42.131+0000] {logging_mixin.py:149} INFO - [2026-09-28T00:40:42.131+0000] {dag.py:3490} INFO - Setting next_dagrun for 01_ingestion to 2026-09-28T00:40:00+00:00, run_after=2026-09-28T00:45:00+00:00
[2026-09-28T00:40:42.167+0000] {processor.py:178} INFO - Processing /opt/airflow/dags/01_ingestion.py took 0.163 seconds
