[2026-09-28T02:51:43.476+0000] {processor.py:156} INFO - Started process (PID=46734) to work on /opt/airflow/dags/03_training_dataset.py
[2026-09-28T02:51:43.477+0000] {processor.py:799} INFO - Processing file /opt/airflow/dags/03_training_dataset.py for tasks to queue
[2026-09-28T02:51:43.478+0000] {logging_mixin.py:149} INFO - [2026-09-28T02:51:43.478+0000] {dagbag.py:541} INFO - Filling up the DagBag from /opt/airflow/dags/03_training_dataset.py
[2026-09-28T02:51:43.491+0000] {processor.py:809} INFO - DAG(s) dict_keys(['03_training_dataset']) retrieved from /opt/airflow/dags/03_training_dataset.py
[2026-09-28T02:51:43.689+0000] {logging_mixin.py:149} INFO - [2026-09-28T02:51:43.689+0000] {manager.py:504} INFO - Created Permission View: can read on DAG:03_training_dataset
[2026-09-28T02:51:43.703+0000] {logging_mixin.py:149} INFO - [2026-09-28T02:51:43.703+0000] {manager.py:504} INFO - Created Permission View: can delete on DAG:03_training_dataset
[2026-09-28T02:51:43.713+0000] {logging_mixin.py:149} INFO - [2026-09-28T02:51:43.713+0000] {manager.py:504} INFO - Created Permission View: can edit on DAG:03_training_dataset
[2026-09-28T02:51:43.714+0000] {logging_mixin.py:149} INFO - [2026-09-28T02:51:43.713+0000] {dag.py:2726} INFO - Sync 1 DAGs
[2026-09-28T02:51:43.735+0000] {logging_mixin.py:149} INFO - [2026-09-28T02:51:43.735+0000] {dag.py:2747} INFO - Creating ORM DAG for 03_training_dataset
[2026-09-28T02:51:43.753+0000] {logging_mixin.py:149} INFO - [2026-09-28T02:51:43.753+0000] {dag.py:3490} INFO - Setting next_dagrun for 03_training_dataset to None, run_after=None
[2026-09-28T02:51:43.786+0000] {processor.py:178} INFO - Processing /opt/airflow/dags/03_training_dataset.py took 0.316 seconds
[2026-09-28T02:52:13.904+0000] {processor.py:156} INFO - Started process (PID=46815) to work on /opt/airflow/dags/03_training_dataset.py
[2026-09-28T02:52:13.909+0000] {processor.py:799} INFO - Processing file /opt/airflow/dags/03_training_dataset.py for tasks to queue
[2026-09-28T02:52:13.911+0000] {logging_mixin.py:149} INFO - [2026-09-28T02:52:13.910+0000] {dagbag.py:541} INFO - Filling up the DagBag from /opt/airflow/dags/03_training_dataset.py
[2026-09-28T02:52:13.924+0000] {processor.py:809} INFO - DAG(s) dict_keys(['03_training_dataset']) retrieved from /opt/airflow/dags/03_training_dataset.py
[2026-09-28T02:52:13.971+0000] {logging_mixin.py:149} INFO - [2026-09-28T02:52:13.971+0000] {dag.py:2726} INFO - Sync 1 DAGs
[2026-09-28T02:52:14.049+0000] {processor.py:178} INFO - Processing /opt/airflow/dags/03_training_dataset.py took 0.152 seconds
[2026-09-28T02:52:44.601+0000] {processor.py:156} INFO - Started process (PID=46875) to work on /opt/airflow/dags/03_training_dataset.py
[2026-09-28T02:52:44.605+0000] {processor.py:799} INFO - Processing file /opt/airflow/dags/03_training_dataset.py for tasks to queue
[2026-09-28T02:52:44.607+0000] {logging_mixin.py:149} INFO - [2026-09-28T02:52:44.606+0000] {dagbag.py:541} INFO - Filling up the DagBag from /opt/airflow/dags/03_training_dataset.py
[2026-09-28T02:52:44.620+0000] {processor.py:809} INFO - DAG(s) dict_keys(['03_training_dataset']) retrieved from /opt/airflow/dags/03_training_dataset.py
[2026-09-28T02:52:44.671+0000] {logging_mixin.py:149} INFO - [2026-09-28T02:52:44.671+0000] {dag.py:2726} INFO - Sync 1 DAGs
[2026-09-28T02:52:44.753+0000] {processor.py:178} INFO - Processing /opt/airflow/dags/03_training_dataset.py took 0.159 seconds
[2026-09-28T02:53:15.204+0000] {processor.py:156} INFO - Started process (PID=46944) to work on /opt/airflow/dags/03_training_dataset.py
[2026-09-28T02:53:15.209+0000] {processor.py:799} INFO - Processing file /opt/airflow/dags/03_training_dataset.py for tasks to queue
[2026-09-28T02:53:15.210+0000] {logging_mixin.py:149} INFO - [2026-09-28T02:53:15.210+0000] {dagbag.py:541} INFO - Filling up the DagBag from /opt/airflow/dags/03_training_dataset.py
[2026-09-28T02:53:15.223+0000] {processor.py:809} INFO - DAG(s) dict_keys(['03_training_dataset']) retrieved from /opt/airflow/dags/03_training_dataset.py
[2026-09-28T02:53:15.270+0000] {logging_mixin.py:149} INFO - [2026-09-28T02:53:15.270+0000] {dag.py:2726} INFO - Sync 1 DAGs
[2026-09-28T02:53:15.354+0000] {processor.py:178} INFO - Processing /opt/airflow/dags/03_training_dataset.py took 0.157 seconds
[2026-09-28T02:53:45.687+0000] {processor.py:156} INFO - Started process (PID=47004) to work on /opt/airflow/dags/03_training_dataset.py
[2026-09-28T02:53:45.689+0000] {processor.py:799} INFO - Processing file /opt/airflow/dags/03_training_dataset.py for tasks to queue
[2026-09-28T02:53:45.690+0000] {logging_mixin.py:149} INFO - [2026-09-28T02:53:45.690+0000] {dagbag.py:541} INFO - Filling up the DagBag from /opt/airflow/dags/03_training_dataset.py
[2026-09-28T02:53:45.704+0000] {processor.py:809} INFO - DAG(s) dict_keys(['03_training_dataset']) retrieved from /opt/airflow/dags/03_training_dataset.py
[2026-09-28T02:53:45.754+0000] {logging_mixin.py:149} INFO - [2026-09-28T02:53:45.754+0000] {dag.py:2726} INFO - Sync 1 DAGs
[2026-09-28T02:53:45.839+0000] {processor.py:178} INFO - Processing /opt/airflow/dags/03_training_dataset.py took 0.162 seconds
[2026-09-28T02:54:16.273+0000] {processor.py:156} INFO - Started process (PID=47065) to work on /opt/airflow/dags/03_training_dataset.py
[2026-09-28T02:54:16.276+0000] {processor.py:799} INFO - Processing file /opt/airflow/dags/03_training_dataset.py for tasks to queue
[2026-09-28T02:54:16.277+0000] {logging_mixin.py:149} INFO - [2026-09-28T02:54:16.277+0000] {dagbag.py:541} INFO - Filling up the DagBag from /opt/airflow/dags/03_training_dataset.py
[2026-09-28T02:54:16.289+0000] {processor.py:809} INFO - DAG(s) dict_keys(['03_training_dataset']) retrieved from /opt/airflow/dags/03_training_dataset.py
[2026-09-28T02:54:16.345+0000] {logging_mixin.py:149} INFO - [2026-09-28T02:54:16.345+0000] {dag.py:2726} INFO - Sync 1 DAGs
[2026-09-28T02:54:16.431+0000] {processor.py:178} INFO - Processing /opt/airflow/dags/03_training_dataset.py took 0.164 seconds
[2026-09-28T02:54:46.631+0000] {processor.py:156} INFO - Started process (PID=47125) to work on /opt/airflow/dags/03_training_dataset.py
[2026-09-28T02:54:46.632+0000] {processor.py:799} INFO - Processing file /opt/airflow/dags/03_training_dataset.py for tasks to queue
[2026-09-28T02:54:46.633+0000] {logging_mixin.py:149} INFO - [2026-09-28T02:54:46.633+0000] {dagbag.py:541} INFO - Filling up the DagBag from /opt/airflow/dags/03_training_dataset.py
[2026-09-28T02:54:46.645+0000] {processor.py:809} INFO - DAG(s) dict_keys(['03_training_dataset']) retrieved from /opt/airflow/dags/03_training_dataset.py
[2026-09-28T02:54:46.693+0000] {logging_mixin.py:149} INFO - [2026-09-28T02:54:46.692+0000] {dag.py:2726} INFO - Sync 1 DAGs
[2026-09-28T02:54:46.768+0000] {processor.py:178} INFO - Processing /opt/airflow/dags/03_training_dataset.py took 0.143 seconds
[2026-09-28T02:55:16.813+0000] {processor.py:156} INFO - Started process (PID=47200) to work on /opt/airflow/dags/03_training_dataset.py
[2026-09-28T02:55:16.814+0000] {processor.py:799} INFO - Processing file /opt/airflow/dags/03_training_dataset.py for tasks to queue
[2026-09-28T02:55:16.815+0000] {logging_mixin.py:149} INFO - [2026-09-28T02:55:16.815+0000] {dagbag.py:541} INFO - Filling up the DagBag from /opt/airflow/dags/03_training_dataset.py
[2026-09-28T02:55:16.826+0000] {processor.py:809} INFO - DAG(s) dict_keys(['03_training_dataset']) retrieved from /opt/airflow/dags/03_training_dataset.py
[2026-09-28T02:55:16.885+0000] {logging_mixin.py:149} INFO - [2026-09-28T02:55:16.885+0000] {dag.py:2726} INFO - Sync 1 DAGs
[2026-09-28T02:55:17.050+0000] {processor.py:178} INFO - Processing /opt/airflow/dags/03_training_dataset.py took 0.243 seconds
[2026-09-28T02:55:47.241+0000] {processor.py:156} INFO - Started process (PID=47280) to work on /opt/airflow/dags/03_training_dataset.py
[2026-09-28T02:55:47.242+0000] {processor.py:799} INFO - Processing file /opt/airflow/dags/03_training_dataset.py for tasks to queue
[2026-09-28T02:55:47.243+0000] {logging_mixin.py:149} INFO - [2026-09-28T02:55:47.243+0000] {dagbag.py:541} INFO - Filling up the DagBag from /opt/airflow/dags/03_training_dataset.py
[2026-09-28T02:55:47.256+0000] {processor.py:809} INFO - DAG(s) dict_keys(['03_training_dataset']) retrieved from /opt/airflow/dags/03_training_dataset.py
[2026-09-28T02:55:47.304+0000] {logging_mixin.py:149} INFO - [2026-09-28T02:55:47.304+0000] {dag.py:2726} INFO - Sync 1 DAGs
[2026-09-28T02:55:47.355+0000] {logging_mixin.py:149} INFO - [2026-09-28T02:55:47.354+0000] {dag.py:3490} INFO - Setting next_dagrun for 03_training_dataset to None, run_after=None
[2026-09-28T02:55:47.393+0000] {processor.py:178} INFO - Processing /opt/airflow/dags/03_training_dataset.py took 0.159 seconds
[2026-09-28T02:56:17.536+0000] {processor.py:156} INFO - Started process (PID=47340) to work on /opt/airflow/dags/03_training_dataset.py
[2026-09-28T02:56:17.537+0000] {processor.py:799} INFO - Processing file /opt/airflow/dags/03_training_dataset.py for tasks to queue
[2026-09-28T02:56:17.539+0000] {logging_mixin.py:149} INFO - [2026-09-28T02:56:17.538+0000] {dagbag.py:541} INFO - Filling up the DagBag from /opt/airflow/dags/03_training_dataset.py
[2026-09-28T02:56:17.551+0000] {processor.py:809} INFO - DAG(s) dict_keys(['03_training_dataset']) retrieved from /opt/airflow/dags/03_training_dataset.py
[2026-09-28T02:56:17.598+0000] {logging_mixin.py:149} INFO - [2026-09-28T02:56:17.598+0000] {dag.py:2726} INFO - Sync 1 DAGs
[2026-09-28T02:56:17.652+0000] {logging_mixin.py:149} INFO - [2026-09-28T02:56:17.652+0000] {dag.py:3490} INFO - Setting next_dagrun for 03_training_dataset to None, run_after=None
[2026-09-28T02:56:17.684+0000] {processor.py:178} INFO - Processing /opt/airflow/dags/03_training_dataset.py took 0.155 seconds
[2026-09-28T02:56:48.344+0000] {processor.py:156} INFO - Started process (PID=47400) to work on /opt/airflow/dags/03_training_dataset.py
[2026-09-28T02:56:48.345+0000] {processor.py:799} INFO - Processing file /opt/airflow/dags/03_training_dataset.py for tasks to queue
[2026-09-28T02:56:48.346+0000] {logging_mixin.py:149} INFO - [2026-09-28T02:56:48.346+0000] {dagbag.py:541} INFO - Filling up the DagBag from /opt/airflow/dags/03_training_dataset.py
[2026-09-28T02:56:48.358+0000] {processor.py:809} INFO - DAG(s) dict_keys(['03_training_dataset']) retrieved from /opt/airflow/dags/03_training_dataset.py
[2026-09-28T02:56:48.399+0000] {logging_mixin.py:149} INFO - [2026-09-28T02:56:48.399+0000] {dag.py:2726} INFO - Sync 1 DAGs
[2026-09-28T02:56:48.452+0000] {logging_mixin.py:149} INFO - [2026-09-28T02:56:48.452+0000] {dag.py:3490} INFO - Setting next_dagrun for 03_training_dataset to None, run_after=None
[2026-09-28T02:56:48.484+0000] {processor.py:178} INFO - Processing /opt/airflow/dags/03_training_dataset.py took 0.146 seconds
[2026-09-28T02:57:18.561+0000] {processor.py:156} INFO - Started process (PID=47460) to work on /opt/airflow/dags/03_training_dataset.py
[2026-09-28T02:57:18.563+0000] {processor.py:799} INFO - Processing file /opt/airflow/dags/03_training_dataset.py for tasks to queue
[2026-09-28T02:57:18.564+0000] {logging_mixin.py:149} INFO - [2026-09-28T02:57:18.563+0000] {dagbag.py:541} INFO - Filling up the DagBag from /opt/airflow/dags/03_training_dataset.py
[2026-09-28T02:57:18.575+0000] {processor.py:809} INFO - DAG(s) dict_keys(['03_training_dataset']) retrieved from /opt/airflow/dags/03_training_dataset.py
[2026-09-28T02:57:18.620+0000] {logging_mixin.py:149} INFO - [2026-09-28T02:57:18.620+0000] {dag.py:2726} INFO - Sync 1 DAGs
[2026-09-28T02:57:18.668+0000] {logging_mixin.py:149} INFO - [2026-09-28T02:57:18.668+0000] {dag.py:3490} INFO - Setting next_dagrun for 03_training_dataset to None, run_after=None
[2026-09-28T02:57:18.701+0000] {processor.py:178} INFO - Processing /opt/airflow/dags/03_training_dataset.py took 0.145 seconds
[2026-09-28T02:57:49.220+0000] {processor.py:156} INFO - Started process (PID=47520) to work on /opt/airflow/dags/03_training_dataset.py
[2026-09-28T02:57:49.222+0000] {processor.py:799} INFO - Processing file /opt/airflow/dags/03_training_dataset.py for tasks to queue
[2026-09-28T02:57:49.223+0000] {logging_mixin.py:149} INFO - [2026-09-28T02:57:49.223+0000] {dagbag.py:541} INFO - Filling up the DagBag from /opt/airflow/dags/03_training_dataset.py
[2026-09-28T02:57:49.234+0000] {processor.py:809} INFO - DAG(s) dict_keys(['03_training_dataset']) retrieved from /opt/airflow/dags/03_training_dataset.py
[2026-09-28T02:57:49.280+0000] {logging_mixin.py:149} INFO - [2026-09-28T02:57:49.279+0000] {dag.py:2726} INFO - Sync 1 DAGs
[2026-09-28T02:57:49.323+0000] {logging_mixin.py:149} INFO - [2026-09-28T02:57:49.322+0000] {dag.py:3490} INFO - Setting next_dagrun for 03_training_dataset to None, run_after=None
[2026-09-28T02:57:49.353+0000] {processor.py:178} INFO - Processing /opt/airflow/dags/03_training_dataset.py took 0.139 seconds
[2026-09-28T02:58:19.971+0000] {processor.py:156} INFO - Started process (PID=47579) to work on /opt/airflow/dags/03_training_dataset.py
[2026-09-28T02:58:19.974+0000] {processor.py:799} INFO - Processing file /opt/airflow/dags/03_training_dataset.py for tasks to queue
[2026-09-28T02:58:19.975+0000] {logging_mixin.py:149} INFO - [2026-09-28T02:58:19.975+0000] {dagbag.py:541} INFO - Filling up the DagBag from /opt/airflow/dags/03_training_dataset.py
[2026-09-28T02:58:19.992+0000] {processor.py:809} INFO - DAG(s) dict_keys(['03_training_dataset']) retrieved from /opt/airflow/dags/03_training_dataset.py
[2026-09-28T02:58:20.043+0000] {logging_mixin.py:149} INFO - [2026-09-28T02:58:20.042+0000] {dag.py:2726} INFO - Sync 1 DAGs
[2026-09-28T02:58:20.093+0000] {logging_mixin.py:149} INFO - [2026-09-28T02:58:20.092+0000] {dag.py:3490} INFO - Setting next_dagrun for 03_training_dataset to None, run_after=None
[2026-09-28T02:58:20.127+0000] {processor.py:178} INFO - Processing /opt/airflow/dags/03_training_dataset.py took 0.163 seconds
[2026-09-28T02:58:50.266+0000] {processor.py:156} INFO - Started process (PID=47640) to work on /opt/airflow/dags/03_training_dataset.py
[2026-09-28T02:58:50.267+0000] {processor.py:799} INFO - Processing file /opt/airflow/dags/03_training_dataset.py for tasks to queue
[2026-09-28T02:58:50.268+0000] {logging_mixin.py:149} INFO - [2026-09-28T02:58:50.268+0000] {dagbag.py:541} INFO - Filling up the DagBag from /opt/airflow/dags/03_training_dataset.py
[2026-09-28T02:58:50.280+0000] {processor.py:809} INFO - DAG(s) dict_keys(['03_training_dataset']) retrieved from /opt/airflow/dags/03_training_dataset.py
[2026-09-28T02:58:50.324+0000] {logging_mixin.py:149} INFO - [2026-09-28T02:58:50.324+0000] {dag.py:2726} INFO - Sync 1 DAGs
[2026-09-28T02:58:50.374+0000] {logging_mixin.py:149} INFO - [2026-09-28T02:58:50.374+0000] {dag.py:3490} INFO - Setting next_dagrun for 03_training_dataset to None, run_after=None
[2026-09-28T02:58:50.404+0000] {processor.py:178} INFO - Processing /opt/airflow/dags/03_training_dataset.py took 0.145 seconds
[2026-09-28T02:59:07.054+0000] {processor.py:156} INFO - Started process (PID=47670) to work on /opt/airflow/dags/03_training_dataset.py
[2026-09-28T02:59:07.057+0000] {processor.py:799} INFO - Processing file /opt/airflow/dags/03_training_dataset.py for tasks to queue
[2026-09-28T02:59:07.059+0000] {logging_mixin.py:149} INFO - [2026-09-28T02:59:07.059+0000] {dagbag.py:541} INFO - Filling up the DagBag from /opt/airflow/dags/03_training_dataset.py
[2026-09-28T02:59:07.082+0000] {processor.py:809} INFO - DAG(s) dict_keys(['03_training_dataset']) retrieved from /opt/airflow/dags/03_training_dataset.py
[2026-09-28T02:59:07.127+0000] {logging_mixin.py:149} INFO - [2026-09-28T02:59:07.127+0000] {dag.py:2726} INFO - Sync 1 DAGs
[2026-09-28T02:59:07.177+0000] {logging_mixin.py:149} INFO - [2026-09-28T02:59:07.176+0000] {dag.py:3490} INFO - Setting next_dagrun for 03_training_dataset to None, run_after=None
[2026-09-28T02:59:07.216+0000] {processor.py:178} INFO - Processing /opt/airflow/dags/03_training_dataset.py took 0.168 seconds
[2026-09-28T02:59:37.381+0000] {processor.py:156} INFO - Started process (PID=47730) to work on /opt/airflow/dags/03_training_dataset.py
[2026-09-28T02:59:37.382+0000] {processor.py:799} INFO - Processing file /opt/airflow/dags/03_training_dataset.py for tasks to queue
[2026-09-28T02:59:37.384+0000] {logging_mixin.py:149} INFO - [2026-09-28T02:59:37.383+0000] {dagbag.py:541} INFO - Filling up the DagBag from /opt/airflow/dags/03_training_dataset.py
[2026-09-28T02:59:37.395+0000] {processor.py:809} INFO - DAG(s) dict_keys(['03_training_dataset']) retrieved from /opt/airflow/dags/03_training_dataset.py
[2026-09-28T02:59:37.446+0000] {logging_mixin.py:149} INFO - [2026-09-28T02:59:37.445+0000] {dag.py:2726} INFO - Sync 1 DAGs
[2026-09-28T02:59:37.493+0000] {logging_mixin.py:149} INFO - [2026-09-28T02:59:37.493+0000] {dag.py:3490} INFO - Setting next_dagrun for 03_training_dataset to None, run_after=None
[2026-09-28T02:59:37.531+0000] {processor.py:178} INFO - Processing /opt/airflow/dags/03_training_dataset.py took 0.157 seconds
[2026-09-28T03:00:07.980+0000] {processor.py:156} INFO - Started process (PID=47813) to work on /opt/airflow/dags/03_training_dataset.py
[2026-09-28T03:00:07.982+0000] {processor.py:799} INFO - Processing file /opt/airflow/dags/03_training_dataset.py for tasks to queue
[2026-09-28T03:00:07.983+0000] {logging_mixin.py:149} INFO - [2026-09-28T03:00:07.983+0000] {dagbag.py:541} INFO - Filling up the DagBag from /opt/airflow/dags/03_training_dataset.py
[2026-09-28T03:00:07.997+0000] {processor.py:809} INFO - DAG(s) dict_keys(['03_training_dataset']) retrieved from /opt/airflow/dags/03_training_dataset.py
[2026-09-28T03:00:08.044+0000] {logging_mixin.py:149} INFO - [2026-09-28T03:00:08.044+0000] {dag.py:2726} INFO - Sync 1 DAGs
[2026-09-28T03:00:08.106+0000] {logging_mixin.py:149} INFO - [2026-09-28T03:00:08.106+0000] {dag.py:3490} INFO - Setting next_dagrun for 03_training_dataset to None, run_after=None
[2026-09-28T03:00:08.144+0000] {processor.py:178} INFO - Processing /opt/airflow/dags/03_training_dataset.py took 0.171 seconds
[2026-09-28T03:00:38.321+0000] {processor.py:156} INFO - Started process (PID=47882) to work on /opt/airflow/dags/03_training_dataset.py
[2026-09-28T03:00:38.325+0000] {processor.py:799} INFO - Processing file /opt/airflow/dags/03_training_dataset.py for tasks to queue
[2026-09-28T03:00:38.326+0000] {logging_mixin.py:149} INFO - [2026-09-28T03:00:38.325+0000] {dagbag.py:541} INFO - Filling up the DagBag from /opt/airflow/dags/03_training_dataset.py
[2026-09-28T03:00:38.343+0000] {processor.py:809} INFO - DAG(s) dict_keys(['03_training_dataset']) retrieved from /opt/airflow/dags/03_training_dataset.py
[2026-09-28T03:00:38.385+0000] {logging_mixin.py:149} INFO - [2026-09-28T03:00:38.385+0000] {dag.py:2726} INFO - Sync 1 DAGs
[2026-09-28T03:00:38.436+0000] {logging_mixin.py:149} INFO - [2026-09-28T03:00:38.436+0000] {dag.py:3490} INFO - Setting next_dagrun for 03_training_dataset to None, run_after=None
[2026-09-28T03:00:38.469+0000] {processor.py:178} INFO - Processing /opt/airflow/dags/03_training_dataset.py took 0.155 seconds
[2026-09-28T03:01:08.711+0000] {processor.py:156} INFO - Started process (PID=47942) to work on /opt/airflow/dags/03_training_dataset.py
[2026-09-28T03:01:08.713+0000] {processor.py:799} INFO - Processing file /opt/airflow/dags/03_training_dataset.py for tasks to queue
[2026-09-28T03:01:08.714+0000] {logging_mixin.py:149} INFO - [2026-09-28T03:01:08.714+0000] {dagbag.py:541} INFO - Filling up the DagBag from /opt/airflow/dags/03_training_dataset.py
[2026-09-28T03:01:08.727+0000] {processor.py:809} INFO - DAG(s) dict_keys(['03_training_dataset']) retrieved from /opt/airflow/dags/03_training_dataset.py
[2026-09-28T03:01:08.774+0000] {logging_mixin.py:149} INFO - [2026-09-28T03:01:08.774+0000] {dag.py:2726} INFO - Sync 1 DAGs
[2026-09-28T03:01:08.826+0000] {logging_mixin.py:149} INFO - [2026-09-28T03:01:08.825+0000] {dag.py:3490} INFO - Setting next_dagrun for 03_training_dataset to None, run_after=None
[2026-09-28T03:01:08.857+0000] {processor.py:178} INFO - Processing /opt/airflow/dags/03_training_dataset.py took 0.154 seconds
[2026-09-28T03:01:39.412+0000] {processor.py:156} INFO - Started process (PID=48002) to work on /opt/airflow/dags/03_training_dataset.py
[2026-09-28T03:01:39.414+0000] {processor.py:799} INFO - Processing file /opt/airflow/dags/03_training_dataset.py for tasks to queue
[2026-09-28T03:01:39.415+0000] {logging_mixin.py:149} INFO - [2026-09-28T03:01:39.415+0000] {dagbag.py:541} INFO - Filling up the DagBag from /opt/airflow/dags/03_training_dataset.py
[2026-09-28T03:01:39.427+0000] {processor.py:809} INFO - DAG(s) dict_keys(['03_training_dataset']) retrieved from /opt/airflow/dags/03_training_dataset.py
[2026-09-28T03:01:39.472+0000] {logging_mixin.py:149} INFO - [2026-09-28T03:01:39.472+0000] {dag.py:2726} INFO - Sync 1 DAGs
[2026-09-28T03:01:39.514+0000] {logging_mixin.py:149} INFO - [2026-09-28T03:01:39.513+0000] {dag.py:3490} INFO - Setting next_dagrun for 03_training_dataset to None, run_after=None
[2026-09-28T03:01:39.542+0000] {processor.py:178} INFO - Processing /opt/airflow/dags/03_training_dataset.py took 0.136 seconds
[2026-09-28T03:02:09.674+0000] {processor.py:156} INFO - Started process (PID=48062) to work on /opt/airflow/dags/03_training_dataset.py
[2026-09-28T03:02:09.676+0000] {processor.py:799} INFO - Processing file /opt/airflow/dags/03_training_dataset.py for tasks to queue
[2026-09-28T03:02:09.677+0000] {logging_mixin.py:149} INFO - [2026-09-28T03:02:09.677+0000] {dagbag.py:541} INFO - Filling up the DagBag from /opt/airflow/dags/03_training_dataset.py
[2026-09-28T03:02:09.689+0000] {processor.py:809} INFO - DAG(s) dict_keys(['03_training_dataset']) retrieved from /opt/airflow/dags/03_training_dataset.py
[2026-09-28T03:02:09.739+0000] {logging_mixin.py:149} INFO - [2026-09-28T03:02:09.739+0000] {dag.py:2726} INFO - Sync 1 DAGs
[2026-09-28T03:02:09.787+0000] {logging_mixin.py:149} INFO - [2026-09-28T03:02:09.787+0000] {dag.py:3490} INFO - Setting next_dagrun for 03_training_dataset to None, run_after=None
[2026-09-28T03:02:09.830+0000] {processor.py:178} INFO - Processing /opt/airflow/dags/03_training_dataset.py took 0.162 seconds
[2026-09-28T03:02:40.048+0000] {processor.py:156} INFO - Started process (PID=48122) to work on /opt/airflow/dags/03_training_dataset.py
[2026-09-28T03:02:40.049+0000] {processor.py:799} INFO - Processing file /opt/airflow/dags/03_training_dataset.py for tasks to queue
[2026-09-28T03:02:40.050+0000] {logging_mixin.py:149} INFO - [2026-09-28T03:02:40.050+0000] {dagbag.py:541} INFO - Filling up the DagBag from /opt/airflow/dags/03_training_dataset.py
[2026-09-28T03:02:40.064+0000] {processor.py:809} INFO - DAG(s) dict_keys(['03_training_dataset']) retrieved from /opt/airflow/dags/03_training_dataset.py
[2026-09-28T03:02:40.109+0000] {logging_mixin.py:149} INFO - [2026-09-28T03:02:40.108+0000] {dag.py:2726} INFO - Sync 1 DAGs
[2026-09-28T03:02:40.159+0000] {logging_mixin.py:149} INFO - [2026-09-28T03:02:40.159+0000] {dag.py:3490} INFO - Setting next_dagrun for 03_training_dataset to None, run_after=None
[2026-09-28T03:02:40.193+0000] {processor.py:178} INFO - Processing /opt/airflow/dags/03_training_dataset.py took 0.153 seconds
[2026-09-28T03:03:10.295+0000] {processor.py:156} INFO - Started process (PID=48182) to work on /opt/airflow/dags/03_training_dataset.py
[2026-09-28T03:03:10.297+0000] {processor.py:799} INFO - Processing file /opt/airflow/dags/03_training_dataset.py for tasks to queue
[2026-09-28T03:03:10.298+0000] {logging_mixin.py:149} INFO - [2026-09-28T03:03:10.298+0000] {dagbag.py:541} INFO - Filling up the DagBag from /opt/airflow/dags/03_training_dataset.py
[2026-09-28T03:03:10.310+0000] {processor.py:809} INFO - DAG(s) dict_keys(['03_training_dataset']) retrieved from /opt/airflow/dags/03_training_dataset.py
[2026-09-28T03:03:10.353+0000] {logging_mixin.py:149} INFO - [2026-09-28T03:03:10.352+0000] {dag.py:2726} INFO - Sync 1 DAGs
[2026-09-28T03:03:10.395+0000] {logging_mixin.py:149} INFO - [2026-09-28T03:03:10.394+0000] {dag.py:3490} INFO - Setting next_dagrun for 03_training_dataset to None, run_after=None
[2026-09-28T03:03:10.423+0000] {processor.py:178} INFO - Processing /opt/airflow/dags/03_training_dataset.py took 0.135 seconds
[2026-09-28T03:03:40.857+0000] {processor.py:156} INFO - Started process (PID=48242) to work on /opt/airflow/dags/03_training_dataset.py
[2026-09-28T03:03:40.858+0000] {processor.py:799} INFO - Processing file /opt/airflow/dags/03_training_dataset.py for tasks to queue
[2026-09-28T03:03:40.860+0000] {logging_mixin.py:149} INFO - [2026-09-28T03:03:40.859+0000] {dagbag.py:541} INFO - Filling up the DagBag from /opt/airflow/dags/03_training_dataset.py
[2026-09-28T03:03:40.872+0000] {processor.py:809} INFO - DAG(s) dict_keys(['03_training_dataset']) retrieved from /opt/airflow/dags/03_training_dataset.py
[2026-09-28T03:03:40.924+0000] {logging_mixin.py:149} INFO - [2026-09-28T03:03:40.924+0000] {dag.py:2726} INFO - Sync 1 DAGs
[2026-09-28T03:03:40.968+0000] {logging_mixin.py:149} INFO - [2026-09-28T03:03:40.968+0000] {dag.py:3490} INFO - Setting next_dagrun for 03_training_dataset to None, run_after=None
[2026-09-28T03:03:40.999+0000] {processor.py:178} INFO - Processing /opt/airflow/dags/03_training_dataset.py took 0.148 seconds
[2026-09-28T03:04:11.243+0000] {processor.py:156} INFO - Started process (PID=48302) to work on /opt/airflow/dags/03_training_dataset.py
[2026-09-28T03:04:11.245+0000] {processor.py:799} INFO - Processing file /opt/airflow/dags/03_training_dataset.py for tasks to queue
[2026-09-28T03:04:11.246+0000] {logging_mixin.py:149} INFO - [2026-09-28T03:04:11.246+0000] {dagbag.py:541} INFO - Filling up the DagBag from /opt/airflow/dags/03_training_dataset.py
[2026-09-28T03:04:11.258+0000] {processor.py:809} INFO - DAG(s) dict_keys(['03_training_dataset']) retrieved from /opt/airflow/dags/03_training_dataset.py
[2026-09-28T03:04:11.302+0000] {logging_mixin.py:149} INFO - [2026-09-28T03:04:11.302+0000] {dag.py:2726} INFO - Sync 1 DAGs
[2026-09-28T03:04:11.347+0000] {logging_mixin.py:149} INFO - [2026-09-28T03:04:11.347+0000] {dag.py:3490} INFO - Setting next_dagrun for 03_training_dataset to None, run_after=None
[2026-09-28T03:04:11.378+0000] {processor.py:178} INFO - Processing /opt/airflow/dags/03_training_dataset.py took 0.143 seconds
[2026-09-28T03:04:41.557+0000] {processor.py:156} INFO - Started process (PID=48363) to work on /opt/airflow/dags/03_training_dataset.py
[2026-09-28T03:04:41.558+0000] {processor.py:799} INFO - Processing file /opt/airflow/dags/03_training_dataset.py for tasks to queue
[2026-09-28T03:04:41.559+0000] {logging_mixin.py:149} INFO - [2026-09-28T03:04:41.559+0000] {dagbag.py:541} INFO - Filling up the DagBag from /opt/airflow/dags/03_training_dataset.py
[2026-09-28T03:04:41.572+0000] {processor.py:809} INFO - DAG(s) dict_keys(['03_training_dataset']) retrieved from /opt/airflow/dags/03_training_dataset.py
[2026-09-28T03:04:41.621+0000] {logging_mixin.py:149} INFO - [2026-09-28T03:04:41.621+0000] {dag.py:2726} INFO - Sync 1 DAGs
[2026-09-28T03:04:41.664+0000] {logging_mixin.py:149} INFO - [2026-09-28T03:04:41.663+0000] {dag.py:3490} INFO - Setting next_dagrun for 03_training_dataset to None, run_after=None
[2026-09-28T03:04:41.698+0000] {processor.py:178} INFO - Processing /opt/airflow/dags/03_training_dataset.py took 0.149 seconds
[2026-09-28T03:05:12.125+0000] {processor.py:156} INFO - Started process (PID=48423) to work on /opt/airflow/dags/03_training_dataset.py
[2026-09-28T03:05:12.127+0000] {processor.py:799} INFO - Processing file /opt/airflow/dags/03_training_dataset.py for tasks to queue
[2026-09-28T03:05:12.128+0000] {logging_mixin.py:149} INFO - [2026-09-28T03:05:12.128+0000] {dagbag.py:541} INFO - Filling up the DagBag from /opt/airflow/dags/03_training_dataset.py
[2026-09-28T03:05:12.140+0000] {processor.py:809} INFO - DAG(s) dict_keys(['03_training_dataset']) retrieved from /opt/airflow/dags/03_training_dataset.py
[2026-09-28T03:05:12.189+0000] {logging_mixin.py:149} INFO - [2026-09-28T03:05:12.188+0000] {dag.py:2726} INFO - Sync 1 DAGs
[2026-09-28T03:05:12.235+0000] {logging_mixin.py:149} INFO - [2026-09-28T03:05:12.235+0000] {dag.py:3490} INFO - Setting next_dagrun for 03_training_dataset to None, run_after=None
[2026-09-28T03:05:12.267+0000] {processor.py:178} INFO - Processing /opt/airflow/dags/03_training_dataset.py took 0.149 seconds
[2026-09-28T03:05:42.667+0000] {processor.py:156} INFO - Started process (PID=48483) to work on /opt/airflow/dags/03_training_dataset.py
[2026-09-28T03:05:42.669+0000] {processor.py:799} INFO - Processing file /opt/airflow/dags/03_training_dataset.py for tasks to queue
[2026-09-28T03:05:42.670+0000] {logging_mixin.py:149} INFO - [2026-09-28T03:05:42.670+0000] {dagbag.py:541} INFO - Filling up the DagBag from /opt/airflow/dags/03_training_dataset.py
[2026-09-28T03:05:42.681+0000] {processor.py:809} INFO - DAG(s) dict_keys(['03_training_dataset']) retrieved from /opt/airflow/dags/03_training_dataset.py
[2026-09-28T03:05:42.731+0000] {logging_mixin.py:149} INFO - [2026-09-28T03:05:42.731+0000] {dag.py:2726} INFO - Sync 1 DAGs
[2026-09-28T03:05:42.783+0000] {logging_mixin.py:149} INFO - [2026-09-28T03:05:42.783+0000] {dag.py:3490} INFO - Setting next_dagrun for 03_training_dataset to None, run_after=None
[2026-09-28T03:05:42.816+0000] {processor.py:178} INFO - Processing /opt/airflow/dags/03_training_dataset.py took 0.155 seconds
[2026-09-28T03:06:13.267+0000] {processor.py:156} INFO - Started process (PID=48538) to work on /opt/airflow/dags/03_training_dataset.py
[2026-09-28T03:06:13.269+0000] {processor.py:799} INFO - Processing file /opt/airflow/dags/03_training_dataset.py for tasks to queue
[2026-09-28T03:06:13.271+0000] {logging_mixin.py:149} INFO - [2026-09-28T03:06:13.271+0000] {dagbag.py:541} INFO - Filling up the DagBag from /opt/airflow/dags/03_training_dataset.py
[2026-09-28T03:06:13.285+0000] {processor.py:809} INFO - DAG(s) dict_keys(['03_training_dataset']) retrieved from /opt/airflow/dags/03_training_dataset.py
[2026-09-28T03:06:13.332+0000] {logging_mixin.py:149} INFO - [2026-09-28T03:06:13.332+0000] {dag.py:2726} INFO - Sync 1 DAGs
[2026-09-28T03:06:13.383+0000] {logging_mixin.py:149} INFO - [2026-09-28T03:06:13.383+0000] {dag.py:3490} INFO - Setting next_dagrun for 03_training_dataset to None, run_after=None
[2026-09-28T03:06:13.436+0000] {processor.py:178} INFO - Processing /opt/airflow/dags/03_training_dataset.py took 0.175 seconds
[2026-09-28T03:06:43.581+0000] {processor.py:156} INFO - Started process (PID=48598) to work on /opt/airflow/dags/03_training_dataset.py
[2026-09-28T03:06:43.582+0000] {processor.py:799} INFO - Processing file /opt/airflow/dags/03_training_dataset.py for tasks to queue
[2026-09-28T03:06:43.584+0000] {logging_mixin.py:149} INFO - [2026-09-28T03:06:43.583+0000] {dagbag.py:541} INFO - Filling up the DagBag from /opt/airflow/dags/03_training_dataset.py
[2026-09-28T03:06:43.598+0000] {processor.py:809} INFO - DAG(s) dict_keys(['03_training_dataset']) retrieved from /opt/airflow/dags/03_training_dataset.py
[2026-09-28T03:06:43.642+0000] {logging_mixin.py:149} INFO - [2026-09-28T03:06:43.641+0000] {dag.py:2726} INFO - Sync 1 DAGs
[2026-09-28T03:06:43.688+0000] {logging_mixin.py:149} INFO - [2026-09-28T03:06:43.688+0000] {dag.py:3490} INFO - Setting next_dagrun for 03_training_dataset to None, run_after=None
[2026-09-28T03:06:43.721+0000] {processor.py:178} INFO - Processing /opt/airflow/dags/03_training_dataset.py took 0.147 seconds
[2026-09-28T03:07:14.469+0000] {processor.py:156} INFO - Started process (PID=48658) to work on /opt/airflow/dags/03_training_dataset.py
[2026-09-28T03:07:14.471+0000] {processor.py:799} INFO - Processing file /opt/airflow/dags/03_training_dataset.py for tasks to queue
[2026-09-28T03:07:14.472+0000] {logging_mixin.py:149} INFO - [2026-09-28T03:07:14.472+0000] {dagbag.py:541} INFO - Filling up the DagBag from /opt/airflow/dags/03_training_dataset.py
[2026-09-28T03:07:14.485+0000] {processor.py:809} INFO - DAG(s) dict_keys(['03_training_dataset']) retrieved from /opt/airflow/dags/03_training_dataset.py
[2026-09-28T03:07:14.532+0000] {logging_mixin.py:149} INFO - [2026-09-28T03:07:14.532+0000] {dag.py:2726} INFO - Sync 1 DAGs
[2026-09-28T03:07:14.579+0000] {logging_mixin.py:149} INFO - [2026-09-28T03:07:14.579+0000] {dag.py:3490} INFO - Setting next_dagrun for 03_training_dataset to None, run_after=None
[2026-09-28T03:07:14.614+0000] {processor.py:178} INFO - Processing /opt/airflow/dags/03_training_dataset.py took 0.153 seconds
[2026-09-28T03:07:45.442+0000] {processor.py:156} INFO - Started process (PID=48718) to work on /opt/airflow/dags/03_training_dataset.py
[2026-09-28T03:07:45.443+0000] {processor.py:799} INFO - Processing file /opt/airflow/dags/03_training_dataset.py for tasks to queue
[2026-09-28T03:07:45.444+0000] {logging_mixin.py:149} INFO - [2026-09-28T03:07:45.444+0000] {dagbag.py:541} INFO - Filling up the DagBag from /opt/airflow/dags/03_training_dataset.py
[2026-09-28T03:07:45.461+0000] {processor.py:809} INFO - DAG(s) dict_keys(['03_training_dataset']) retrieved from /opt/airflow/dags/03_training_dataset.py
[2026-09-28T03:07:45.513+0000] {logging_mixin.py:149} INFO - [2026-09-28T03:07:45.513+0000] {dag.py:2726} INFO - Sync 1 DAGs
[2026-09-28T03:07:45.562+0000] {logging_mixin.py:149} INFO - [2026-09-28T03:07:45.562+0000] {dag.py:3490} INFO - Setting next_dagrun for 03_training_dataset to None, run_after=None
[2026-09-28T03:07:45.596+0000] {processor.py:178} INFO - Processing /opt/airflow/dags/03_training_dataset.py took 0.160 seconds
[2026-09-28T03:08:16.277+0000] {processor.py:156} INFO - Started process (PID=48798) to work on /opt/airflow/dags/03_training_dataset.py
[2026-09-28T03:08:16.278+0000] {processor.py:799} INFO - Processing file /opt/airflow/dags/03_training_dataset.py for tasks to queue
[2026-09-28T03:08:16.279+0000] {logging_mixin.py:149} INFO - [2026-09-28T03:08:16.279+0000] {dagbag.py:541} INFO - Filling up the DagBag from /opt/airflow/dags/03_training_dataset.py
[2026-09-28T03:08:16.291+0000] {processor.py:809} INFO - DAG(s) dict_keys(['03_training_dataset']) retrieved from /opt/airflow/dags/03_training_dataset.py
[2026-09-28T03:08:16.335+0000] {logging_mixin.py:149} INFO - [2026-09-28T03:08:16.335+0000] {dag.py:2726} INFO - Sync 1 DAGs
[2026-09-28T03:08:16.386+0000] {logging_mixin.py:149} INFO - [2026-09-28T03:08:16.386+0000] {dag.py:3490} INFO - Setting next_dagrun for 03_training_dataset to None, run_after=None
[2026-09-28T03:08:16.419+0000] {processor.py:178} INFO - Processing /opt/airflow/dags/03_training_dataset.py took 0.160 seconds
[2026-09-28T03:08:46.458+0000] {processor.py:156} INFO - Started process (PID=48859) to work on /opt/airflow/dags/03_training_dataset.py
[2026-09-28T03:08:46.460+0000] {processor.py:799} INFO - Processing file /opt/airflow/dags/03_training_dataset.py for tasks to queue
[2026-09-28T03:08:46.461+0000] {logging_mixin.py:149} INFO - [2026-09-28T03:08:46.461+0000] {dagbag.py:541} INFO - Filling up the DagBag from /opt/airflow/dags/03_training_dataset.py
[2026-09-28T03:08:46.475+0000] {processor.py:809} INFO - DAG(s) dict_keys(['03_training_dataset']) retrieved from /opt/airflow/dags/03_training_dataset.py
[2026-09-28T03:08:46.524+0000] {logging_mixin.py:149} INFO - [2026-09-28T03:08:46.523+0000] {dag.py:2726} INFO - Sync 1 DAGs
[2026-09-28T03:08:46.572+0000] {logging_mixin.py:149} INFO - [2026-09-28T03:08:46.572+0000] {dag.py:3490} INFO - Setting next_dagrun for 03_training_dataset to None, run_after=None
[2026-09-28T03:08:46.605+0000] {processor.py:178} INFO - Processing /opt/airflow/dags/03_training_dataset.py took 0.154 seconds
[2026-09-28T03:09:17.427+0000] {processor.py:156} INFO - Started process (PID=48919) to work on /opt/airflow/dags/03_training_dataset.py
[2026-09-28T03:09:17.429+0000] {processor.py:799} INFO - Processing file /opt/airflow/dags/03_training_dataset.py for tasks to queue
[2026-09-28T03:09:17.430+0000] {logging_mixin.py:149} INFO - [2026-09-28T03:09:17.430+0000] {dagbag.py:541} INFO - Filling up the DagBag from /opt/airflow/dags/03_training_dataset.py
[2026-09-28T03:09:17.441+0000] {processor.py:809} INFO - DAG(s) dict_keys(['03_training_dataset']) retrieved from /opt/airflow/dags/03_training_dataset.py
[2026-09-28T03:09:17.486+0000] {logging_mixin.py:149} INFO - [2026-09-28T03:09:17.485+0000] {dag.py:2726} INFO - Sync 1 DAGs
[2026-09-28T03:09:17.531+0000] {logging_mixin.py:149} INFO - [2026-09-28T03:09:17.530+0000] {dag.py:3490} INFO - Setting next_dagrun for 03_training_dataset to None, run_after=None
[2026-09-28T03:09:17.560+0000] {processor.py:178} INFO - Processing /opt/airflow/dags/03_training_dataset.py took 0.141 seconds
[2026-09-28T03:09:47.938+0000] {processor.py:156} INFO - Started process (PID=48979) to work on /opt/airflow/dags/03_training_dataset.py
[2026-09-28T03:09:47.939+0000] {processor.py:799} INFO - Processing file /opt/airflow/dags/03_training_dataset.py for tasks to queue
[2026-09-28T03:09:47.941+0000] {logging_mixin.py:149} INFO - [2026-09-28T03:09:47.940+0000] {dagbag.py:541} INFO - Filling up the DagBag from /opt/airflow/dags/03_training_dataset.py
[2026-09-28T03:09:47.953+0000] {processor.py:809} INFO - DAG(s) dict_keys(['03_training_dataset']) retrieved from /opt/airflow/dags/03_training_dataset.py
[2026-09-28T03:09:47.997+0000] {logging_mixin.py:149} INFO - [2026-09-28T03:09:47.997+0000] {dag.py:2726} INFO - Sync 1 DAGs
[2026-09-28T03:09:48.046+0000] {logging_mixin.py:149} INFO - [2026-09-28T03:09:48.046+0000] {dag.py:3490} INFO - Setting next_dagrun for 03_training_dataset to None, run_after=None
[2026-09-28T03:09:48.082+0000] {processor.py:178} INFO - Processing /opt/airflow/dags/03_training_dataset.py took 0.150 seconds
[2026-09-28T03:10:18.292+0000] {processor.py:156} INFO - Started process (PID=49039) to work on /opt/airflow/dags/03_training_dataset.py
[2026-09-28T03:10:18.294+0000] {processor.py:799} INFO - Processing file /opt/airflow/dags/03_training_dataset.py for tasks to queue
[2026-09-28T03:10:18.295+0000] {logging_mixin.py:149} INFO - [2026-09-28T03:10:18.295+0000] {dagbag.py:541} INFO - Filling up the DagBag from /opt/airflow/dags/03_training_dataset.py
[2026-09-28T03:10:18.310+0000] {processor.py:809} INFO - DAG(s) dict_keys(['03_training_dataset']) retrieved from /opt/airflow/dags/03_training_dataset.py
[2026-09-28T03:10:18.354+0000] {logging_mixin.py:149} INFO - [2026-09-28T03:10:18.354+0000] {dag.py:2726} INFO - Sync 1 DAGs
[2026-09-28T03:10:18.405+0000] {logging_mixin.py:149} INFO - [2026-09-28T03:10:18.405+0000] {dag.py:3490} INFO - Setting next_dagrun for 03_training_dataset to None, run_after=None
[2026-09-28T03:10:18.444+0000] {processor.py:178} INFO - Processing /opt/airflow/dags/03_training_dataset.py took 0.158 seconds
