[2026-09-28T04:32:24.847+0000] {processor.py:156} INFO - Started process (PID=1843) to work on /opt/airflow/dags/04_train_model.py
[2026-09-28T04:32:24.849+0000] {processor.py:799} INFO - Processing file /opt/airflow/dags/04_train_model.py for tasks to queue
[2026-09-28T04:32:24.851+0000] {logging_mixin.py:149} INFO - [2026-09-28T04:32:24.850+0000] {dagbag.py:541} INFO - Filling up the DagBag from /opt/airflow/dags/04_train_model.py
[2026-09-28T04:32:27.397+0000] {processor.py:809} INFO - DAG(s) dict_keys(['04_train_model']) retrieved from /opt/airflow/dags/04_train_model.py
[2026-09-28T04:32:27.682+0000] {logging_mixin.py:149} INFO - [2026-09-28T04:32:27.682+0000] {manager.py:504} INFO - Created Permission View: can read on DAG:04_train_model
[2026-09-28T04:32:27.697+0000] {logging_mixin.py:149} INFO - [2026-09-28T04:32:27.697+0000] {manager.py:504} INFO - Created Permission View: can edit on DAG:04_train_model
[2026-09-28T04:32:27.706+0000] {logging_mixin.py:149} INFO - [2026-09-28T04:32:27.706+0000] {manager.py:504} INFO - Created Permission View: can delete on DAG:04_train_model
[2026-09-28T04:32:27.707+0000] {logging_mixin.py:149} INFO - [2026-09-28T04:32:27.706+0000] {dag.py:2726} INFO - Sync 1 DAGs
[2026-09-28T04:32:27.907+0000] {logging_mixin.py:149} INFO - [2026-09-28T04:32:27.906+0000] {dag.py:2747} INFO - Creating ORM DAG for 04_train_model
[2026-09-28T04:32:27.925+0000] {logging_mixin.py:149} INFO - [2026-09-28T04:32:27.925+0000] {dag.py:3490} INFO - Setting next_dagrun for 04_train_model to None, run_after=None
[2026-09-28T04:32:27.959+0000] {processor.py:178} INFO - Processing /opt/airflow/dags/04_train_model.py took 3.120 seconds
[2026-09-28T04:32:58.479+0000] {processor.py:156} INFO - Started process (PID=1915) to work on /opt/airflow/dags/04_train_model.py
[2026-09-28T04:32:58.481+0000] {processor.py:799} INFO - Processing file /opt/airflow/dags/04_train_model.py for tasks to queue
[2026-09-28T04:32:58.483+0000] {logging_mixin.py:149} INFO - [2026-09-28T04:32:58.482+0000] {dagbag.py:541} INFO - Filling up the DagBag from /opt/airflow/dags/04_train_model.py
[2026-09-28T04:33:00.998+0000] {processor.py:809} INFO - DAG(s) dict_keys(['04_train_model']) retrieved from /opt/airflow/dags/04_train_model.py
[2026-09-28T04:33:01.027+0000] {logging_mixin.py:149} INFO - [2026-09-28T04:33:01.026+0000] {dag.py:2726} INFO - Sync 1 DAGs
[2026-09-28T04:33:01.064+0000] {logging_mixin.py:149} INFO - [2026-09-28T04:33:01.064+0000] {dag.py:3490} INFO - Setting next_dagrun for 04_train_model to None, run_after=None
[2026-09-28T04:33:01.095+0000] {processor.py:178} INFO - Processing /opt/airflow/dags/04_train_model.py took 2.623 seconds
[2026-09-28T04:33:31.691+0000] {processor.py:156} INFO - Started process (PID=1980) to work on /opt/airflow/dags/04_train_model.py
[2026-09-28T04:33:31.693+0000] {processor.py:799} INFO - Processing file /opt/airflow/dags/04_train_model.py for tasks to queue
[2026-09-28T04:33:31.694+0000] {logging_mixin.py:149} INFO - [2026-09-28T04:33:31.694+0000] {dagbag.py:541} INFO - Filling up the DagBag from /opt/airflow/dags/04_train_model.py
[2026-09-28T04:33:34.042+0000] {processor.py:809} INFO - DAG(s) dict_keys(['04_train_model']) retrieved from /opt/airflow/dags/04_train_model.py
[2026-09-28T04:33:34.074+0000] {logging_mixin.py:149} INFO - [2026-09-28T04:33:34.074+0000] {dag.py:2726} INFO - Sync 1 DAGs
[2026-09-28T04:33:34.114+0000] {logging_mixin.py:149} INFO - [2026-09-28T04:33:34.114+0000] {dag.py:3490} INFO - Setting next_dagrun for 04_train_model to None, run_after=None
[2026-09-28T04:33:34.146+0000] {processor.py:178} INFO - Processing /opt/airflow/dags/04_train_model.py took 2.464 seconds
[2026-09-28T04:34:04.259+0000] {processor.py:156} INFO - Started process (PID=2064) to work on /opt/airflow/dags/04_train_model.py
[2026-09-28T04:34:04.262+0000] {processor.py:799} INFO - Processing file /opt/airflow/dags/04_train_model.py for tasks to queue
[2026-09-28T04:34:04.263+0000] {logging_mixin.py:149} INFO - [2026-09-28T04:34:04.263+0000] {dagbag.py:541} INFO - Filling up the DagBag from /opt/airflow/dags/04_train_model.py
[2026-09-28T04:34:06.734+0000] {processor.py:809} INFO - DAG(s) dict_keys(['04_train_model']) retrieved from /opt/airflow/dags/04_train_model.py
[2026-09-28T04:34:06.764+0000] {logging_mixin.py:149} INFO - [2026-09-28T04:34:06.763+0000] {dag.py:2726} INFO - Sync 1 DAGs
[2026-09-28T04:34:06.801+0000] {logging_mixin.py:149} INFO - [2026-09-28T04:34:06.801+0000] {dag.py:3490} INFO - Setting next_dagrun for 04_train_model to None, run_after=None
[2026-09-28T04:34:06.828+0000] {processor.py:178} INFO - Processing /opt/airflow/dags/04_train_model.py took 2.577 seconds
[2026-09-28T04:34:37.343+0000] {processor.py:156} INFO - Started process (PID=2147) to work on /opt/airflow/dags/04_train_model.py
[2026-09-28T04:34:37.345+0000] {processor.py:799} INFO - Processing file /opt/airflow/dags/04_train_model.py for tasks to queue
[2026-09-28T04:34:37.346+0000] {logging_mixin.py:149} INFO - [2026-09-28T04:34:37.346+0000] {dagbag.py:541} INFO - Filling up the DagBag from /opt/airflow/dags/04_train_model.py
[2026-09-28T04:34:39.910+0000] {processor.py:809} INFO - DAG(s) dict_keys(['04_train_model']) retrieved from /opt/airflow/dags/04_train_model.py
[2026-09-28T04:34:39.948+0000] {logging_mixin.py:149} INFO - [2026-09-28T04:34:39.947+0000] {dag.py:2726} INFO - Sync 1 DAGs
[2026-09-28T04:34:40.174+0000] {logging_mixin.py:149} INFO - [2026-09-28T04:34:40.174+0000] {dag.py:3490} INFO - Setting next_dagrun for 04_train_model to None, run_after=None
[2026-09-28T04:34:40.204+0000] {processor.py:178} INFO - Processing /opt/airflow/dags/04_train_model.py took 2.868 seconds
[2026-09-28T04:35:09.798+0000] {processor.py:156} INFO - Started process (PID=38) to work on /opt/airflow/dags/04_train_model.py
[2026-09-28T04:35:09.805+0000] {processor.py:799} INFO - Processing file /opt/airflow/dags/04_train_model.py for tasks to queue
[2026-09-28T04:35:09.806+0000] {logging_mixin.py:149} INFO - [2026-09-28T04:35:09.806+0000] {dagbag.py:541} INFO - Filling up the DagBag from /opt/airflow/dags/04_train_model.py
[2026-09-28T04:35:12.879+0000] {processor.py:809} INFO - DAG(s) dict_keys(['04_train_model']) retrieved from /opt/airflow/dags/04_train_model.py
[2026-09-28T04:35:12.941+0000] {logging_mixin.py:149} INFO - [2026-09-28T04:35:12.940+0000] {dag.py:2726} INFO - Sync 1 DAGs
[2026-09-28T04:35:12.988+0000] {logging_mixin.py:149} INFO - [2026-09-28T04:35:12.987+0000] {dag.py:3490} INFO - Setting next_dagrun for 04_train_model to None, run_after=None
[2026-09-28T04:35:13.047+0000] {processor.py:178} INFO - Processing /opt/airflow/dags/04_train_model.py took 3.254 seconds
[2026-09-28T04:35:44.132+0000] {processor.py:156} INFO - Started process (PID=134) to work on /opt/airflow/dags/04_train_model.py
[2026-09-28T04:35:44.134+0000] {processor.py:799} INFO - Processing file /opt/airflow/dags/04_train_model.py for tasks to queue
[2026-09-28T04:35:44.135+0000] {logging_mixin.py:149} INFO - [2026-09-28T04:35:44.135+0000] {dagbag.py:541} INFO - Filling up the DagBag from /opt/airflow/dags/04_train_model.py
[2026-09-28T04:35:46.661+0000] {processor.py:809} INFO - DAG(s) dict_keys(['04_train_model']) retrieved from /opt/airflow/dags/04_train_model.py
[2026-09-28T04:35:46.701+0000] {logging_mixin.py:149} INFO - [2026-09-28T04:35:46.700+0000] {dag.py:2726} INFO - Sync 1 DAGs
[2026-09-28T04:35:46.738+0000] {logging_mixin.py:149} INFO - [2026-09-28T04:35:46.738+0000] {dag.py:3490} INFO - Setting next_dagrun for 04_train_model to None, run_after=None
[2026-09-28T04:35:46.765+0000] {processor.py:178} INFO - Processing /opt/airflow/dags/04_train_model.py took 2.640 seconds
[2026-09-28T04:36:17.459+0000] {processor.py:156} INFO - Started process (PID=215) to work on /opt/airflow/dags/04_train_model.py
[2026-09-28T04:36:17.461+0000] {processor.py:799} INFO - Processing file /opt/airflow/dags/04_train_model.py for tasks to queue
[2026-09-28T04:36:17.462+0000] {logging_mixin.py:149} INFO - [2026-09-28T04:36:17.461+0000] {dagbag.py:541} INFO - Filling up the DagBag from /opt/airflow/dags/04_train_model.py
[2026-09-28T04:36:20.084+0000] {processor.py:809} INFO - DAG(s) dict_keys(['04_train_model']) retrieved from /opt/airflow/dags/04_train_model.py
[2026-09-28T04:36:20.121+0000] {logging_mixin.py:149} INFO - [2026-09-28T04:36:20.120+0000] {dag.py:2726} INFO - Sync 1 DAGs
[2026-09-28T04:36:20.199+0000] {processor.py:178} INFO - Processing /opt/airflow/dags/04_train_model.py took 2.748 seconds
[2026-09-28T04:36:50.844+0000] {processor.py:156} INFO - Started process (PID=289) to work on /opt/airflow/dags/04_train_model.py
[2026-09-28T04:36:50.845+0000] {processor.py:799} INFO - Processing file /opt/airflow/dags/04_train_model.py for tasks to queue
[2026-09-28T04:36:50.847+0000] {logging_mixin.py:149} INFO - [2026-09-28T04:36:50.846+0000] {dagbag.py:541} INFO - Filling up the DagBag from /opt/airflow/dags/04_train_model.py
[2026-09-28T04:36:53.649+0000] {processor.py:809} INFO - DAG(s) dict_keys(['04_train_model']) retrieved from /opt/airflow/dags/04_train_model.py
[2026-09-28T04:36:53.683+0000] {logging_mixin.py:149} INFO - [2026-09-28T04:36:53.683+0000] {dag.py:2726} INFO - Sync 1 DAGs
[2026-09-28T04:36:53.747+0000] {processor.py:178} INFO - Processing /opt/airflow/dags/04_train_model.py took 2.911 seconds
[2026-09-28T04:37:23.838+0000] {processor.py:156} INFO - Started process (PID=368) to work on /opt/airflow/dags/04_train_model.py
[2026-09-28T04:37:23.840+0000] {processor.py:799} INFO - Processing file /opt/airflow/dags/04_train_model.py for tasks to queue
[2026-09-28T04:37:23.841+0000] {logging_mixin.py:149} INFO - [2026-09-28T04:37:23.840+0000] {dagbag.py:541} INFO - Filling up the DagBag from /opt/airflow/dags/04_train_model.py
[2026-09-28T04:37:26.278+0000] {processor.py:809} INFO - DAG(s) dict_keys(['04_train_model']) retrieved from /opt/airflow/dags/04_train_model.py
[2026-09-28T04:37:26.314+0000] {logging_mixin.py:149} INFO - [2026-09-28T04:37:26.313+0000] {dag.py:2726} INFO - Sync 1 DAGs
[2026-09-28T04:37:26.380+0000] {processor.py:178} INFO - Processing /opt/airflow/dags/04_train_model.py took 2.547 seconds
[2026-09-28T04:37:57.001+0000] {processor.py:156} INFO - Started process (PID=442) to work on /opt/airflow/dags/04_train_model.py
[2026-09-28T04:37:57.004+0000] {processor.py:799} INFO - Processing file /opt/airflow/dags/04_train_model.py for tasks to queue
[2026-09-28T04:37:57.005+0000] {logging_mixin.py:149} INFO - [2026-09-28T04:37:57.005+0000] {dagbag.py:541} INFO - Filling up the DagBag from /opt/airflow/dags/04_train_model.py
[2026-09-28T04:37:59.469+0000] {processor.py:809} INFO - DAG(s) dict_keys(['04_train_model']) retrieved from /opt/airflow/dags/04_train_model.py
[2026-09-28T04:37:59.508+0000] {logging_mixin.py:149} INFO - [2026-09-28T04:37:59.507+0000] {dag.py:2726} INFO - Sync 1 DAGs
[2026-09-28T04:37:59.584+0000] {processor.py:178} INFO - Processing /opt/airflow/dags/04_train_model.py took 2.591 seconds
[2026-09-28T04:38:29.701+0000] {processor.py:156} INFO - Started process (PID=508) to work on /opt/airflow/dags/04_train_model.py
[2026-09-28T04:38:29.703+0000] {processor.py:799} INFO - Processing file /opt/airflow/dags/04_train_model.py for tasks to queue
[2026-09-28T04:38:29.704+0000] {logging_mixin.py:149} INFO - [2026-09-28T04:38:29.704+0000] {dagbag.py:541} INFO - Filling up the DagBag from /opt/airflow/dags/04_train_model.py
[2026-09-28T04:38:32.446+0000] {processor.py:809} INFO - DAG(s) dict_keys(['04_train_model']) retrieved from /opt/airflow/dags/04_train_model.py
[2026-09-28T04:38:32.489+0000] {logging_mixin.py:149} INFO - [2026-09-28T04:38:32.488+0000] {dag.py:2726} INFO - Sync 1 DAGs
[2026-09-28T04:38:32.566+0000] {processor.py:178} INFO - Processing /opt/airflow/dags/04_train_model.py took 2.873 seconds
[2026-09-28T04:39:03.089+0000] {processor.py:156} INFO - Started process (PID=574) to work on /opt/airflow/dags/04_train_model.py
[2026-09-28T04:39:03.091+0000] {processor.py:799} INFO - Processing file /opt/airflow/dags/04_train_model.py for tasks to queue
[2026-09-28T04:39:03.092+0000] {logging_mixin.py:149} INFO - [2026-09-28T04:39:03.092+0000] {dagbag.py:541} INFO - Filling up the DagBag from /opt/airflow/dags/04_train_model.py
[2026-09-28T04:39:05.893+0000] {processor.py:809} INFO - DAG(s) dict_keys(['04_train_model']) retrieved from /opt/airflow/dags/04_train_model.py
[2026-09-28T04:39:05.931+0000] {logging_mixin.py:149} INFO - [2026-09-28T04:39:05.930+0000] {dag.py:2726} INFO - Sync 1 DAGs
[2026-09-28T04:39:06.050+0000] {processor.py:178} INFO - Processing /opt/airflow/dags/04_train_model.py took 2.967 seconds
[2026-09-28T04:39:36.243+0000] {processor.py:156} INFO - Started process (PID=638) to work on /opt/airflow/dags/04_train_model.py
[2026-09-28T04:39:36.245+0000] {processor.py:799} INFO - Processing file /opt/airflow/dags/04_train_model.py for tasks to queue
[2026-09-28T04:39:36.246+0000] {logging_mixin.py:149} INFO - [2026-09-28T04:39:36.246+0000] {dagbag.py:541} INFO - Filling up the DagBag from /opt/airflow/dags/04_train_model.py
[2026-09-28T04:39:38.858+0000] {processor.py:809} INFO - DAG(s) dict_keys(['04_train_model']) retrieved from /opt/airflow/dags/04_train_model.py
[2026-09-28T04:39:38.890+0000] {logging_mixin.py:149} INFO - [2026-09-28T04:39:38.889+0000] {dag.py:2726} INFO - Sync 1 DAGs
[2026-09-28T04:39:38.962+0000] {processor.py:178} INFO - Processing /opt/airflow/dags/04_train_model.py took 2.725 seconds
[2026-09-28T04:40:09.258+0000] {processor.py:156} INFO - Started process (PID=703) to work on /opt/airflow/dags/04_train_model.py
[2026-09-28T04:40:09.260+0000] {processor.py:799} INFO - Processing file /opt/airflow/dags/04_train_model.py for tasks to queue
[2026-09-28T04:40:09.262+0000] {logging_mixin.py:149} INFO - [2026-09-28T04:40:09.261+0000] {dagbag.py:541} INFO - Filling up the DagBag from /opt/airflow/dags/04_train_model.py
[2026-09-28T04:40:11.715+0000] {processor.py:809} INFO - DAG(s) dict_keys(['04_train_model']) retrieved from /opt/airflow/dags/04_train_model.py
[2026-09-28T04:40:11.747+0000] {logging_mixin.py:149} INFO - [2026-09-28T04:40:11.747+0000] {dag.py:2726} INFO - Sync 1 DAGs
[2026-09-28T04:40:11.792+0000] {logging_mixin.py:149} INFO - [2026-09-28T04:40:11.792+0000] {dag.py:3490} INFO - Setting next_dagrun for 04_train_model to None, run_after=None
[2026-09-28T04:40:11.819+0000] {processor.py:178} INFO - Processing /opt/airflow/dags/04_train_model.py took 2.567 seconds
[2026-09-28T04:40:42.179+0000] {processor.py:156} INFO - Started process (PID=775) to work on /opt/airflow/dags/04_train_model.py
[2026-09-28T04:40:42.182+0000] {processor.py:799} INFO - Processing file /opt/airflow/dags/04_train_model.py for tasks to queue
[2026-09-28T04:40:42.183+0000] {logging_mixin.py:149} INFO - [2026-09-28T04:40:42.183+0000] {dagbag.py:541} INFO - Filling up the DagBag from /opt/airflow/dags/04_train_model.py
[2026-09-28T04:40:44.810+0000] {processor.py:809} INFO - DAG(s) dict_keys(['04_train_model']) retrieved from /opt/airflow/dags/04_train_model.py
[2026-09-28T04:40:44.852+0000] {logging_mixin.py:149} INFO - [2026-09-28T04:40:44.851+0000] {dag.py:2726} INFO - Sync 1 DAGs
[2026-09-28T04:40:44.893+0000] {logging_mixin.py:149} INFO - [2026-09-28T04:40:44.893+0000] {dag.py:3490} INFO - Setting next_dagrun for 04_train_model to None, run_after=None
[2026-09-28T04:40:44.926+0000] {processor.py:178} INFO - Processing /opt/airflow/dags/04_train_model.py took 2.754 seconds
[2026-09-28T04:41:15.034+0000] {processor.py:156} INFO - Started process (PID=840) to work on /opt/airflow/dags/04_train_model.py
[2026-09-28T04:41:15.037+0000] {processor.py:799} INFO - Processing file /opt/airflow/dags/04_train_model.py for tasks to queue
[2026-09-28T04:41:15.038+0000] {logging_mixin.py:149} INFO - [2026-09-28T04:41:15.038+0000] {dagbag.py:541} INFO - Filling up the DagBag from /opt/airflow/dags/04_train_model.py
[2026-09-28T04:41:17.527+0000] {processor.py:809} INFO - DAG(s) dict_keys(['04_train_model']) retrieved from /opt/airflow/dags/04_train_model.py
[2026-09-28T04:41:17.558+0000] {logging_mixin.py:149} INFO - [2026-09-28T04:41:17.557+0000] {dag.py:2726} INFO - Sync 1 DAGs
[2026-09-28T04:41:17.599+0000] {logging_mixin.py:149} INFO - [2026-09-28T04:41:17.599+0000] {dag.py:3490} INFO - Setting next_dagrun for 04_train_model to None, run_after=None
[2026-09-28T04:41:17.631+0000] {processor.py:178} INFO - Processing /opt/airflow/dags/04_train_model.py took 2.604 seconds
[2026-09-28T04:41:48.009+0000] {processor.py:156} INFO - Started process (PID=909) to work on /opt/airflow/dags/04_train_model.py
[2026-09-28T04:41:48.014+0000] {processor.py:799} INFO - Processing file /opt/airflow/dags/04_train_model.py for tasks to queue
[2026-09-28T04:41:48.015+0000] {logging_mixin.py:149} INFO - [2026-09-28T04:41:48.015+0000] {dagbag.py:541} INFO - Filling up the DagBag from /opt/airflow/dags/04_train_model.py
[2026-09-28T04:41:50.497+0000] {processor.py:809} INFO - DAG(s) dict_keys(['04_train_model']) retrieved from /opt/airflow/dags/04_train_model.py
[2026-09-28T04:41:50.532+0000] {logging_mixin.py:149} INFO - [2026-09-28T04:41:50.532+0000] {dag.py:2726} INFO - Sync 1 DAGs
[2026-09-28T04:41:50.576+0000] {logging_mixin.py:149} INFO - [2026-09-28T04:41:50.575+0000] {dag.py:3490} INFO - Setting next_dagrun for 04_train_model to None, run_after=None
[2026-09-28T04:41:50.604+0000] {processor.py:178} INFO - Processing /opt/airflow/dags/04_train_model.py took 2.601 seconds
[2026-09-28T04:42:21.143+0000] {processor.py:156} INFO - Started process (PID=982) to work on /opt/airflow/dags/04_train_model.py
[2026-09-28T04:42:21.145+0000] {processor.py:799} INFO - Processing file /opt/airflow/dags/04_train_model.py for tasks to queue
[2026-09-28T04:42:21.146+0000] {logging_mixin.py:149} INFO - [2026-09-28T04:42:21.146+0000] {dagbag.py:541} INFO - Filling up the DagBag from /opt/airflow/dags/04_train_model.py
[2026-09-28T04:42:23.612+0000] {processor.py:809} INFO - DAG(s) dict_keys(['04_train_model']) retrieved from /opt/airflow/dags/04_train_model.py
[2026-09-28T04:42:23.650+0000] {logging_mixin.py:149} INFO - [2026-09-28T04:42:23.649+0000] {dag.py:2726} INFO - Sync 1 DAGs
[2026-09-28T04:42:23.693+0000] {logging_mixin.py:149} INFO - [2026-09-28T04:42:23.692+0000] {dag.py:3490} INFO - Setting next_dagrun for 04_train_model to None, run_after=None
[2026-09-28T04:42:23.723+0000] {processor.py:178} INFO - Processing /opt/airflow/dags/04_train_model.py took 2.589 seconds
[2026-09-28T04:42:53.800+0000] {processor.py:156} INFO - Started process (PID=1054) to work on /opt/airflow/dags/04_train_model.py
[2026-09-28T04:42:53.802+0000] {processor.py:799} INFO - Processing file /opt/airflow/dags/04_train_model.py for tasks to queue
[2026-09-28T04:42:53.803+0000] {logging_mixin.py:149} INFO - [2026-09-28T04:42:53.803+0000] {dagbag.py:541} INFO - Filling up the DagBag from /opt/airflow/dags/04_train_model.py
[2026-09-28T04:42:56.444+0000] {processor.py:809} INFO - DAG(s) dict_keys(['04_train_model']) retrieved from /opt/airflow/dags/04_train_model.py
[2026-09-28T04:42:56.478+0000] {logging_mixin.py:149} INFO - [2026-09-28T04:42:56.477+0000] {dag.py:2726} INFO - Sync 1 DAGs
[2026-09-28T04:42:56.514+0000] {logging_mixin.py:149} INFO - [2026-09-28T04:42:56.514+0000] {dag.py:3490} INFO - Setting next_dagrun for 04_train_model to None, run_after=None
[2026-09-28T04:42:56.545+0000] {processor.py:178} INFO - Processing /opt/airflow/dags/04_train_model.py took 2.751 seconds
[2026-09-28T04:43:27.076+0000] {processor.py:156} INFO - Started process (PID=1120) to work on /opt/airflow/dags/04_train_model.py
[2026-09-28T04:43:27.082+0000] {processor.py:799} INFO - Processing file /opt/airflow/dags/04_train_model.py for tasks to queue
[2026-09-28T04:43:27.083+0000] {logging_mixin.py:149} INFO - [2026-09-28T04:43:27.083+0000] {dagbag.py:541} INFO - Filling up the DagBag from /opt/airflow/dags/04_train_model.py
[2026-09-28T04:43:29.515+0000] {processor.py:809} INFO - DAG(s) dict_keys(['04_train_model']) retrieved from /opt/airflow/dags/04_train_model.py
[2026-09-28T04:43:29.551+0000] {logging_mixin.py:149} INFO - [2026-09-28T04:43:29.551+0000] {dag.py:2726} INFO - Sync 1 DAGs
[2026-09-28T04:43:29.590+0000] {logging_mixin.py:149} INFO - [2026-09-28T04:43:29.590+0000] {dag.py:3490} INFO - Setting next_dagrun for 04_train_model to None, run_after=None
[2026-09-28T04:43:29.622+0000] {processor.py:178} INFO - Processing /opt/airflow/dags/04_train_model.py took 2.553 seconds
[2026-09-28T04:44:00.520+0000] {processor.py:156} INFO - Started process (PID=1192) to work on /opt/airflow/dags/04_train_model.py
[2026-09-28T04:44:00.522+0000] {processor.py:799} INFO - Processing file /opt/airflow/dags/04_train_model.py for tasks to queue
[2026-09-28T04:44:00.523+0000] {logging_mixin.py:149} INFO - [2026-09-28T04:44:00.523+0000] {dagbag.py:541} INFO - Filling up the DagBag from /opt/airflow/dags/04_train_model.py
[2026-09-28T04:44:03.071+0000] {processor.py:809} INFO - DAG(s) dict_keys(['04_train_model']) retrieved from /opt/airflow/dags/04_train_model.py
[2026-09-28T04:44:03.108+0000] {logging_mixin.py:149} INFO - [2026-09-28T04:44:03.108+0000] {dag.py:2726} INFO - Sync 1 DAGs
[2026-09-28T04:44:03.150+0000] {logging_mixin.py:149} INFO - [2026-09-28T04:44:03.150+0000] {dag.py:3490} INFO - Setting next_dagrun for 04_train_model to None, run_after=None
[2026-09-28T04:44:03.183+0000] {processor.py:178} INFO - Processing /opt/airflow/dags/04_train_model.py took 2.675 seconds
[2026-09-28T04:44:33.728+0000] {processor.py:156} INFO - Started process (PID=1264) to work on /opt/airflow/dags/04_train_model.py
[2026-09-28T04:44:33.732+0000] {processor.py:799} INFO - Processing file /opt/airflow/dags/04_train_model.py for tasks to queue
[2026-09-28T04:44:33.734+0000] {logging_mixin.py:149} INFO - [2026-09-28T04:44:33.733+0000] {dagbag.py:541} INFO - Filling up the DagBag from /opt/airflow/dags/04_train_model.py
[2026-09-28T04:44:36.274+0000] {processor.py:809} INFO - DAG(s) dict_keys(['04_train_model']) retrieved from /opt/airflow/dags/04_train_model.py
[2026-09-28T04:44:36.306+0000] {logging_mixin.py:149} INFO - [2026-09-28T04:44:36.306+0000] {dag.py:2726} INFO - Sync 1 DAGs
[2026-09-28T04:44:36.349+0000] {logging_mixin.py:149} INFO - [2026-09-28T04:44:36.349+0000] {dag.py:3490} INFO - Setting next_dagrun for 04_train_model to None, run_after=None
[2026-09-28T04:44:36.383+0000] {processor.py:178} INFO - Processing /opt/airflow/dags/04_train_model.py took 2.662 seconds
[2026-09-28T04:45:06.566+0000] {processor.py:156} INFO - Started process (PID=1341) to work on /opt/airflow/dags/04_train_model.py
[2026-09-28T04:45:06.570+0000] {processor.py:799} INFO - Processing file /opt/airflow/dags/04_train_model.py for tasks to queue
[2026-09-28T04:45:06.572+0000] {logging_mixin.py:149} INFO - [2026-09-28T04:45:06.572+0000] {dagbag.py:541} INFO - Filling up the DagBag from /opt/airflow/dags/04_train_model.py
[2026-09-28T04:45:09.429+0000] {processor.py:809} INFO - DAG(s) dict_keys(['04_train_model']) retrieved from /opt/airflow/dags/04_train_model.py
[2026-09-28T04:45:09.467+0000] {logging_mixin.py:149} INFO - [2026-09-28T04:45:09.466+0000] {dag.py:2726} INFO - Sync 1 DAGs
[2026-09-28T04:45:09.510+0000] {logging_mixin.py:149} INFO - [2026-09-28T04:45:09.509+0000] {dag.py:3490} INFO - Setting next_dagrun for 04_train_model to None, run_after=None
[2026-09-28T04:45:09.536+0000] {processor.py:178} INFO - Processing /opt/airflow/dags/04_train_model.py took 2.977 seconds
[2026-09-28T04:45:40.336+0000] {processor.py:156} INFO - Started process (PID=1407) to work on /opt/airflow/dags/04_train_model.py
[2026-09-28T04:45:40.341+0000] {processor.py:799} INFO - Processing file /opt/airflow/dags/04_train_model.py for tasks to queue
[2026-09-28T04:45:40.342+0000] {logging_mixin.py:149} INFO - [2026-09-28T04:45:40.342+0000] {dagbag.py:541} INFO - Filling up the DagBag from /opt/airflow/dags/04_train_model.py
[2026-09-28T04:45:42.814+0000] {processor.py:809} INFO - DAG(s) dict_keys(['04_train_model']) retrieved from /opt/airflow/dags/04_train_model.py
[2026-09-28T04:45:42.845+0000] {logging_mixin.py:149} INFO - [2026-09-28T04:45:42.845+0000] {dag.py:2726} INFO - Sync 1 DAGs
[2026-09-28T04:45:42.888+0000] {logging_mixin.py:149} INFO - [2026-09-28T04:45:42.887+0000] {dag.py:3490} INFO - Setting next_dagrun for 04_train_model to None, run_after=None
[2026-09-28T04:45:42.919+0000] {processor.py:178} INFO - Processing /opt/airflow/dags/04_train_model.py took 2.591 seconds
[2026-09-28T04:46:13.001+0000] {processor.py:156} INFO - Started process (PID=1479) to work on /opt/airflow/dags/04_train_model.py
[2026-09-28T04:46:13.005+0000] {processor.py:799} INFO - Processing file /opt/airflow/dags/04_train_model.py for tasks to queue
[2026-09-28T04:46:13.006+0000] {logging_mixin.py:149} INFO - [2026-09-28T04:46:13.006+0000] {dagbag.py:541} INFO - Filling up the DagBag from /opt/airflow/dags/04_train_model.py
[2026-09-28T04:46:15.540+0000] {processor.py:809} INFO - DAG(s) dict_keys(['04_train_model']) retrieved from /opt/airflow/dags/04_train_model.py
[2026-09-28T04:46:15.574+0000] {logging_mixin.py:149} INFO - [2026-09-28T04:46:15.573+0000] {dag.py:2726} INFO - Sync 1 DAGs
[2026-09-28T04:46:15.616+0000] {logging_mixin.py:149} INFO - [2026-09-28T04:46:15.615+0000] {dag.py:3490} INFO - Setting next_dagrun for 04_train_model to None, run_after=None
[2026-09-28T04:46:15.646+0000] {processor.py:178} INFO - Processing /opt/airflow/dags/04_train_model.py took 2.651 seconds
[2026-09-28T04:46:45.823+0000] {processor.py:156} INFO - Started process (PID=1544) to work on /opt/airflow/dags/04_train_model.py
[2026-09-28T04:46:45.827+0000] {processor.py:799} INFO - Processing file /opt/airflow/dags/04_train_model.py for tasks to queue
[2026-09-28T04:46:45.828+0000] {logging_mixin.py:149} INFO - [2026-09-28T04:46:45.828+0000] {dagbag.py:541} INFO - Filling up the DagBag from /opt/airflow/dags/04_train_model.py
[2026-09-28T04:46:48.379+0000] {processor.py:809} INFO - DAG(s) dict_keys(['04_train_model']) retrieved from /opt/airflow/dags/04_train_model.py
[2026-09-28T04:46:48.411+0000] {logging_mixin.py:149} INFO - [2026-09-28T04:46:48.411+0000] {dag.py:2726} INFO - Sync 1 DAGs
[2026-09-28T04:46:48.455+0000] {logging_mixin.py:149} INFO - [2026-09-28T04:46:48.455+0000] {dag.py:3490} INFO - Setting next_dagrun for 04_train_model to None, run_after=None
[2026-09-28T04:46:48.490+0000] {processor.py:178} INFO - Processing /opt/airflow/dags/04_train_model.py took 2.675 seconds
[2026-09-28T04:47:19.367+0000] {processor.py:156} INFO - Started process (PID=1615) to work on /opt/airflow/dags/04_train_model.py
[2026-09-28T04:47:19.371+0000] {processor.py:799} INFO - Processing file /opt/airflow/dags/04_train_model.py for tasks to queue
[2026-09-28T04:47:19.372+0000] {logging_mixin.py:149} INFO - [2026-09-28T04:47:19.371+0000] {dagbag.py:541} INFO - Filling up the DagBag from /opt/airflow/dags/04_train_model.py
[2026-09-28T04:47:21.944+0000] {processor.py:809} INFO - DAG(s) dict_keys(['04_train_model']) retrieved from /opt/airflow/dags/04_train_model.py
[2026-09-28T04:47:21.976+0000] {logging_mixin.py:149} INFO - [2026-09-28T04:47:21.976+0000] {dag.py:2726} INFO - Sync 1 DAGs
[2026-09-28T04:47:22.019+0000] {logging_mixin.py:149} INFO - [2026-09-28T04:47:22.019+0000] {dag.py:3490} INFO - Setting next_dagrun for 04_train_model to None, run_after=None
[2026-09-28T04:47:22.048+0000] {processor.py:178} INFO - Processing /opt/airflow/dags/04_train_model.py took 2.687 seconds
[2026-09-28T04:47:52.378+0000] {processor.py:156} INFO - Started process (PID=1684) to work on /opt/airflow/dags/04_train_model.py
[2026-09-28T04:47:52.381+0000] {processor.py:799} INFO - Processing file /opt/airflow/dags/04_train_model.py for tasks to queue
[2026-09-28T04:47:52.382+0000] {logging_mixin.py:149} INFO - [2026-09-28T04:47:52.382+0000] {dagbag.py:541} INFO - Filling up the DagBag from /opt/airflow/dags/04_train_model.py
[2026-09-28T04:47:54.804+0000] {processor.py:809} INFO - DAG(s) dict_keys(['04_train_model']) retrieved from /opt/airflow/dags/04_train_model.py
[2026-09-28T04:47:54.835+0000] {logging_mixin.py:149} INFO - [2026-09-28T04:47:54.834+0000] {dag.py:2726} INFO - Sync 1 DAGs
[2026-09-28T04:47:54.881+0000] {logging_mixin.py:149} INFO - [2026-09-28T04:47:54.880+0000] {dag.py:3490} INFO - Setting next_dagrun for 04_train_model to None, run_after=None
[2026-09-28T04:47:54.907+0000] {processor.py:178} INFO - Processing /opt/airflow/dags/04_train_model.py took 2.535 seconds
[2026-09-28T04:48:25.267+0000] {processor.py:156} INFO - Started process (PID=1751) to work on /opt/airflow/dags/04_train_model.py
[2026-09-28T04:48:25.268+0000] {processor.py:799} INFO - Processing file /opt/airflow/dags/04_train_model.py for tasks to queue
[2026-09-28T04:48:25.269+0000] {logging_mixin.py:149} INFO - [2026-09-28T04:48:25.269+0000] {dagbag.py:541} INFO - Filling up the DagBag from /opt/airflow/dags/04_train_model.py
[2026-09-28T04:48:27.901+0000] {processor.py:809} INFO - DAG(s) dict_keys(['04_train_model']) retrieved from /opt/airflow/dags/04_train_model.py
[2026-09-28T04:48:27.941+0000] {logging_mixin.py:149} INFO - [2026-09-28T04:48:27.940+0000] {dag.py:2726} INFO - Sync 1 DAGs
[2026-09-28T04:48:27.979+0000] {logging_mixin.py:149} INFO - [2026-09-28T04:48:27.978+0000] {dag.py:3490} INFO - Setting next_dagrun for 04_train_model to None, run_after=None
[2026-09-28T04:48:28.024+0000] {processor.py:178} INFO - Processing /opt/airflow/dags/04_train_model.py took 2.763 seconds
[2026-09-28T04:48:58.217+0000] {processor.py:156} INFO - Started process (PID=1828) to work on /opt/airflow/dags/04_train_model.py
[2026-09-28T04:48:58.219+0000] {processor.py:799} INFO - Processing file /opt/airflow/dags/04_train_model.py for tasks to queue
[2026-09-28T04:48:58.220+0000] {logging_mixin.py:149} INFO - [2026-09-28T04:48:58.220+0000] {dagbag.py:541} INFO - Filling up the DagBag from /opt/airflow/dags/04_train_model.py
[2026-09-28T04:49:00.730+0000] {processor.py:809} INFO - DAG(s) dict_keys(['04_train_model']) retrieved from /opt/airflow/dags/04_train_model.py
[2026-09-28T04:49:00.763+0000] {logging_mixin.py:149} INFO - [2026-09-28T04:49:00.763+0000] {dag.py:2726} INFO - Sync 1 DAGs
[2026-09-28T04:49:00.803+0000] {logging_mixin.py:149} INFO - [2026-09-28T04:49:00.803+0000] {dag.py:3490} INFO - Setting next_dagrun for 04_train_model to None, run_after=None
[2026-09-28T04:49:00.833+0000] {processor.py:178} INFO - Processing /opt/airflow/dags/04_train_model.py took 2.623 seconds
[2026-09-28T04:49:31.564+0000] {processor.py:156} INFO - Started process (PID=1894) to work on /opt/airflow/dags/04_train_model.py
[2026-09-28T04:49:31.567+0000] {processor.py:799} INFO - Processing file /opt/airflow/dags/04_train_model.py for tasks to queue
[2026-09-28T04:49:31.568+0000] {logging_mixin.py:149} INFO - [2026-09-28T04:49:31.568+0000] {dagbag.py:541} INFO - Filling up the DagBag from /opt/airflow/dags/04_train_model.py
[2026-09-28T04:49:34.032+0000] {processor.py:809} INFO - DAG(s) dict_keys(['04_train_model']) retrieved from /opt/airflow/dags/04_train_model.py
[2026-09-28T04:49:34.065+0000] {logging_mixin.py:149} INFO - [2026-09-28T04:49:34.064+0000] {dag.py:2726} INFO - Sync 1 DAGs
[2026-09-28T04:49:34.101+0000] {logging_mixin.py:149} INFO - [2026-09-28T04:49:34.101+0000] {dag.py:3490} INFO - Setting next_dagrun for 04_train_model to None, run_after=None
[2026-09-28T04:49:34.126+0000] {processor.py:178} INFO - Processing /opt/airflow/dags/04_train_model.py took 2.568 seconds
[2026-09-28T04:50:04.253+0000] {processor.py:156} INFO - Started process (PID=1960) to work on /opt/airflow/dags/04_train_model.py
[2026-09-28T04:50:04.256+0000] {processor.py:799} INFO - Processing file /opt/airflow/dags/04_train_model.py for tasks to queue
[2026-09-28T04:50:04.257+0000] {logging_mixin.py:149} INFO - [2026-09-28T04:50:04.257+0000] {dagbag.py:541} INFO - Filling up the DagBag from /opt/airflow/dags/04_train_model.py
[2026-09-28T04:50:06.769+0000] {processor.py:809} INFO - DAG(s) dict_keys(['04_train_model']) retrieved from /opt/airflow/dags/04_train_model.py
[2026-09-28T04:50:06.811+0000] {logging_mixin.py:149} INFO - [2026-09-28T04:50:06.810+0000] {dag.py:2726} INFO - Sync 1 DAGs
[2026-09-28T04:50:06.854+0000] {logging_mixin.py:149} INFO - [2026-09-28T04:50:06.854+0000] {dag.py:3490} INFO - Setting next_dagrun for 04_train_model to None, run_after=None
[2026-09-28T04:50:06.883+0000] {processor.py:178} INFO - Processing /opt/airflow/dags/04_train_model.py took 2.636 seconds
[2026-09-28T04:50:37.768+0000] {processor.py:156} INFO - Started process (PID=2032) to work on /opt/airflow/dags/04_train_model.py
[2026-09-28T04:50:37.771+0000] {processor.py:799} INFO - Processing file /opt/airflow/dags/04_train_model.py for tasks to queue
[2026-09-28T04:50:37.772+0000] {logging_mixin.py:149} INFO - [2026-09-28T04:50:37.771+0000] {dagbag.py:541} INFO - Filling up the DagBag from /opt/airflow/dags/04_train_model.py
[2026-09-28T04:50:40.273+0000] {processor.py:809} INFO - DAG(s) dict_keys(['04_train_model']) retrieved from /opt/airflow/dags/04_train_model.py
[2026-09-28T04:50:40.306+0000] {logging_mixin.py:149} INFO - [2026-09-28T04:50:40.305+0000] {dag.py:2726} INFO - Sync 1 DAGs
[2026-09-28T04:50:40.348+0000] {logging_mixin.py:149} INFO - [2026-09-28T04:50:40.348+0000] {dag.py:3490} INFO - Setting next_dagrun for 04_train_model to None, run_after=None
[2026-09-28T04:50:40.376+0000] {processor.py:178} INFO - Processing /opt/airflow/dags/04_train_model.py took 2.616 seconds
[2026-09-28T04:51:10.786+0000] {processor.py:156} INFO - Started process (PID=2103) to work on /opt/airflow/dags/04_train_model.py
[2026-09-28T04:51:10.788+0000] {processor.py:799} INFO - Processing file /opt/airflow/dags/04_train_model.py for tasks to queue
[2026-09-28T04:51:10.789+0000] {logging_mixin.py:149} INFO - [2026-09-28T04:51:10.789+0000] {dagbag.py:541} INFO - Filling up the DagBag from /opt/airflow/dags/04_train_model.py
[2026-09-28T04:51:13.344+0000] {processor.py:809} INFO - DAG(s) dict_keys(['04_train_model']) retrieved from /opt/airflow/dags/04_train_model.py
[2026-09-28T04:51:13.379+0000] {logging_mixin.py:149} INFO - [2026-09-28T04:51:13.379+0000] {dag.py:2726} INFO - Sync 1 DAGs
[2026-09-28T04:51:13.421+0000] {logging_mixin.py:149} INFO - [2026-09-28T04:51:13.421+0000] {dag.py:3490} INFO - Setting next_dagrun for 04_train_model to None, run_after=None
[2026-09-28T04:51:13.452+0000] {processor.py:178} INFO - Processing /opt/airflow/dags/04_train_model.py took 2.673 seconds
[2026-09-28T04:51:43.615+0000] {processor.py:156} INFO - Started process (PID=2181) to work on /opt/airflow/dags/04_train_model.py
[2026-09-28T04:51:43.617+0000] {processor.py:799} INFO - Processing file /opt/airflow/dags/04_train_model.py for tasks to queue
[2026-09-28T04:51:43.618+0000] {logging_mixin.py:149} INFO - [2026-09-28T04:51:43.618+0000] {dagbag.py:541} INFO - Filling up the DagBag from /opt/airflow/dags/04_train_model.py
[2026-09-28T04:51:46.218+0000] {processor.py:809} INFO - DAG(s) dict_keys(['04_train_model']) retrieved from /opt/airflow/dags/04_train_model.py
[2026-09-28T04:51:46.254+0000] {logging_mixin.py:149} INFO - [2026-09-28T04:51:46.253+0000] {dag.py:2726} INFO - Sync 1 DAGs
[2026-09-28T04:51:46.294+0000] {logging_mixin.py:149} INFO - [2026-09-28T04:51:46.294+0000] {dag.py:3490} INFO - Setting next_dagrun for 04_train_model to None, run_after=None
[2026-09-28T04:51:46.323+0000] {processor.py:178} INFO - Processing /opt/airflow/dags/04_train_model.py took 2.718 seconds
[2026-09-28T04:52:16.893+0000] {processor.py:156} INFO - Started process (PID=2254) to work on /opt/airflow/dags/04_train_model.py
[2026-09-28T04:52:16.903+0000] {processor.py:799} INFO - Processing file /opt/airflow/dags/04_train_model.py for tasks to queue
[2026-09-28T04:52:16.905+0000] {logging_mixin.py:149} INFO - [2026-09-28T04:52:16.904+0000] {dagbag.py:541} INFO - Filling up the DagBag from /opt/airflow/dags/04_train_model.py
[2026-09-28T04:52:19.376+0000] {processor.py:809} INFO - DAG(s) dict_keys(['04_train_model']) retrieved from /opt/airflow/dags/04_train_model.py
[2026-09-28T04:52:19.409+0000] {logging_mixin.py:149} INFO - [2026-09-28T04:52:19.409+0000] {dag.py:2726} INFO - Sync 1 DAGs
[2026-09-28T04:52:19.448+0000] {logging_mixin.py:149} INFO - [2026-09-28T04:52:19.448+0000] {dag.py:3490} INFO - Setting next_dagrun for 04_train_model to None, run_after=None
[2026-09-28T04:52:19.478+0000] {processor.py:178} INFO - Processing /opt/airflow/dags/04_train_model.py took 2.593 seconds
[2026-09-28T04:52:49.883+0000] {processor.py:156} INFO - Started process (PID=2320) to work on /opt/airflow/dags/04_train_model.py
[2026-09-28T04:52:49.886+0000] {processor.py:799} INFO - Processing file /opt/airflow/dags/04_train_model.py for tasks to queue
[2026-09-28T04:52:49.887+0000] {logging_mixin.py:149} INFO - [2026-09-28T04:52:49.887+0000] {dagbag.py:541} INFO - Filling up the DagBag from /opt/airflow/dags/04_train_model.py
[2026-09-28T04:52:52.378+0000] {processor.py:809} INFO - DAG(s) dict_keys(['04_train_model']) retrieved from /opt/airflow/dags/04_train_model.py
[2026-09-28T04:52:52.412+0000] {logging_mixin.py:149} INFO - [2026-09-28T04:52:52.412+0000] {dag.py:2726} INFO - Sync 1 DAGs
[2026-09-28T04:52:52.451+0000] {logging_mixin.py:149} INFO - [2026-09-28T04:52:52.451+0000] {dag.py:3490} INFO - Setting next_dagrun for 04_train_model to None, run_after=None
[2026-09-28T04:52:52.486+0000] {processor.py:178} INFO - Processing /opt/airflow/dags/04_train_model.py took 2.611 seconds
[2026-09-28T04:53:22.549+0000] {processor.py:156} INFO - Started process (PID=2386) to work on /opt/airflow/dags/04_train_model.py
[2026-09-28T04:53:22.551+0000] {processor.py:799} INFO - Processing file /opt/airflow/dags/04_train_model.py for tasks to queue
[2026-09-28T04:53:22.552+0000] {logging_mixin.py:149} INFO - [2026-09-28T04:53:22.552+0000] {dagbag.py:541} INFO - Filling up the DagBag from /opt/airflow/dags/04_train_model.py
[2026-09-28T04:53:24.996+0000] {processor.py:809} INFO - DAG(s) dict_keys(['04_train_model']) retrieved from /opt/airflow/dags/04_train_model.py
[2026-09-28T04:53:25.026+0000] {logging_mixin.py:149} INFO - [2026-09-28T04:53:25.025+0000] {dag.py:2726} INFO - Sync 1 DAGs
[2026-09-28T04:53:25.065+0000] {logging_mixin.py:149} INFO - [2026-09-28T04:53:25.065+0000] {dag.py:3490} INFO - Setting next_dagrun for 04_train_model to None, run_after=None
[2026-09-28T04:53:25.096+0000] {processor.py:178} INFO - Processing /opt/airflow/dags/04_train_model.py took 2.554 seconds
[2026-09-28T04:53:55.343+0000] {processor.py:156} INFO - Started process (PID=2451) to work on /opt/airflow/dags/04_train_model.py
[2026-09-28T04:53:55.347+0000] {processor.py:799} INFO - Processing file /opt/airflow/dags/04_train_model.py for tasks to queue
[2026-09-28T04:53:55.348+0000] {logging_mixin.py:149} INFO - [2026-09-28T04:53:55.348+0000] {dagbag.py:541} INFO - Filling up the DagBag from /opt/airflow/dags/04_train_model.py
[2026-09-28T04:53:57.748+0000] {processor.py:809} INFO - DAG(s) dict_keys(['04_train_model']) retrieved from /opt/airflow/dags/04_train_model.py
[2026-09-28T04:53:57.783+0000] {logging_mixin.py:149} INFO - [2026-09-28T04:53:57.783+0000] {dag.py:2726} INFO - Sync 1 DAGs
[2026-09-28T04:53:57.827+0000] {logging_mixin.py:149} INFO - [2026-09-28T04:53:57.826+0000] {dag.py:3490} INFO - Setting next_dagrun for 04_train_model to None, run_after=None
[2026-09-28T04:53:57.855+0000] {processor.py:178} INFO - Processing /opt/airflow/dags/04_train_model.py took 2.518 seconds
[2026-09-28T04:54:28.602+0000] {processor.py:156} INFO - Started process (PID=2516) to work on /opt/airflow/dags/04_train_model.py
[2026-09-28T04:54:28.605+0000] {processor.py:799} INFO - Processing file /opt/airflow/dags/04_train_model.py for tasks to queue
[2026-09-28T04:54:28.608+0000] {logging_mixin.py:149} INFO - [2026-09-28T04:54:28.607+0000] {dagbag.py:541} INFO - Filling up the DagBag from /opt/airflow/dags/04_train_model.py
[2026-09-28T04:54:31.091+0000] {processor.py:809} INFO - DAG(s) dict_keys(['04_train_model']) retrieved from /opt/airflow/dags/04_train_model.py
[2026-09-28T04:54:31.129+0000] {logging_mixin.py:149} INFO - [2026-09-28T04:54:31.128+0000] {dag.py:2726} INFO - Sync 1 DAGs
[2026-09-28T04:54:31.354+0000] {logging_mixin.py:149} INFO - [2026-09-28T04:54:31.353+0000] {dag.py:3490} INFO - Setting next_dagrun for 04_train_model to None, run_after=None
[2026-09-28T04:54:31.383+0000] {processor.py:178} INFO - Processing /opt/airflow/dags/04_train_model.py took 2.793 seconds
[2026-09-28T04:55:01.630+0000] {processor.py:156} INFO - Started process (PID=2585) to work on /opt/airflow/dags/04_train_model.py
[2026-09-28T04:55:01.632+0000] {processor.py:799} INFO - Processing file /opt/airflow/dags/04_train_model.py for tasks to queue
[2026-09-28T04:55:01.634+0000] {logging_mixin.py:149} INFO - [2026-09-28T04:55:01.633+0000] {dagbag.py:541} INFO - Filling up the DagBag from /opt/airflow/dags/04_train_model.py
[2026-09-28T04:55:04.261+0000] {processor.py:809} INFO - DAG(s) dict_keys(['04_train_model']) retrieved from /opt/airflow/dags/04_train_model.py
[2026-09-28T04:55:04.297+0000] {logging_mixin.py:149} INFO - [2026-09-28T04:55:04.296+0000] {dag.py:2726} INFO - Sync 1 DAGs
[2026-09-28T04:55:04.339+0000] {logging_mixin.py:149} INFO - [2026-09-28T04:55:04.338+0000] {dag.py:3490} INFO - Setting next_dagrun for 04_train_model to None, run_after=None
[2026-09-28T04:55:04.400+0000] {processor.py:178} INFO - Processing /opt/airflow/dags/04_train_model.py took 2.777 seconds
[2026-09-28T04:55:34.766+0000] {processor.py:156} INFO - Started process (PID=2654) to work on /opt/airflow/dags/04_train_model.py
[2026-09-28T04:55:34.770+0000] {processor.py:799} INFO - Processing file /opt/airflow/dags/04_train_model.py for tasks to queue
[2026-09-28T04:55:34.772+0000] {logging_mixin.py:149} INFO - [2026-09-28T04:55:34.771+0000] {dagbag.py:541} INFO - Filling up the DagBag from /opt/airflow/dags/04_train_model.py
[2026-09-28T04:55:37.484+0000] {processor.py:809} INFO - DAG(s) dict_keys(['04_train_model']) retrieved from /opt/airflow/dags/04_train_model.py
[2026-09-28T04:55:37.520+0000] {logging_mixin.py:149} INFO - [2026-09-28T04:55:37.519+0000] {dag.py:2726} INFO - Sync 1 DAGs
[2026-09-28T04:55:37.557+0000] {logging_mixin.py:149} INFO - [2026-09-28T04:55:37.557+0000] {dag.py:3490} INFO - Setting next_dagrun for 04_train_model to None, run_after=None
[2026-09-28T04:55:37.586+0000] {processor.py:178} INFO - Processing /opt/airflow/dags/04_train_model.py took 2.829 seconds
[2026-09-28T04:56:08.453+0000] {processor.py:156} INFO - Started process (PID=2731) to work on /opt/airflow/dags/04_train_model.py
[2026-09-28T04:56:08.456+0000] {processor.py:799} INFO - Processing file /opt/airflow/dags/04_train_model.py for tasks to queue
[2026-09-28T04:56:08.457+0000] {logging_mixin.py:149} INFO - [2026-09-28T04:56:08.457+0000] {dagbag.py:541} INFO - Filling up the DagBag from /opt/airflow/dags/04_train_model.py
[2026-09-28T04:56:11.136+0000] {processor.py:809} INFO - DAG(s) dict_keys(['04_train_model']) retrieved from /opt/airflow/dags/04_train_model.py
[2026-09-28T04:56:11.168+0000] {logging_mixin.py:149} INFO - [2026-09-28T04:56:11.167+0000] {dag.py:2726} INFO - Sync 1 DAGs
[2026-09-28T04:56:11.212+0000] {logging_mixin.py:149} INFO - [2026-09-28T04:56:11.212+0000] {dag.py:3490} INFO - Setting next_dagrun for 04_train_model to None, run_after=None
[2026-09-28T04:56:11.243+0000] {processor.py:178} INFO - Processing /opt/airflow/dags/04_train_model.py took 2.798 seconds
[2026-09-28T04:56:41.948+0000] {processor.py:156} INFO - Started process (PID=2796) to work on /opt/airflow/dags/04_train_model.py
[2026-09-28T04:56:41.951+0000] {processor.py:799} INFO - Processing file /opt/airflow/dags/04_train_model.py for tasks to queue
[2026-09-28T04:56:41.952+0000] {logging_mixin.py:149} INFO - [2026-09-28T04:56:41.952+0000] {dagbag.py:541} INFO - Filling up the DagBag from /opt/airflow/dags/04_train_model.py
[2026-09-28T04:56:44.853+0000] {processor.py:809} INFO - DAG(s) dict_keys(['04_train_model']) retrieved from /opt/airflow/dags/04_train_model.py
[2026-09-28T04:56:44.886+0000] {logging_mixin.py:149} INFO - [2026-09-28T04:56:44.885+0000] {dag.py:2726} INFO - Sync 1 DAGs
[2026-09-28T04:56:44.928+0000] {logging_mixin.py:149} INFO - [2026-09-28T04:56:44.927+0000] {dag.py:3490} INFO - Setting next_dagrun for 04_train_model to None, run_after=None
[2026-09-28T04:56:44.961+0000] {processor.py:178} INFO - Processing /opt/airflow/dags/04_train_model.py took 3.019 seconds
[2026-09-28T04:57:15.129+0000] {processor.py:156} INFO - Started process (PID=2877) to work on /opt/airflow/dags/04_train_model.py
[2026-09-28T04:57:15.131+0000] {processor.py:799} INFO - Processing file /opt/airflow/dags/04_train_model.py for tasks to queue
[2026-09-28T04:57:15.133+0000] {logging_mixin.py:149} INFO - [2026-09-28T04:57:15.132+0000] {dagbag.py:541} INFO - Filling up the DagBag from /opt/airflow/dags/04_train_model.py
[2026-09-28T04:57:17.881+0000] {processor.py:809} INFO - DAG(s) dict_keys(['04_train_model']) retrieved from /opt/airflow/dags/04_train_model.py
[2026-09-28T04:57:17.920+0000] {logging_mixin.py:149} INFO - [2026-09-28T04:57:17.919+0000] {dag.py:2726} INFO - Sync 1 DAGs
[2026-09-28T04:57:17.961+0000] {logging_mixin.py:149} INFO - [2026-09-28T04:57:17.960+0000] {dag.py:3490} INFO - Setting next_dagrun for 04_train_model to None, run_after=None
[2026-09-28T04:57:17.993+0000] {processor.py:178} INFO - Processing /opt/airflow/dags/04_train_model.py took 2.872 seconds
