[2026-09-27T21:20:10.047+0000] {taskinstance.py:1125} INFO - Dependencies all met for dep_context=non-requeueable deps ti=<TaskInstance: 01_ingestion.insert_raw_data scheduled__2026-09-27T21:15:00+00:00 [queued]>
[2026-09-27T21:20:10.320+0000] {taskinstance.py:1125} INFO - Dependencies all met for dep_context=requeueable deps ti=<TaskInstance: 01_ingestion.insert_raw_data scheduled__2026-09-27T21:15:00+00:00 [queued]>
[2026-09-27T21:20:10.321+0000] {taskinstance.py:1331} INFO - Starting attempt 1 of 1
[2026-09-27T21:20:10.342+0000] {taskinstance.py:1350} INFO - Executing <Task(_PythonDecoratedOperator): insert_raw_data> on 2026-09-27 21:15:00+00:00
[2026-09-27T21:20:10.353+0000] {standard_task_runner.py:57} INFO - Started process 1339 to run task
[2026-09-27T21:20:10.359+0000] {standard_task_runner.py:84} INFO - Running: ['***', 'tasks', 'run', '01_ingestion', 'insert_raw_data', 'scheduled__2026-09-27T21:15:00+00:00', '--job-id', '24', '--raw', '--subdir', 'DAGS_FOLDER/01_ingestion.py', '--cfg-path', '/tmp/tmpub0ztq1e']
[2026-09-27T21:20:10.363+0000] {standard_task_runner.py:85} INFO - Job 24: Subtask insert_raw_data
[2026-09-27T21:20:10.451+0000] {task_command.py:410} INFO - Running <TaskInstance: 01_ingestion.insert_raw_data scheduled__2026-09-27T21:15:00+00:00 [running]> on host a3b96d336d3d
[2026-09-27T21:20:10.896+0000] {taskinstance.py:1570} INFO - Exporting env vars: AIRFLOW_CTX_DAG_OWNER='mlops' AIRFLOW_CTX_DAG_ID='01_ingestion' AIRFLOW_CTX_TASK_ID='insert_raw_data' AIRFLOW_CTX_EXECUTION_DATE='2026-09-27T21:15:00+00:00' AIRFLOW_CTX_TRY_NUMBER='1' AIRFLOW_CTX_DAG_RUN_ID='scheduled__2026-09-27T21:15:00+00:00'
[2026-09-27T21:20:10.964+0000] {taskinstance.py:1847} ERROR - Task failed with exception
Traceback (most recent call last):
  File "/opt/airflow/dags/01_ingestion.py", line 310, in insert_raw_data
    json.dumps(payload),
psycopg2.errors.InvalidColumnReference: there is no unique or exclusion constraint matching the ON CONFLICT specification


The above exception was the direct cause of the following exception:

Traceback (most recent call last):
  File "/home/airflow/.local/lib/python3.7/site-packages/airflow/decorators/base.py", line 220, in execute
    return_value = super().execute(context)
  File "/home/airflow/.local/lib/python3.7/site-packages/airflow/operators/python.py", line 181, in execute
    return_value = self.execute_callable()
  File "/home/airflow/.local/lib/python3.7/site-packages/airflow/operators/python.py", line 198, in execute_callable
    return self.python_callable(*self.op_args, **self.op_kwargs)
  File "/opt/airflow/dags/01_ingestion.py", line 352, in insert_raw_data
    ) from exc
airflow.exceptions.AirflowFailException: Error PostgreSQL: there is no unique or exclusion constraint matching the ON CONFLICT specification

[2026-09-27T21:20:10.978+0000] {taskinstance.py:1373} INFO - Immediate failure requested. Marking task as FAILED. dag_id=01_ingestion, task_id=insert_raw_data, execution_date=20260927T211500, start_date=20260927T212010, end_date=20260927T212010
[2026-09-27T21:20:10.996+0000] {standard_task_runner.py:109} ERROR - Failed to execute job 24 for task insert_raw_data (Error PostgreSQL: there is no unique or exclusion constraint matching the ON CONFLICT specification
; 1339)
[2026-09-27T21:20:11.011+0000] {local_task_job_runner.py:232} INFO - Task exited with return code 1
[2026-09-27T21:20:11.043+0000] {taskinstance.py:2674} INFO - 0 downstream tasks scheduled from follow-on schedule check
