[2026-09-20T00:00:00.749+0000] {processor.py:156} INFO - Started process (PID=19750) to work on /home/airflow/.local/lib/python3.7/site-packages/airflow/example_dags/plugins/listener_plugin.py
[2026-09-20T00:00:00.751+0000] {processor.py:799} INFO - Processing file /home/airflow/.local/lib/python3.7/site-packages/airflow/example_dags/plugins/listener_plugin.py for tasks to queue
[2026-09-20T00:00:00.752+0000] {logging_mixin.py:149} INFO - [2026-09-20T00:00:00.752+0000] {dagbag.py:541} INFO - Filling up the DagBag from /home/airflow/.local/lib/python3.7/site-packages/airflow/example_dags/plugins/listener_plugin.py
[2026-09-20T00:00:00.757+0000] {processor.py:811} WARNING - No viable dags retrieved from /home/airflow/.local/lib/python3.7/site-packages/airflow/example_dags/plugins/listener_plugin.py
[2026-09-20T00:00:00.787+0000] {processor.py:178} INFO - Processing /home/airflow/.local/lib/python3.7/site-packages/airflow/example_dags/plugins/listener_plugin.py took 0.046 seconds
[2026-09-20T00:00:32.229+0000] {processor.py:156} INFO - Started process (PID=19806) to work on /home/airflow/.local/lib/python3.7/site-packages/airflow/example_dags/plugins/listener_plugin.py
[2026-09-20T00:00:32.231+0000] {processor.py:799} INFO - Processing file /home/airflow/.local/lib/python3.7/site-packages/airflow/example_dags/plugins/listener_plugin.py for tasks to queue
[2026-09-20T00:00:32.232+0000] {logging_mixin.py:149} INFO - [2026-09-20T00:00:32.232+0000] {dagbag.py:541} INFO - Filling up the DagBag from /home/airflow/.local/lib/python3.7/site-packages/airflow/example_dags/plugins/listener_plugin.py
[2026-09-20T00:00:32.236+0000] {processor.py:811} WARNING - No viable dags retrieved from /home/airflow/.local/lib/python3.7/site-packages/airflow/example_dags/plugins/listener_plugin.py
[2026-09-20T00:00:32.266+0000] {processor.py:178} INFO - Processing /home/airflow/.local/lib/python3.7/site-packages/airflow/example_dags/plugins/listener_plugin.py took 0.044 seconds
[2026-09-20T00:01:02.827+0000] {processor.py:156} INFO - Started process (PID=19861) to work on /home/airflow/.local/lib/python3.7/site-packages/airflow/example_dags/plugins/listener_plugin.py
[2026-09-20T00:01:02.832+0000] {processor.py:799} INFO - Processing file /home/airflow/.local/lib/python3.7/site-packages/airflow/example_dags/plugins/listener_plugin.py for tasks to queue
[2026-09-20T00:01:02.834+0000] {logging_mixin.py:149} INFO - [2026-09-20T00:01:02.833+0000] {dagbag.py:541} INFO - Filling up the DagBag from /home/airflow/.local/lib/python3.7/site-packages/airflow/example_dags/plugins/listener_plugin.py
[2026-09-20T00:01:02.838+0000] {processor.py:811} WARNING - No viable dags retrieved from /home/airflow/.local/lib/python3.7/site-packages/airflow/example_dags/plugins/listener_plugin.py
[2026-09-20T00:01:02.859+0000] {processor.py:178} INFO - Processing /home/airflow/.local/lib/python3.7/site-packages/airflow/example_dags/plugins/listener_plugin.py took 0.038 seconds
[2026-09-20T00:01:34.801+0000] {processor.py:156} INFO - Started process (PID=19918) to work on /home/airflow/.local/lib/python3.7/site-packages/airflow/example_dags/plugins/listener_plugin.py
[2026-09-20T00:01:34.802+0000] {processor.py:799} INFO - Processing file /home/airflow/.local/lib/python3.7/site-packages/airflow/example_dags/plugins/listener_plugin.py for tasks to queue
[2026-09-20T00:01:34.804+0000] {logging_mixin.py:149} INFO - [2026-09-20T00:01:34.804+0000] {dagbag.py:541} INFO - Filling up the DagBag from /home/airflow/.local/lib/python3.7/site-packages/airflow/example_dags/plugins/listener_plugin.py
[2026-09-20T00:01:34.808+0000] {processor.py:811} WARNING - No viable dags retrieved from /home/airflow/.local/lib/python3.7/site-packages/airflow/example_dags/plugins/listener_plugin.py
[2026-09-20T00:01:34.830+0000] {processor.py:178} INFO - Processing /home/airflow/.local/lib/python3.7/site-packages/airflow/example_dags/plugins/listener_plugin.py took 0.037 seconds
[2026-09-20T00:02:05.716+0000] {processor.py:156} INFO - Started process (PID=19975) to work on /home/airflow/.local/lib/python3.7/site-packages/airflow/example_dags/plugins/listener_plugin.py
[2026-09-20T00:02:05.718+0000] {processor.py:799} INFO - Processing file /home/airflow/.local/lib/python3.7/site-packages/airflow/example_dags/plugins/listener_plugin.py for tasks to queue
[2026-09-20T00:02:05.718+0000] {logging_mixin.py:149} INFO - [2026-09-20T00:02:05.718+0000] {dagbag.py:541} INFO - Filling up the DagBag from /home/airflow/.local/lib/python3.7/site-packages/airflow/example_dags/plugins/listener_plugin.py
[2026-09-20T00:02:05.722+0000] {processor.py:811} WARNING - No viable dags retrieved from /home/airflow/.local/lib/python3.7/site-packages/airflow/example_dags/plugins/listener_plugin.py
[2026-09-20T00:02:05.746+0000] {processor.py:178} INFO - Processing /home/airflow/.local/lib/python3.7/site-packages/airflow/example_dags/plugins/listener_plugin.py took 0.037 seconds
[2026-09-20T00:02:37.160+0000] {processor.py:156} INFO - Started process (PID=20030) to work on /home/airflow/.local/lib/python3.7/site-packages/airflow/example_dags/plugins/listener_plugin.py
[2026-09-20T00:02:37.161+0000] {processor.py:799} INFO - Processing file /home/airflow/.local/lib/python3.7/site-packages/airflow/example_dags/plugins/listener_plugin.py for tasks to queue
[2026-09-20T00:02:37.161+0000] {logging_mixin.py:149} INFO - [2026-09-20T00:02:37.161+0000] {dagbag.py:541} INFO - Filling up the DagBag from /home/airflow/.local/lib/python3.7/site-packages/airflow/example_dags/plugins/listener_plugin.py
[2026-09-20T00:02:37.165+0000] {processor.py:811} WARNING - No viable dags retrieved from /home/airflow/.local/lib/python3.7/site-packages/airflow/example_dags/plugins/listener_plugin.py
[2026-09-20T00:02:37.187+0000] {processor.py:178} INFO - Processing /home/airflow/.local/lib/python3.7/site-packages/airflow/example_dags/plugins/listener_plugin.py took 0.032 seconds
[2026-09-20T00:03:08.377+0000] {processor.py:156} INFO - Started process (PID=20087) to work on /home/airflow/.local/lib/python3.7/site-packages/airflow/example_dags/plugins/listener_plugin.py
[2026-09-20T00:03:08.379+0000] {processor.py:799} INFO - Processing file /home/airflow/.local/lib/python3.7/site-packages/airflow/example_dags/plugins/listener_plugin.py for tasks to queue
[2026-09-20T00:03:08.380+0000] {logging_mixin.py:149} INFO - [2026-09-20T00:03:08.380+0000] {dagbag.py:541} INFO - Filling up the DagBag from /home/airflow/.local/lib/python3.7/site-packages/airflow/example_dags/plugins/listener_plugin.py
[2026-09-20T00:03:08.383+0000] {processor.py:811} WARNING - No viable dags retrieved from /home/airflow/.local/lib/python3.7/site-packages/airflow/example_dags/plugins/listener_plugin.py
[2026-09-20T00:03:08.402+0000] {processor.py:178} INFO - Processing /home/airflow/.local/lib/python3.7/site-packages/airflow/example_dags/plugins/listener_plugin.py took 0.030 seconds
[2026-09-20T00:03:39.229+0000] {processor.py:156} INFO - Started process (PID=20143) to work on /home/airflow/.local/lib/python3.7/site-packages/airflow/example_dags/plugins/listener_plugin.py
[2026-09-20T00:03:39.230+0000] {processor.py:799} INFO - Processing file /home/airflow/.local/lib/python3.7/site-packages/airflow/example_dags/plugins/listener_plugin.py for tasks to queue
[2026-09-20T00:03:39.232+0000] {logging_mixin.py:149} INFO - [2026-09-20T00:03:39.231+0000] {dagbag.py:541} INFO - Filling up the DagBag from /home/airflow/.local/lib/python3.7/site-packages/airflow/example_dags/plugins/listener_plugin.py
[2026-09-20T00:03:39.240+0000] {processor.py:811} WARNING - No viable dags retrieved from /home/airflow/.local/lib/python3.7/site-packages/airflow/example_dags/plugins/listener_plugin.py
[2026-09-20T00:03:39.266+0000] {processor.py:178} INFO - Processing /home/airflow/.local/lib/python3.7/site-packages/airflow/example_dags/plugins/listener_plugin.py took 0.045 seconds
[2026-09-20T00:04:10.079+0000] {processor.py:156} INFO - Started process (PID=20199) to work on /home/airflow/.local/lib/python3.7/site-packages/airflow/example_dags/plugins/listener_plugin.py
[2026-09-20T00:04:10.081+0000] {processor.py:799} INFO - Processing file /home/airflow/.local/lib/python3.7/site-packages/airflow/example_dags/plugins/listener_plugin.py for tasks to queue
[2026-09-20T00:04:10.082+0000] {logging_mixin.py:149} INFO - [2026-09-20T00:04:10.082+0000] {dagbag.py:541} INFO - Filling up the DagBag from /home/airflow/.local/lib/python3.7/site-packages/airflow/example_dags/plugins/listener_plugin.py
[2026-09-20T00:04:10.086+0000] {processor.py:811} WARNING - No viable dags retrieved from /home/airflow/.local/lib/python3.7/site-packages/airflow/example_dags/plugins/listener_plugin.py
[2026-09-20T00:04:10.112+0000] {processor.py:178} INFO - Processing /home/airflow/.local/lib/python3.7/site-packages/airflow/example_dags/plugins/listener_plugin.py took 0.039 seconds
[2026-09-20T00:04:40.832+0000] {processor.py:156} INFO - Started process (PID=20255) to work on /home/airflow/.local/lib/python3.7/site-packages/airflow/example_dags/plugins/listener_plugin.py
[2026-09-20T00:04:40.835+0000] {processor.py:799} INFO - Processing file /home/airflow/.local/lib/python3.7/site-packages/airflow/example_dags/plugins/listener_plugin.py for tasks to queue
[2026-09-20T00:04:40.836+0000] {logging_mixin.py:149} INFO - [2026-09-20T00:04:40.836+0000] {dagbag.py:541} INFO - Filling up the DagBag from /home/airflow/.local/lib/python3.7/site-packages/airflow/example_dags/plugins/listener_plugin.py
[2026-09-20T00:04:40.841+0000] {processor.py:811} WARNING - No viable dags retrieved from /home/airflow/.local/lib/python3.7/site-packages/airflow/example_dags/plugins/listener_plugin.py
[2026-09-20T00:04:40.873+0000] {processor.py:178} INFO - Processing /home/airflow/.local/lib/python3.7/site-packages/airflow/example_dags/plugins/listener_plugin.py took 0.048 seconds
[2026-09-20T00:05:11.220+0000] {processor.py:156} INFO - Started process (PID=20311) to work on /home/airflow/.local/lib/python3.7/site-packages/airflow/example_dags/plugins/listener_plugin.py
[2026-09-20T00:05:11.221+0000] {processor.py:799} INFO - Processing file /home/airflow/.local/lib/python3.7/site-packages/airflow/example_dags/plugins/listener_plugin.py for tasks to queue
[2026-09-20T00:05:11.223+0000] {logging_mixin.py:149} INFO - [2026-09-20T00:05:11.223+0000] {dagbag.py:541} INFO - Filling up the DagBag from /home/airflow/.local/lib/python3.7/site-packages/airflow/example_dags/plugins/listener_plugin.py
[2026-09-20T00:05:11.227+0000] {processor.py:811} WARNING - No viable dags retrieved from /home/airflow/.local/lib/python3.7/site-packages/airflow/example_dags/plugins/listener_plugin.py
[2026-09-20T00:05:11.248+0000] {processor.py:178} INFO - Processing /home/airflow/.local/lib/python3.7/site-packages/airflow/example_dags/plugins/listener_plugin.py took 0.034 seconds
[2026-09-20T00:05:42.125+0000] {processor.py:156} INFO - Started process (PID=20366) to work on /home/airflow/.local/lib/python3.7/site-packages/airflow/example_dags/plugins/listener_plugin.py
[2026-09-20T00:05:42.127+0000] {processor.py:799} INFO - Processing file /home/airflow/.local/lib/python3.7/site-packages/airflow/example_dags/plugins/listener_plugin.py for tasks to queue
[2026-09-20T00:05:42.128+0000] {logging_mixin.py:149} INFO - [2026-09-20T00:05:42.128+0000] {dagbag.py:541} INFO - Filling up the DagBag from /home/airflow/.local/lib/python3.7/site-packages/airflow/example_dags/plugins/listener_plugin.py
[2026-09-20T00:05:42.132+0000] {processor.py:811} WARNING - No viable dags retrieved from /home/airflow/.local/lib/python3.7/site-packages/airflow/example_dags/plugins/listener_plugin.py
[2026-09-20T00:05:42.155+0000] {processor.py:178} INFO - Processing /home/airflow/.local/lib/python3.7/site-packages/airflow/example_dags/plugins/listener_plugin.py took 0.041 seconds
[2026-09-20T00:06:13.187+0000] {processor.py:156} INFO - Started process (PID=20422) to work on /home/airflow/.local/lib/python3.7/site-packages/airflow/example_dags/plugins/listener_plugin.py
[2026-09-20T00:06:13.189+0000] {processor.py:799} INFO - Processing file /home/airflow/.local/lib/python3.7/site-packages/airflow/example_dags/plugins/listener_plugin.py for tasks to queue
[2026-09-20T00:06:13.190+0000] {logging_mixin.py:149} INFO - [2026-09-20T00:06:13.190+0000] {dagbag.py:541} INFO - Filling up the DagBag from /home/airflow/.local/lib/python3.7/site-packages/airflow/example_dags/plugins/listener_plugin.py
[2026-09-20T00:06:13.195+0000] {processor.py:811} WARNING - No viable dags retrieved from /home/airflow/.local/lib/python3.7/site-packages/airflow/example_dags/plugins/listener_plugin.py
[2026-09-20T00:06:13.222+0000] {processor.py:178} INFO - Processing /home/airflow/.local/lib/python3.7/site-packages/airflow/example_dags/plugins/listener_plugin.py took 0.044 seconds
[2026-09-20T00:06:44.214+0000] {processor.py:156} INFO - Started process (PID=20478) to work on /home/airflow/.local/lib/python3.7/site-packages/airflow/example_dags/plugins/listener_plugin.py
[2026-09-20T00:06:44.218+0000] {processor.py:799} INFO - Processing file /home/airflow/.local/lib/python3.7/site-packages/airflow/example_dags/plugins/listener_plugin.py for tasks to queue
[2026-09-20T00:06:44.219+0000] {logging_mixin.py:149} INFO - [2026-09-20T00:06:44.219+0000] {dagbag.py:541} INFO - Filling up the DagBag from /home/airflow/.local/lib/python3.7/site-packages/airflow/example_dags/plugins/listener_plugin.py
[2026-09-20T00:06:44.224+0000] {processor.py:811} WARNING - No viable dags retrieved from /home/airflow/.local/lib/python3.7/site-packages/airflow/example_dags/plugins/listener_plugin.py
[2026-09-20T00:06:44.246+0000] {processor.py:178} INFO - Processing /home/airflow/.local/lib/python3.7/site-packages/airflow/example_dags/plugins/listener_plugin.py took 0.042 seconds
[2026-09-20T00:07:15.606+0000] {processor.py:156} INFO - Started process (PID=20534) to work on /home/airflow/.local/lib/python3.7/site-packages/airflow/example_dags/plugins/listener_plugin.py
[2026-09-20T00:07:15.607+0000] {processor.py:799} INFO - Processing file /home/airflow/.local/lib/python3.7/site-packages/airflow/example_dags/plugins/listener_plugin.py for tasks to queue
[2026-09-20T00:07:15.608+0000] {logging_mixin.py:149} INFO - [2026-09-20T00:07:15.608+0000] {dagbag.py:541} INFO - Filling up the DagBag from /home/airflow/.local/lib/python3.7/site-packages/airflow/example_dags/plugins/listener_plugin.py
[2026-09-20T00:07:15.613+0000] {processor.py:811} WARNING - No viable dags retrieved from /home/airflow/.local/lib/python3.7/site-packages/airflow/example_dags/plugins/listener_plugin.py
[2026-09-20T00:07:15.649+0000] {processor.py:178} INFO - Processing /home/airflow/.local/lib/python3.7/site-packages/airflow/example_dags/plugins/listener_plugin.py took 0.049 seconds
[2026-09-20T00:07:46.812+0000] {processor.py:156} INFO - Started process (PID=20590) to work on /home/airflow/.local/lib/python3.7/site-packages/airflow/example_dags/plugins/listener_plugin.py
[2026-09-20T00:07:46.814+0000] {processor.py:799} INFO - Processing file /home/airflow/.local/lib/python3.7/site-packages/airflow/example_dags/plugins/listener_plugin.py for tasks to queue
[2026-09-20T00:07:46.815+0000] {logging_mixin.py:149} INFO - [2026-09-20T00:07:46.815+0000] {dagbag.py:541} INFO - Filling up the DagBag from /home/airflow/.local/lib/python3.7/site-packages/airflow/example_dags/plugins/listener_plugin.py
[2026-09-20T00:07:46.818+0000] {processor.py:811} WARNING - No viable dags retrieved from /home/airflow/.local/lib/python3.7/site-packages/airflow/example_dags/plugins/listener_plugin.py
[2026-09-20T00:07:46.839+0000] {processor.py:178} INFO - Processing /home/airflow/.local/lib/python3.7/site-packages/airflow/example_dags/plugins/listener_plugin.py took 0.032 seconds
[2026-09-20T00:08:17.874+0000] {processor.py:156} INFO - Started process (PID=20646) to work on /home/airflow/.local/lib/python3.7/site-packages/airflow/example_dags/plugins/listener_plugin.py
[2026-09-20T00:08:17.875+0000] {processor.py:799} INFO - Processing file /home/airflow/.local/lib/python3.7/site-packages/airflow/example_dags/plugins/listener_plugin.py for tasks to queue
[2026-09-20T00:08:17.876+0000] {logging_mixin.py:149} INFO - [2026-09-20T00:08:17.876+0000] {dagbag.py:541} INFO - Filling up the DagBag from /home/airflow/.local/lib/python3.7/site-packages/airflow/example_dags/plugins/listener_plugin.py
[2026-09-20T00:08:17.880+0000] {processor.py:811} WARNING - No viable dags retrieved from /home/airflow/.local/lib/python3.7/site-packages/airflow/example_dags/plugins/listener_plugin.py
[2026-09-20T00:08:17.903+0000] {processor.py:178} INFO - Processing /home/airflow/.local/lib/python3.7/site-packages/airflow/example_dags/plugins/listener_plugin.py took 0.036 seconds
[2026-09-20T00:08:49.056+0000] {processor.py:156} INFO - Started process (PID=20702) to work on /home/airflow/.local/lib/python3.7/site-packages/airflow/example_dags/plugins/listener_plugin.py
[2026-09-20T00:08:49.058+0000] {processor.py:799} INFO - Processing file /home/airflow/.local/lib/python3.7/site-packages/airflow/example_dags/plugins/listener_plugin.py for tasks to queue
[2026-09-20T00:08:49.060+0000] {logging_mixin.py:149} INFO - [2026-09-20T00:08:49.059+0000] {dagbag.py:541} INFO - Filling up the DagBag from /home/airflow/.local/lib/python3.7/site-packages/airflow/example_dags/plugins/listener_plugin.py
[2026-09-20T00:08:49.064+0000] {processor.py:811} WARNING - No viable dags retrieved from /home/airflow/.local/lib/python3.7/site-packages/airflow/example_dags/plugins/listener_plugin.py
[2026-09-20T00:08:49.092+0000] {processor.py:178} INFO - Processing /home/airflow/.local/lib/python3.7/site-packages/airflow/example_dags/plugins/listener_plugin.py took 0.043 seconds
[2026-09-20T00:09:20.037+0000] {processor.py:156} INFO - Started process (PID=20765) to work on /home/airflow/.local/lib/python3.7/site-packages/airflow/example_dags/plugins/listener_plugin.py
[2026-09-20T00:09:20.039+0000] {processor.py:799} INFO - Processing file /home/airflow/.local/lib/python3.7/site-packages/airflow/example_dags/plugins/listener_plugin.py for tasks to queue
[2026-09-20T00:09:20.040+0000] {logging_mixin.py:149} INFO - [2026-09-20T00:09:20.040+0000] {dagbag.py:541} INFO - Filling up the DagBag from /home/airflow/.local/lib/python3.7/site-packages/airflow/example_dags/plugins/listener_plugin.py
[2026-09-20T00:09:20.044+0000] {processor.py:811} WARNING - No viable dags retrieved from /home/airflow/.local/lib/python3.7/site-packages/airflow/example_dags/plugins/listener_plugin.py
[2026-09-20T00:09:20.069+0000] {processor.py:178} INFO - Processing /home/airflow/.local/lib/python3.7/site-packages/airflow/example_dags/plugins/listener_plugin.py took 0.039 seconds
[2026-09-20T00:09:50.766+0000] {processor.py:156} INFO - Started process (PID=20821) to work on /home/airflow/.local/lib/python3.7/site-packages/airflow/example_dags/plugins/listener_plugin.py
[2026-09-20T00:09:50.769+0000] {processor.py:799} INFO - Processing file /home/airflow/.local/lib/python3.7/site-packages/airflow/example_dags/plugins/listener_plugin.py for tasks to queue
[2026-09-20T00:09:50.770+0000] {logging_mixin.py:149} INFO - [2026-09-20T00:09:50.770+0000] {dagbag.py:541} INFO - Filling up the DagBag from /home/airflow/.local/lib/python3.7/site-packages/airflow/example_dags/plugins/listener_plugin.py
[2026-09-20T00:09:50.774+0000] {processor.py:811} WARNING - No viable dags retrieved from /home/airflow/.local/lib/python3.7/site-packages/airflow/example_dags/plugins/listener_plugin.py
[2026-09-20T00:09:50.797+0000] {processor.py:178} INFO - Processing /home/airflow/.local/lib/python3.7/site-packages/airflow/example_dags/plugins/listener_plugin.py took 0.038 seconds
[2026-09-20T00:10:21.334+0000] {processor.py:156} INFO - Started process (PID=20877) to work on /home/airflow/.local/lib/python3.7/site-packages/airflow/example_dags/plugins/listener_plugin.py
[2026-09-20T00:10:21.336+0000] {processor.py:799} INFO - Processing file /home/airflow/.local/lib/python3.7/site-packages/airflow/example_dags/plugins/listener_plugin.py for tasks to queue
[2026-09-20T00:10:21.337+0000] {logging_mixin.py:149} INFO - [2026-09-20T00:10:21.337+0000] {dagbag.py:541} INFO - Filling up the DagBag from /home/airflow/.local/lib/python3.7/site-packages/airflow/example_dags/plugins/listener_plugin.py
[2026-09-20T00:10:21.341+0000] {processor.py:811} WARNING - No viable dags retrieved from /home/airflow/.local/lib/python3.7/site-packages/airflow/example_dags/plugins/listener_plugin.py
[2026-09-20T00:10:21.366+0000] {processor.py:178} INFO - Processing /home/airflow/.local/lib/python3.7/site-packages/airflow/example_dags/plugins/listener_plugin.py took 0.040 seconds
[2026-09-20T00:10:52.474+0000] {processor.py:156} INFO - Started process (PID=20933) to work on /home/airflow/.local/lib/python3.7/site-packages/airflow/example_dags/plugins/listener_plugin.py
[2026-09-20T00:10:52.476+0000] {processor.py:799} INFO - Processing file /home/airflow/.local/lib/python3.7/site-packages/airflow/example_dags/plugins/listener_plugin.py for tasks to queue
[2026-09-20T00:10:52.477+0000] {logging_mixin.py:149} INFO - [2026-09-20T00:10:52.477+0000] {dagbag.py:541} INFO - Filling up the DagBag from /home/airflow/.local/lib/python3.7/site-packages/airflow/example_dags/plugins/listener_plugin.py
[2026-09-20T00:10:52.481+0000] {processor.py:811} WARNING - No viable dags retrieved from /home/airflow/.local/lib/python3.7/site-packages/airflow/example_dags/plugins/listener_plugin.py
[2026-09-20T00:10:52.510+0000] {processor.py:178} INFO - Processing /home/airflow/.local/lib/python3.7/site-packages/airflow/example_dags/plugins/listener_plugin.py took 0.041 seconds
[2026-09-20T00:11:24.469+0000] {processor.py:156} INFO - Started process (PID=20989) to work on /home/airflow/.local/lib/python3.7/site-packages/airflow/example_dags/plugins/listener_plugin.py
[2026-09-20T00:11:24.472+0000] {processor.py:799} INFO - Processing file /home/airflow/.local/lib/python3.7/site-packages/airflow/example_dags/plugins/listener_plugin.py for tasks to queue
[2026-09-20T00:11:24.473+0000] {logging_mixin.py:149} INFO - [2026-09-20T00:11:24.473+0000] {dagbag.py:541} INFO - Filling up the DagBag from /home/airflow/.local/lib/python3.7/site-packages/airflow/example_dags/plugins/listener_plugin.py
[2026-09-20T00:11:24.477+0000] {processor.py:811} WARNING - No viable dags retrieved from /home/airflow/.local/lib/python3.7/site-packages/airflow/example_dags/plugins/listener_plugin.py
[2026-09-20T00:11:24.504+0000] {processor.py:178} INFO - Processing /home/airflow/.local/lib/python3.7/site-packages/airflow/example_dags/plugins/listener_plugin.py took 0.042 seconds
[2026-09-20T00:11:55.824+0000] {processor.py:156} INFO - Started process (PID=21046) to work on /home/airflow/.local/lib/python3.7/site-packages/airflow/example_dags/plugins/listener_plugin.py
[2026-09-20T00:11:55.825+0000] {processor.py:799} INFO - Processing file /home/airflow/.local/lib/python3.7/site-packages/airflow/example_dags/plugins/listener_plugin.py for tasks to queue
[2026-09-20T00:11:55.827+0000] {logging_mixin.py:149} INFO - [2026-09-20T00:11:55.826+0000] {dagbag.py:541} INFO - Filling up the DagBag from /home/airflow/.local/lib/python3.7/site-packages/airflow/example_dags/plugins/listener_plugin.py
[2026-09-20T00:11:55.831+0000] {processor.py:811} WARNING - No viable dags retrieved from /home/airflow/.local/lib/python3.7/site-packages/airflow/example_dags/plugins/listener_plugin.py
[2026-09-20T00:11:55.868+0000] {processor.py:178} INFO - Processing /home/airflow/.local/lib/python3.7/site-packages/airflow/example_dags/plugins/listener_plugin.py took 0.051 seconds
[2026-09-20T00:12:27.068+0000] {processor.py:156} INFO - Started process (PID=21102) to work on /home/airflow/.local/lib/python3.7/site-packages/airflow/example_dags/plugins/listener_plugin.py
[2026-09-20T00:12:27.074+0000] {processor.py:799} INFO - Processing file /home/airflow/.local/lib/python3.7/site-packages/airflow/example_dags/plugins/listener_plugin.py for tasks to queue
[2026-09-20T00:12:27.077+0000] {logging_mixin.py:149} INFO - [2026-09-20T00:12:27.077+0000] {dagbag.py:541} INFO - Filling up the DagBag from /home/airflow/.local/lib/python3.7/site-packages/airflow/example_dags/plugins/listener_plugin.py
[2026-09-20T00:12:27.082+0000] {processor.py:811} WARNING - No viable dags retrieved from /home/airflow/.local/lib/python3.7/site-packages/airflow/example_dags/plugins/listener_plugin.py
[2026-09-20T00:12:27.108+0000] {processor.py:178} INFO - Processing /home/airflow/.local/lib/python3.7/site-packages/airflow/example_dags/plugins/listener_plugin.py took 0.047 seconds
[2026-09-20T00:12:58.523+0000] {processor.py:156} INFO - Started process (PID=21159) to work on /home/airflow/.local/lib/python3.7/site-packages/airflow/example_dags/plugins/listener_plugin.py
[2026-09-20T00:12:58.525+0000] {processor.py:799} INFO - Processing file /home/airflow/.local/lib/python3.7/site-packages/airflow/example_dags/plugins/listener_plugin.py for tasks to queue
[2026-09-20T00:12:58.526+0000] {logging_mixin.py:149} INFO - [2026-09-20T00:12:58.526+0000] {dagbag.py:541} INFO - Filling up the DagBag from /home/airflow/.local/lib/python3.7/site-packages/airflow/example_dags/plugins/listener_plugin.py
[2026-09-20T00:12:58.530+0000] {processor.py:811} WARNING - No viable dags retrieved from /home/airflow/.local/lib/python3.7/site-packages/airflow/example_dags/plugins/listener_plugin.py
[2026-09-20T00:12:58.556+0000] {processor.py:178} INFO - Processing /home/airflow/.local/lib/python3.7/site-packages/airflow/example_dags/plugins/listener_plugin.py took 0.040 seconds
[2026-09-20T00:13:29.494+0000] {processor.py:156} INFO - Started process (PID=21215) to work on /home/airflow/.local/lib/python3.7/site-packages/airflow/example_dags/plugins/listener_plugin.py
[2026-09-20T00:13:29.502+0000] {processor.py:799} INFO - Processing file /home/airflow/.local/lib/python3.7/site-packages/airflow/example_dags/plugins/listener_plugin.py for tasks to queue
[2026-09-20T00:13:29.503+0000] {logging_mixin.py:149} INFO - [2026-09-20T00:13:29.503+0000] {dagbag.py:541} INFO - Filling up the DagBag from /home/airflow/.local/lib/python3.7/site-packages/airflow/example_dags/plugins/listener_plugin.py
[2026-09-20T00:13:29.518+0000] {processor.py:811} WARNING - No viable dags retrieved from /home/airflow/.local/lib/python3.7/site-packages/airflow/example_dags/plugins/listener_plugin.py
[2026-09-20T00:13:29.541+0000] {processor.py:178} INFO - Processing /home/airflow/.local/lib/python3.7/site-packages/airflow/example_dags/plugins/listener_plugin.py took 0.053 seconds
[2026-09-20T00:14:00.483+0000] {processor.py:156} INFO - Started process (PID=21271) to work on /home/airflow/.local/lib/python3.7/site-packages/airflow/example_dags/plugins/listener_plugin.py
[2026-09-20T00:14:00.490+0000] {processor.py:799} INFO - Processing file /home/airflow/.local/lib/python3.7/site-packages/airflow/example_dags/plugins/listener_plugin.py for tasks to queue
[2026-09-20T00:14:00.499+0000] {logging_mixin.py:149} INFO - [2026-09-20T00:14:00.498+0000] {dagbag.py:541} INFO - Filling up the DagBag from /home/airflow/.local/lib/python3.7/site-packages/airflow/example_dags/plugins/listener_plugin.py
[2026-09-20T00:14:00.505+0000] {processor.py:811} WARNING - No viable dags retrieved from /home/airflow/.local/lib/python3.7/site-packages/airflow/example_dags/plugins/listener_plugin.py
[2026-09-20T00:14:00.532+0000] {processor.py:178} INFO - Processing /home/airflow/.local/lib/python3.7/site-packages/airflow/example_dags/plugins/listener_plugin.py took 0.055 seconds
[2026-09-20T00:14:31.810+0000] {processor.py:156} INFO - Started process (PID=21327) to work on /home/airflow/.local/lib/python3.7/site-packages/airflow/example_dags/plugins/listener_plugin.py
[2026-09-20T00:14:31.813+0000] {processor.py:799} INFO - Processing file /home/airflow/.local/lib/python3.7/site-packages/airflow/example_dags/plugins/listener_plugin.py for tasks to queue
[2026-09-20T00:14:31.814+0000] {logging_mixin.py:149} INFO - [2026-09-20T00:14:31.813+0000] {dagbag.py:541} INFO - Filling up the DagBag from /home/airflow/.local/lib/python3.7/site-packages/airflow/example_dags/plugins/listener_plugin.py
[2026-09-20T00:14:31.818+0000] {processor.py:811} WARNING - No viable dags retrieved from /home/airflow/.local/lib/python3.7/site-packages/airflow/example_dags/plugins/listener_plugin.py
[2026-09-20T00:14:31.840+0000] {processor.py:178} INFO - Processing /home/airflow/.local/lib/python3.7/site-packages/airflow/example_dags/plugins/listener_plugin.py took 0.036 seconds
[2026-09-20T00:15:02.616+0000] {processor.py:156} INFO - Started process (PID=21383) to work on /home/airflow/.local/lib/python3.7/site-packages/airflow/example_dags/plugins/listener_plugin.py
[2026-09-20T00:15:02.618+0000] {processor.py:799} INFO - Processing file /home/airflow/.local/lib/python3.7/site-packages/airflow/example_dags/plugins/listener_plugin.py for tasks to queue
[2026-09-20T00:15:02.619+0000] {logging_mixin.py:149} INFO - [2026-09-20T00:15:02.619+0000] {dagbag.py:541} INFO - Filling up the DagBag from /home/airflow/.local/lib/python3.7/site-packages/airflow/example_dags/plugins/listener_plugin.py
[2026-09-20T00:15:02.623+0000] {processor.py:811} WARNING - No viable dags retrieved from /home/airflow/.local/lib/python3.7/site-packages/airflow/example_dags/plugins/listener_plugin.py
[2026-09-20T00:15:02.648+0000] {processor.py:178} INFO - Processing /home/airflow/.local/lib/python3.7/site-packages/airflow/example_dags/plugins/listener_plugin.py took 0.039 seconds
[2026-09-20T00:15:33.693+0000] {processor.py:156} INFO - Started process (PID=21439) to work on /home/airflow/.local/lib/python3.7/site-packages/airflow/example_dags/plugins/listener_plugin.py
[2026-09-20T00:15:33.695+0000] {processor.py:799} INFO - Processing file /home/airflow/.local/lib/python3.7/site-packages/airflow/example_dags/plugins/listener_plugin.py for tasks to queue
[2026-09-20T00:15:33.697+0000] {logging_mixin.py:149} INFO - [2026-09-20T00:15:33.696+0000] {dagbag.py:541} INFO - Filling up the DagBag from /home/airflow/.local/lib/python3.7/site-packages/airflow/example_dags/plugins/listener_plugin.py
[2026-09-20T00:15:33.701+0000] {processor.py:811} WARNING - No viable dags retrieved from /home/airflow/.local/lib/python3.7/site-packages/airflow/example_dags/plugins/listener_plugin.py
[2026-09-20T00:15:33.730+0000] {processor.py:178} INFO - Processing /home/airflow/.local/lib/python3.7/site-packages/airflow/example_dags/plugins/listener_plugin.py took 0.044 seconds
[2026-09-20T00:16:04.898+0000] {processor.py:156} INFO - Started process (PID=21496) to work on /home/airflow/.local/lib/python3.7/site-packages/airflow/example_dags/plugins/listener_plugin.py
[2026-09-20T00:16:04.900+0000] {processor.py:799} INFO - Processing file /home/airflow/.local/lib/python3.7/site-packages/airflow/example_dags/plugins/listener_plugin.py for tasks to queue
[2026-09-20T00:16:04.902+0000] {logging_mixin.py:149} INFO - [2026-09-20T00:16:04.901+0000] {dagbag.py:541} INFO - Filling up the DagBag from /home/airflow/.local/lib/python3.7/site-packages/airflow/example_dags/plugins/listener_plugin.py
[2026-09-20T00:16:04.906+0000] {processor.py:811} WARNING - No viable dags retrieved from /home/airflow/.local/lib/python3.7/site-packages/airflow/example_dags/plugins/listener_plugin.py
[2026-09-20T00:16:04.936+0000] {processor.py:178} INFO - Processing /home/airflow/.local/lib/python3.7/site-packages/airflow/example_dags/plugins/listener_plugin.py took 0.045 seconds
[2026-09-20T00:16:36.256+0000] {processor.py:156} INFO - Started process (PID=21552) to work on /home/airflow/.local/lib/python3.7/site-packages/airflow/example_dags/plugins/listener_plugin.py
[2026-09-20T00:16:36.258+0000] {processor.py:799} INFO - Processing file /home/airflow/.local/lib/python3.7/site-packages/airflow/example_dags/plugins/listener_plugin.py for tasks to queue
[2026-09-20T00:16:36.260+0000] {logging_mixin.py:149} INFO - [2026-09-20T00:16:36.260+0000] {dagbag.py:541} INFO - Filling up the DagBag from /home/airflow/.local/lib/python3.7/site-packages/airflow/example_dags/plugins/listener_plugin.py
[2026-09-20T00:16:36.265+0000] {processor.py:811} WARNING - No viable dags retrieved from /home/airflow/.local/lib/python3.7/site-packages/airflow/example_dags/plugins/listener_plugin.py
[2026-09-20T00:16:36.293+0000] {processor.py:178} INFO - Processing /home/airflow/.local/lib/python3.7/site-packages/airflow/example_dags/plugins/listener_plugin.py took 0.045 seconds
[2026-09-20T00:17:07.323+0000] {processor.py:156} INFO - Started process (PID=21608) to work on /home/airflow/.local/lib/python3.7/site-packages/airflow/example_dags/plugins/listener_plugin.py
[2026-09-20T00:17:07.325+0000] {processor.py:799} INFO - Processing file /home/airflow/.local/lib/python3.7/site-packages/airflow/example_dags/plugins/listener_plugin.py for tasks to queue
[2026-09-20T00:17:07.326+0000] {logging_mixin.py:149} INFO - [2026-09-20T00:17:07.326+0000] {dagbag.py:541} INFO - Filling up the DagBag from /home/airflow/.local/lib/python3.7/site-packages/airflow/example_dags/plugins/listener_plugin.py
[2026-09-20T00:17:07.329+0000] {processor.py:811} WARNING - No viable dags retrieved from /home/airflow/.local/lib/python3.7/site-packages/airflow/example_dags/plugins/listener_plugin.py
[2026-09-20T00:17:07.350+0000] {processor.py:178} INFO - Processing /home/airflow/.local/lib/python3.7/site-packages/airflow/example_dags/plugins/listener_plugin.py took 0.035 seconds
[2026-09-20T00:17:38.833+0000] {processor.py:156} INFO - Started process (PID=21664) to work on /home/airflow/.local/lib/python3.7/site-packages/airflow/example_dags/plugins/listener_plugin.py
[2026-09-20T00:17:38.837+0000] {processor.py:799} INFO - Processing file /home/airflow/.local/lib/python3.7/site-packages/airflow/example_dags/plugins/listener_plugin.py for tasks to queue
[2026-09-20T00:17:38.839+0000] {logging_mixin.py:149} INFO - [2026-09-20T00:17:38.839+0000] {dagbag.py:541} INFO - Filling up the DagBag from /home/airflow/.local/lib/python3.7/site-packages/airflow/example_dags/plugins/listener_plugin.py
[2026-09-20T00:17:38.844+0000] {processor.py:811} WARNING - No viable dags retrieved from /home/airflow/.local/lib/python3.7/site-packages/airflow/example_dags/plugins/listener_plugin.py
[2026-09-20T00:17:38.869+0000] {processor.py:178} INFO - Processing /home/airflow/.local/lib/python3.7/site-packages/airflow/example_dags/plugins/listener_plugin.py took 0.043 seconds
[2026-09-20T00:18:10.040+0000] {processor.py:156} INFO - Started process (PID=21720) to work on /home/airflow/.local/lib/python3.7/site-packages/airflow/example_dags/plugins/listener_plugin.py
[2026-09-20T00:18:10.048+0000] {processor.py:799} INFO - Processing file /home/airflow/.local/lib/python3.7/site-packages/airflow/example_dags/plugins/listener_plugin.py for tasks to queue
[2026-09-20T00:18:10.049+0000] {logging_mixin.py:149} INFO - [2026-09-20T00:18:10.049+0000] {dagbag.py:541} INFO - Filling up the DagBag from /home/airflow/.local/lib/python3.7/site-packages/airflow/example_dags/plugins/listener_plugin.py
[2026-09-20T00:18:10.054+0000] {processor.py:811} WARNING - No viable dags retrieved from /home/airflow/.local/lib/python3.7/site-packages/airflow/example_dags/plugins/listener_plugin.py
[2026-09-20T00:18:10.082+0000] {processor.py:178} INFO - Processing /home/airflow/.local/lib/python3.7/site-packages/airflow/example_dags/plugins/listener_plugin.py took 0.050 seconds
[2026-09-20T00:18:41.502+0000] {processor.py:156} INFO - Started process (PID=21776) to work on /home/airflow/.local/lib/python3.7/site-packages/airflow/example_dags/plugins/listener_plugin.py
[2026-09-20T00:18:41.504+0000] {processor.py:799} INFO - Processing file /home/airflow/.local/lib/python3.7/site-packages/airflow/example_dags/plugins/listener_plugin.py for tasks to queue
[2026-09-20T00:18:41.506+0000] {logging_mixin.py:149} INFO - [2026-09-20T00:18:41.505+0000] {dagbag.py:541} INFO - Filling up the DagBag from /home/airflow/.local/lib/python3.7/site-packages/airflow/example_dags/plugins/listener_plugin.py
[2026-09-20T00:18:41.509+0000] {processor.py:811} WARNING - No viable dags retrieved from /home/airflow/.local/lib/python3.7/site-packages/airflow/example_dags/plugins/listener_plugin.py
[2026-09-20T00:18:41.535+0000] {processor.py:178} INFO - Processing /home/airflow/.local/lib/python3.7/site-packages/airflow/example_dags/plugins/listener_plugin.py took 0.039 seconds
[2026-09-20T00:19:12.627+0000] {processor.py:156} INFO - Started process (PID=21832) to work on /home/airflow/.local/lib/python3.7/site-packages/airflow/example_dags/plugins/listener_plugin.py
[2026-09-20T00:19:12.629+0000] {processor.py:799} INFO - Processing file /home/airflow/.local/lib/python3.7/site-packages/airflow/example_dags/plugins/listener_plugin.py for tasks to queue
[2026-09-20T00:19:12.630+0000] {logging_mixin.py:149} INFO - [2026-09-20T00:19:12.630+0000] {dagbag.py:541} INFO - Filling up the DagBag from /home/airflow/.local/lib/python3.7/site-packages/airflow/example_dags/plugins/listener_plugin.py
[2026-09-20T00:19:12.634+0000] {processor.py:811} WARNING - No viable dags retrieved from /home/airflow/.local/lib/python3.7/site-packages/airflow/example_dags/plugins/listener_plugin.py
[2026-09-20T00:19:12.657+0000] {processor.py:178} INFO - Processing /home/airflow/.local/lib/python3.7/site-packages/airflow/example_dags/plugins/listener_plugin.py took 0.037 seconds
[2026-09-20T00:19:44.230+0000] {processor.py:156} INFO - Started process (PID=21888) to work on /home/airflow/.local/lib/python3.7/site-packages/airflow/example_dags/plugins/listener_plugin.py
[2026-09-20T00:19:44.232+0000] {processor.py:799} INFO - Processing file /home/airflow/.local/lib/python3.7/site-packages/airflow/example_dags/plugins/listener_plugin.py for tasks to queue
[2026-09-20T00:19:44.233+0000] {logging_mixin.py:149} INFO - [2026-09-20T00:19:44.233+0000] {dagbag.py:541} INFO - Filling up the DagBag from /home/airflow/.local/lib/python3.7/site-packages/airflow/example_dags/plugins/listener_plugin.py
[2026-09-20T00:19:44.237+0000] {processor.py:811} WARNING - No viable dags retrieved from /home/airflow/.local/lib/python3.7/site-packages/airflow/example_dags/plugins/listener_plugin.py
[2026-09-20T00:19:44.263+0000] {processor.py:178} INFO - Processing /home/airflow/.local/lib/python3.7/site-packages/airflow/example_dags/plugins/listener_plugin.py took 0.040 seconds
[2026-09-20T00:20:15.649+0000] {processor.py:156} INFO - Started process (PID=21944) to work on /home/airflow/.local/lib/python3.7/site-packages/airflow/example_dags/plugins/listener_plugin.py
[2026-09-20T00:20:15.651+0000] {processor.py:799} INFO - Processing file /home/airflow/.local/lib/python3.7/site-packages/airflow/example_dags/plugins/listener_plugin.py for tasks to queue
[2026-09-20T00:20:15.653+0000] {logging_mixin.py:149} INFO - [2026-09-20T00:20:15.653+0000] {dagbag.py:541} INFO - Filling up the DagBag from /home/airflow/.local/lib/python3.7/site-packages/airflow/example_dags/plugins/listener_plugin.py
[2026-09-20T00:20:15.658+0000] {processor.py:811} WARNING - No viable dags retrieved from /home/airflow/.local/lib/python3.7/site-packages/airflow/example_dags/plugins/listener_plugin.py
[2026-09-20T00:20:15.691+0000] {processor.py:178} INFO - Processing /home/airflow/.local/lib/python3.7/site-packages/airflow/example_dags/plugins/listener_plugin.py took 0.050 seconds
[2026-09-20T00:20:46.966+0000] {processor.py:156} INFO - Started process (PID=22000) to work on /home/airflow/.local/lib/python3.7/site-packages/airflow/example_dags/plugins/listener_plugin.py
[2026-09-20T00:20:46.967+0000] {processor.py:799} INFO - Processing file /home/airflow/.local/lib/python3.7/site-packages/airflow/example_dags/plugins/listener_plugin.py for tasks to queue
[2026-09-20T00:20:46.968+0000] {logging_mixin.py:149} INFO - [2026-09-20T00:20:46.968+0000] {dagbag.py:541} INFO - Filling up the DagBag from /home/airflow/.local/lib/python3.7/site-packages/airflow/example_dags/plugins/listener_plugin.py
[2026-09-20T00:20:46.972+0000] {processor.py:811} WARNING - No viable dags retrieved from /home/airflow/.local/lib/python3.7/site-packages/airflow/example_dags/plugins/listener_plugin.py
[2026-09-20T00:20:46.997+0000] {processor.py:178} INFO - Processing /home/airflow/.local/lib/python3.7/site-packages/airflow/example_dags/plugins/listener_plugin.py took 0.039 seconds
[2026-09-20T00:21:18.226+0000] {processor.py:156} INFO - Started process (PID=22056) to work on /home/airflow/.local/lib/python3.7/site-packages/airflow/example_dags/plugins/listener_plugin.py
[2026-09-20T00:21:18.229+0000] {processor.py:799} INFO - Processing file /home/airflow/.local/lib/python3.7/site-packages/airflow/example_dags/plugins/listener_plugin.py for tasks to queue
[2026-09-20T00:21:18.231+0000] {logging_mixin.py:149} INFO - [2026-09-20T00:21:18.230+0000] {dagbag.py:541} INFO - Filling up the DagBag from /home/airflow/.local/lib/python3.7/site-packages/airflow/example_dags/plugins/listener_plugin.py
[2026-09-20T00:21:18.235+0000] {processor.py:811} WARNING - No viable dags retrieved from /home/airflow/.local/lib/python3.7/site-packages/airflow/example_dags/plugins/listener_plugin.py
[2026-09-20T00:21:18.261+0000] {processor.py:178} INFO - Processing /home/airflow/.local/lib/python3.7/site-packages/airflow/example_dags/plugins/listener_plugin.py took 0.041 seconds
[2026-09-20T00:21:50.328+0000] {processor.py:156} INFO - Started process (PID=22115) to work on /home/airflow/.local/lib/python3.7/site-packages/airflow/example_dags/plugins/listener_plugin.py
[2026-09-20T00:21:50.329+0000] {processor.py:799} INFO - Processing file /home/airflow/.local/lib/python3.7/site-packages/airflow/example_dags/plugins/listener_plugin.py for tasks to queue
[2026-09-20T00:21:50.330+0000] {logging_mixin.py:149} INFO - [2026-09-20T00:21:50.330+0000] {dagbag.py:541} INFO - Filling up the DagBag from /home/airflow/.local/lib/python3.7/site-packages/airflow/example_dags/plugins/listener_plugin.py
[2026-09-20T00:21:50.334+0000] {processor.py:811} WARNING - No viable dags retrieved from /home/airflow/.local/lib/python3.7/site-packages/airflow/example_dags/plugins/listener_plugin.py
[2026-09-20T00:21:50.360+0000] {processor.py:178} INFO - Processing /home/airflow/.local/lib/python3.7/site-packages/airflow/example_dags/plugins/listener_plugin.py took 0.038 seconds
[2026-09-20T00:22:21.596+0000] {processor.py:156} INFO - Started process (PID=22174) to work on /home/airflow/.local/lib/python3.7/site-packages/airflow/example_dags/plugins/listener_plugin.py
[2026-09-20T00:22:21.597+0000] {processor.py:799} INFO - Processing file /home/airflow/.local/lib/python3.7/site-packages/airflow/example_dags/plugins/listener_plugin.py for tasks to queue
[2026-09-20T00:22:21.598+0000] {logging_mixin.py:149} INFO - [2026-09-20T00:22:21.598+0000] {dagbag.py:541} INFO - Filling up the DagBag from /home/airflow/.local/lib/python3.7/site-packages/airflow/example_dags/plugins/listener_plugin.py
[2026-09-20T00:22:21.604+0000] {processor.py:811} WARNING - No viable dags retrieved from /home/airflow/.local/lib/python3.7/site-packages/airflow/example_dags/plugins/listener_plugin.py
[2026-09-20T00:22:21.631+0000] {processor.py:178} INFO - Processing /home/airflow/.local/lib/python3.7/site-packages/airflow/example_dags/plugins/listener_plugin.py took 0.043 seconds
[2026-09-20T00:22:52.634+0000] {processor.py:156} INFO - Started process (PID=22237) to work on /home/airflow/.local/lib/python3.7/site-packages/airflow/example_dags/plugins/listener_plugin.py
[2026-09-20T00:22:52.663+0000] {processor.py:799} INFO - Processing file /home/airflow/.local/lib/python3.7/site-packages/airflow/example_dags/plugins/listener_plugin.py for tasks to queue
[2026-09-20T00:22:52.665+0000] {logging_mixin.py:149} INFO - [2026-09-20T00:22:52.665+0000] {dagbag.py:541} INFO - Filling up the DagBag from /home/airflow/.local/lib/python3.7/site-packages/airflow/example_dags/plugins/listener_plugin.py
[2026-09-20T00:22:52.671+0000] {processor.py:811} WARNING - No viable dags retrieved from /home/airflow/.local/lib/python3.7/site-packages/airflow/example_dags/plugins/listener_plugin.py
[2026-09-20T00:22:52.697+0000] {processor.py:178} INFO - Processing /home/airflow/.local/lib/python3.7/site-packages/airflow/example_dags/plugins/listener_plugin.py took 0.068 seconds
[2026-09-20T00:23:24.188+0000] {processor.py:156} INFO - Started process (PID=22293) to work on /home/airflow/.local/lib/python3.7/site-packages/airflow/example_dags/plugins/listener_plugin.py
[2026-09-20T00:23:24.190+0000] {processor.py:799} INFO - Processing file /home/airflow/.local/lib/python3.7/site-packages/airflow/example_dags/plugins/listener_plugin.py for tasks to queue
[2026-09-20T00:23:24.191+0000] {logging_mixin.py:149} INFO - [2026-09-20T00:23:24.191+0000] {dagbag.py:541} INFO - Filling up the DagBag from /home/airflow/.local/lib/python3.7/site-packages/airflow/example_dags/plugins/listener_plugin.py
[2026-09-20T00:23:24.195+0000] {processor.py:811} WARNING - No viable dags retrieved from /home/airflow/.local/lib/python3.7/site-packages/airflow/example_dags/plugins/listener_plugin.py
[2026-09-20T00:23:24.224+0000] {processor.py:178} INFO - Processing /home/airflow/.local/lib/python3.7/site-packages/airflow/example_dags/plugins/listener_plugin.py took 0.043 seconds
[2026-09-20T00:23:55.582+0000] {processor.py:156} INFO - Started process (PID=22353) to work on /home/airflow/.local/lib/python3.7/site-packages/airflow/example_dags/plugins/listener_plugin.py
[2026-09-20T00:23:55.588+0000] {processor.py:799} INFO - Processing file /home/airflow/.local/lib/python3.7/site-packages/airflow/example_dags/plugins/listener_plugin.py for tasks to queue
[2026-09-20T00:23:55.589+0000] {logging_mixin.py:149} INFO - [2026-09-20T00:23:55.589+0000] {dagbag.py:541} INFO - Filling up the DagBag from /home/airflow/.local/lib/python3.7/site-packages/airflow/example_dags/plugins/listener_plugin.py
[2026-09-20T00:23:55.593+0000] {processor.py:811} WARNING - No viable dags retrieved from /home/airflow/.local/lib/python3.7/site-packages/airflow/example_dags/plugins/listener_plugin.py
[2026-09-20T00:23:55.621+0000] {processor.py:178} INFO - Processing /home/airflow/.local/lib/python3.7/site-packages/airflow/example_dags/plugins/listener_plugin.py took 0.048 seconds
[2026-09-20T00:24:26.538+0000] {processor.py:156} INFO - Started process (PID=22409) to work on /home/airflow/.local/lib/python3.7/site-packages/airflow/example_dags/plugins/listener_plugin.py
[2026-09-20T00:24:26.539+0000] {processor.py:799} INFO - Processing file /home/airflow/.local/lib/python3.7/site-packages/airflow/example_dags/plugins/listener_plugin.py for tasks to queue
[2026-09-20T00:24:26.541+0000] {logging_mixin.py:149} INFO - [2026-09-20T00:24:26.540+0000] {dagbag.py:541} INFO - Filling up the DagBag from /home/airflow/.local/lib/python3.7/site-packages/airflow/example_dags/plugins/listener_plugin.py
[2026-09-20T00:24:26.545+0000] {processor.py:811} WARNING - No viable dags retrieved from /home/airflow/.local/lib/python3.7/site-packages/airflow/example_dags/plugins/listener_plugin.py
[2026-09-20T00:24:26.575+0000] {processor.py:178} INFO - Processing /home/airflow/.local/lib/python3.7/site-packages/airflow/example_dags/plugins/listener_plugin.py took 0.045 seconds
[2026-09-20T00:24:57.702+0000] {processor.py:156} INFO - Started process (PID=22465) to work on /home/airflow/.local/lib/python3.7/site-packages/airflow/example_dags/plugins/listener_plugin.py
[2026-09-20T00:24:57.705+0000] {processor.py:799} INFO - Processing file /home/airflow/.local/lib/python3.7/site-packages/airflow/example_dags/plugins/listener_plugin.py for tasks to queue
[2026-09-20T00:24:57.706+0000] {logging_mixin.py:149} INFO - [2026-09-20T00:24:57.706+0000] {dagbag.py:541} INFO - Filling up the DagBag from /home/airflow/.local/lib/python3.7/site-packages/airflow/example_dags/plugins/listener_plugin.py
[2026-09-20T00:24:57.710+0000] {processor.py:811} WARNING - No viable dags retrieved from /home/airflow/.local/lib/python3.7/site-packages/airflow/example_dags/plugins/listener_plugin.py
[2026-09-20T00:24:57.735+0000] {processor.py:178} INFO - Processing /home/airflow/.local/lib/python3.7/site-packages/airflow/example_dags/plugins/listener_plugin.py took 0.039 seconds
[2026-09-20T00:25:29.652+0000] {processor.py:156} INFO - Started process (PID=22523) to work on /home/airflow/.local/lib/python3.7/site-packages/airflow/example_dags/plugins/listener_plugin.py
[2026-09-20T00:25:29.659+0000] {processor.py:799} INFO - Processing file /home/airflow/.local/lib/python3.7/site-packages/airflow/example_dags/plugins/listener_plugin.py for tasks to queue
[2026-09-20T00:25:29.661+0000] {logging_mixin.py:149} INFO - [2026-09-20T00:25:29.661+0000] {dagbag.py:541} INFO - Filling up the DagBag from /home/airflow/.local/lib/python3.7/site-packages/airflow/example_dags/plugins/listener_plugin.py
[2026-09-20T00:25:29.665+0000] {processor.py:811} WARNING - No viable dags retrieved from /home/airflow/.local/lib/python3.7/site-packages/airflow/example_dags/plugins/listener_plugin.py
[2026-09-20T00:25:29.689+0000] {processor.py:178} INFO - Processing /home/airflow/.local/lib/python3.7/site-packages/airflow/example_dags/plugins/listener_plugin.py took 0.048 seconds
[2026-09-20T00:26:01.275+0000] {processor.py:156} INFO - Started process (PID=22579) to work on /home/airflow/.local/lib/python3.7/site-packages/airflow/example_dags/plugins/listener_plugin.py
[2026-09-20T00:26:01.278+0000] {processor.py:799} INFO - Processing file /home/airflow/.local/lib/python3.7/site-packages/airflow/example_dags/plugins/listener_plugin.py for tasks to queue
[2026-09-20T00:26:01.279+0000] {logging_mixin.py:149} INFO - [2026-09-20T00:26:01.279+0000] {dagbag.py:541} INFO - Filling up the DagBag from /home/airflow/.local/lib/python3.7/site-packages/airflow/example_dags/plugins/listener_plugin.py
[2026-09-20T00:26:01.282+0000] {processor.py:811} WARNING - No viable dags retrieved from /home/airflow/.local/lib/python3.7/site-packages/airflow/example_dags/plugins/listener_plugin.py
[2026-09-20T00:26:01.310+0000] {processor.py:178} INFO - Processing /home/airflow/.local/lib/python3.7/site-packages/airflow/example_dags/plugins/listener_plugin.py took 0.042 seconds
[2026-09-20T00:26:32.504+0000] {processor.py:156} INFO - Started process (PID=22635) to work on /home/airflow/.local/lib/python3.7/site-packages/airflow/example_dags/plugins/listener_plugin.py
[2026-09-20T00:26:32.505+0000] {processor.py:799} INFO - Processing file /home/airflow/.local/lib/python3.7/site-packages/airflow/example_dags/plugins/listener_plugin.py for tasks to queue
[2026-09-20T00:26:32.511+0000] {logging_mixin.py:149} INFO - [2026-09-20T00:26:32.509+0000] {dagbag.py:541} INFO - Filling up the DagBag from /home/airflow/.local/lib/python3.7/site-packages/airflow/example_dags/plugins/listener_plugin.py
[2026-09-20T00:26:32.515+0000] {processor.py:811} WARNING - No viable dags retrieved from /home/airflow/.local/lib/python3.7/site-packages/airflow/example_dags/plugins/listener_plugin.py
[2026-09-20T00:26:32.539+0000] {processor.py:178} INFO - Processing /home/airflow/.local/lib/python3.7/site-packages/airflow/example_dags/plugins/listener_plugin.py took 0.042 seconds
[2026-09-20T00:27:03.413+0000] {processor.py:156} INFO - Started process (PID=22691) to work on /home/airflow/.local/lib/python3.7/site-packages/airflow/example_dags/plugins/listener_plugin.py
[2026-09-20T00:27:03.415+0000] {processor.py:799} INFO - Processing file /home/airflow/.local/lib/python3.7/site-packages/airflow/example_dags/plugins/listener_plugin.py for tasks to queue
[2026-09-20T00:27:03.416+0000] {logging_mixin.py:149} INFO - [2026-09-20T00:27:03.416+0000] {dagbag.py:541} INFO - Filling up the DagBag from /home/airflow/.local/lib/python3.7/site-packages/airflow/example_dags/plugins/listener_plugin.py
[2026-09-20T00:27:03.420+0000] {processor.py:811} WARNING - No viable dags retrieved from /home/airflow/.local/lib/python3.7/site-packages/airflow/example_dags/plugins/listener_plugin.py
[2026-09-20T00:27:03.452+0000] {processor.py:178} INFO - Processing /home/airflow/.local/lib/python3.7/site-packages/airflow/example_dags/plugins/listener_plugin.py took 0.045 seconds
[2026-09-20T00:27:34.413+0000] {processor.py:156} INFO - Started process (PID=22747) to work on /home/airflow/.local/lib/python3.7/site-packages/airflow/example_dags/plugins/listener_plugin.py
[2026-09-20T00:27:34.414+0000] {processor.py:799} INFO - Processing file /home/airflow/.local/lib/python3.7/site-packages/airflow/example_dags/plugins/listener_plugin.py for tasks to queue
[2026-09-20T00:27:34.415+0000] {logging_mixin.py:149} INFO - [2026-09-20T00:27:34.415+0000] {dagbag.py:541} INFO - Filling up the DagBag from /home/airflow/.local/lib/python3.7/site-packages/airflow/example_dags/plugins/listener_plugin.py
[2026-09-20T00:27:34.420+0000] {processor.py:811} WARNING - No viable dags retrieved from /home/airflow/.local/lib/python3.7/site-packages/airflow/example_dags/plugins/listener_plugin.py
[2026-09-20T00:27:34.446+0000] {processor.py:178} INFO - Processing /home/airflow/.local/lib/python3.7/site-packages/airflow/example_dags/plugins/listener_plugin.py took 0.040 seconds
[2026-09-20T00:28:05.088+0000] {processor.py:156} INFO - Started process (PID=22803) to work on /home/airflow/.local/lib/python3.7/site-packages/airflow/example_dags/plugins/listener_plugin.py
[2026-09-20T00:28:05.092+0000] {processor.py:799} INFO - Processing file /home/airflow/.local/lib/python3.7/site-packages/airflow/example_dags/plugins/listener_plugin.py for tasks to queue
[2026-09-20T00:28:05.093+0000] {logging_mixin.py:149} INFO - [2026-09-20T00:28:05.093+0000] {dagbag.py:541} INFO - Filling up the DagBag from /home/airflow/.local/lib/python3.7/site-packages/airflow/example_dags/plugins/listener_plugin.py
[2026-09-20T00:28:05.099+0000] {processor.py:811} WARNING - No viable dags retrieved from /home/airflow/.local/lib/python3.7/site-packages/airflow/example_dags/plugins/listener_plugin.py
[2026-09-20T00:28:05.125+0000] {processor.py:178} INFO - Processing /home/airflow/.local/lib/python3.7/site-packages/airflow/example_dags/plugins/listener_plugin.py took 0.043 seconds
[2026-09-20T00:28:36.062+0000] {processor.py:156} INFO - Started process (PID=22859) to work on /home/airflow/.local/lib/python3.7/site-packages/airflow/example_dags/plugins/listener_plugin.py
[2026-09-20T00:28:36.063+0000] {processor.py:799} INFO - Processing file /home/airflow/.local/lib/python3.7/site-packages/airflow/example_dags/plugins/listener_plugin.py for tasks to queue
[2026-09-20T00:28:36.064+0000] {logging_mixin.py:149} INFO - [2026-09-20T00:28:36.064+0000] {dagbag.py:541} INFO - Filling up the DagBag from /home/airflow/.local/lib/python3.7/site-packages/airflow/example_dags/plugins/listener_plugin.py
[2026-09-20T00:28:36.068+0000] {processor.py:811} WARNING - No viable dags retrieved from /home/airflow/.local/lib/python3.7/site-packages/airflow/example_dags/plugins/listener_plugin.py
[2026-09-20T00:28:36.097+0000] {processor.py:178} INFO - Processing /home/airflow/.local/lib/python3.7/site-packages/airflow/example_dags/plugins/listener_plugin.py took 0.041 seconds
[2026-09-20T00:29:06.715+0000] {processor.py:156} INFO - Started process (PID=22915) to work on /home/airflow/.local/lib/python3.7/site-packages/airflow/example_dags/plugins/listener_plugin.py
[2026-09-20T00:29:06.717+0000] {processor.py:799} INFO - Processing file /home/airflow/.local/lib/python3.7/site-packages/airflow/example_dags/plugins/listener_plugin.py for tasks to queue
[2026-09-20T00:29:06.718+0000] {logging_mixin.py:149} INFO - [2026-09-20T00:29:06.718+0000] {dagbag.py:541} INFO - Filling up the DagBag from /home/airflow/.local/lib/python3.7/site-packages/airflow/example_dags/plugins/listener_plugin.py
[2026-09-20T00:29:06.722+0000] {processor.py:811} WARNING - No viable dags retrieved from /home/airflow/.local/lib/python3.7/site-packages/airflow/example_dags/plugins/listener_plugin.py
[2026-09-20T00:29:06.745+0000] {processor.py:178} INFO - Processing /home/airflow/.local/lib/python3.7/site-packages/airflow/example_dags/plugins/listener_plugin.py took 0.037 seconds
[2026-09-20T00:29:37.825+0000] {processor.py:156} INFO - Started process (PID=22971) to work on /home/airflow/.local/lib/python3.7/site-packages/airflow/example_dags/plugins/listener_plugin.py
[2026-09-20T00:29:37.827+0000] {processor.py:799} INFO - Processing file /home/airflow/.local/lib/python3.7/site-packages/airflow/example_dags/plugins/listener_plugin.py for tasks to queue
[2026-09-20T00:29:37.828+0000] {logging_mixin.py:149} INFO - [2026-09-20T00:29:37.827+0000] {dagbag.py:541} INFO - Filling up the DagBag from /home/airflow/.local/lib/python3.7/site-packages/airflow/example_dags/plugins/listener_plugin.py
[2026-09-20T00:29:37.832+0000] {processor.py:811} WARNING - No viable dags retrieved from /home/airflow/.local/lib/python3.7/site-packages/airflow/example_dags/plugins/listener_plugin.py
[2026-09-20T00:29:37.857+0000] {processor.py:178} INFO - Processing /home/airflow/.local/lib/python3.7/site-packages/airflow/example_dags/plugins/listener_plugin.py took 0.039 seconds
[2026-09-20T00:30:09.097+0000] {processor.py:156} INFO - Started process (PID=23027) to work on /home/airflow/.local/lib/python3.7/site-packages/airflow/example_dags/plugins/listener_plugin.py
[2026-09-20T00:30:09.099+0000] {processor.py:799} INFO - Processing file /home/airflow/.local/lib/python3.7/site-packages/airflow/example_dags/plugins/listener_plugin.py for tasks to queue
[2026-09-20T00:30:09.100+0000] {logging_mixin.py:149} INFO - [2026-09-20T00:30:09.100+0000] {dagbag.py:541} INFO - Filling up the DagBag from /home/airflow/.local/lib/python3.7/site-packages/airflow/example_dags/plugins/listener_plugin.py
[2026-09-20T00:30:09.104+0000] {processor.py:811} WARNING - No viable dags retrieved from /home/airflow/.local/lib/python3.7/site-packages/airflow/example_dags/plugins/listener_plugin.py
[2026-09-20T00:30:09.127+0000] {processor.py:178} INFO - Processing /home/airflow/.local/lib/python3.7/site-packages/airflow/example_dags/plugins/listener_plugin.py took 0.035 seconds
[2026-09-20T00:30:40.229+0000] {processor.py:156} INFO - Started process (PID=23083) to work on /home/airflow/.local/lib/python3.7/site-packages/airflow/example_dags/plugins/listener_plugin.py
[2026-09-20T00:30:40.230+0000] {processor.py:799} INFO - Processing file /home/airflow/.local/lib/python3.7/site-packages/airflow/example_dags/plugins/listener_plugin.py for tasks to queue
[2026-09-20T00:30:40.231+0000] {logging_mixin.py:149} INFO - [2026-09-20T00:30:40.231+0000] {dagbag.py:541} INFO - Filling up the DagBag from /home/airflow/.local/lib/python3.7/site-packages/airflow/example_dags/plugins/listener_plugin.py
[2026-09-20T00:30:40.236+0000] {processor.py:811} WARNING - No viable dags retrieved from /home/airflow/.local/lib/python3.7/site-packages/airflow/example_dags/plugins/listener_plugin.py
[2026-09-20T00:30:40.268+0000] {processor.py:178} INFO - Processing /home/airflow/.local/lib/python3.7/site-packages/airflow/example_dags/plugins/listener_plugin.py took 0.046 seconds
[2026-09-20T00:31:10.734+0000] {processor.py:156} INFO - Started process (PID=23139) to work on /home/airflow/.local/lib/python3.7/site-packages/airflow/example_dags/plugins/listener_plugin.py
[2026-09-20T00:31:10.735+0000] {processor.py:799} INFO - Processing file /home/airflow/.local/lib/python3.7/site-packages/airflow/example_dags/plugins/listener_plugin.py for tasks to queue
[2026-09-20T00:31:10.736+0000] {logging_mixin.py:149} INFO - [2026-09-20T00:31:10.736+0000] {dagbag.py:541} INFO - Filling up the DagBag from /home/airflow/.local/lib/python3.7/site-packages/airflow/example_dags/plugins/listener_plugin.py
[2026-09-20T00:31:10.740+0000] {processor.py:811} WARNING - No viable dags retrieved from /home/airflow/.local/lib/python3.7/site-packages/airflow/example_dags/plugins/listener_plugin.py
[2026-09-20T00:31:10.764+0000] {processor.py:178} INFO - Processing /home/airflow/.local/lib/python3.7/site-packages/airflow/example_dags/plugins/listener_plugin.py took 0.037 seconds
[2026-09-20T00:31:41.493+0000] {processor.py:156} INFO - Started process (PID=23195) to work on /home/airflow/.local/lib/python3.7/site-packages/airflow/example_dags/plugins/listener_plugin.py
[2026-09-20T00:31:41.495+0000] {processor.py:799} INFO - Processing file /home/airflow/.local/lib/python3.7/site-packages/airflow/example_dags/plugins/listener_plugin.py for tasks to queue
[2026-09-20T00:31:41.496+0000] {logging_mixin.py:149} INFO - [2026-09-20T00:31:41.496+0000] {dagbag.py:541} INFO - Filling up the DagBag from /home/airflow/.local/lib/python3.7/site-packages/airflow/example_dags/plugins/listener_plugin.py
[2026-09-20T00:31:41.500+0000] {processor.py:811} WARNING - No viable dags retrieved from /home/airflow/.local/lib/python3.7/site-packages/airflow/example_dags/plugins/listener_plugin.py
[2026-09-20T00:31:41.523+0000] {processor.py:178} INFO - Processing /home/airflow/.local/lib/python3.7/site-packages/airflow/example_dags/plugins/listener_plugin.py took 0.038 seconds
[2026-09-20T00:32:13.494+0000] {processor.py:156} INFO - Started process (PID=23251) to work on /home/airflow/.local/lib/python3.7/site-packages/airflow/example_dags/plugins/listener_plugin.py
[2026-09-20T00:32:13.495+0000] {processor.py:799} INFO - Processing file /home/airflow/.local/lib/python3.7/site-packages/airflow/example_dags/plugins/listener_plugin.py for tasks to queue
[2026-09-20T00:32:13.496+0000] {logging_mixin.py:149} INFO - [2026-09-20T00:32:13.496+0000] {dagbag.py:541} INFO - Filling up the DagBag from /home/airflow/.local/lib/python3.7/site-packages/airflow/example_dags/plugins/listener_plugin.py
[2026-09-20T00:32:13.499+0000] {processor.py:811} WARNING - No viable dags retrieved from /home/airflow/.local/lib/python3.7/site-packages/airflow/example_dags/plugins/listener_plugin.py
[2026-09-20T00:32:13.529+0000] {processor.py:178} INFO - Processing /home/airflow/.local/lib/python3.7/site-packages/airflow/example_dags/plugins/listener_plugin.py took 0.044 seconds
[2026-09-20T00:32:44.290+0000] {processor.py:156} INFO - Started process (PID=23307) to work on /home/airflow/.local/lib/python3.7/site-packages/airflow/example_dags/plugins/listener_plugin.py
[2026-09-20T00:32:44.291+0000] {processor.py:799} INFO - Processing file /home/airflow/.local/lib/python3.7/site-packages/airflow/example_dags/plugins/listener_plugin.py for tasks to queue
[2026-09-20T00:32:44.292+0000] {logging_mixin.py:149} INFO - [2026-09-20T00:32:44.292+0000] {dagbag.py:541} INFO - Filling up the DagBag from /home/airflow/.local/lib/python3.7/site-packages/airflow/example_dags/plugins/listener_plugin.py
[2026-09-20T00:32:44.296+0000] {processor.py:811} WARNING - No viable dags retrieved from /home/airflow/.local/lib/python3.7/site-packages/airflow/example_dags/plugins/listener_plugin.py
[2026-09-20T00:32:44.327+0000] {processor.py:178} INFO - Processing /home/airflow/.local/lib/python3.7/site-packages/airflow/example_dags/plugins/listener_plugin.py took 0.044 seconds
[2026-09-20T00:33:14.878+0000] {processor.py:156} INFO - Started process (PID=23363) to work on /home/airflow/.local/lib/python3.7/site-packages/airflow/example_dags/plugins/listener_plugin.py
[2026-09-20T00:33:14.880+0000] {processor.py:799} INFO - Processing file /home/airflow/.local/lib/python3.7/site-packages/airflow/example_dags/plugins/listener_plugin.py for tasks to queue
[2026-09-20T00:33:14.881+0000] {logging_mixin.py:149} INFO - [2026-09-20T00:33:14.881+0000] {dagbag.py:541} INFO - Filling up the DagBag from /home/airflow/.local/lib/python3.7/site-packages/airflow/example_dags/plugins/listener_plugin.py
[2026-09-20T00:33:14.885+0000] {processor.py:811} WARNING - No viable dags retrieved from /home/airflow/.local/lib/python3.7/site-packages/airflow/example_dags/plugins/listener_plugin.py
[2026-09-20T00:33:14.912+0000] {processor.py:178} INFO - Processing /home/airflow/.local/lib/python3.7/site-packages/airflow/example_dags/plugins/listener_plugin.py took 0.041 seconds
[2026-09-20T00:33:45.743+0000] {processor.py:156} INFO - Started process (PID=23419) to work on /home/airflow/.local/lib/python3.7/site-packages/airflow/example_dags/plugins/listener_plugin.py
[2026-09-20T00:33:45.745+0000] {processor.py:799} INFO - Processing file /home/airflow/.local/lib/python3.7/site-packages/airflow/example_dags/plugins/listener_plugin.py for tasks to queue
[2026-09-20T00:33:45.746+0000] {logging_mixin.py:149} INFO - [2026-09-20T00:33:45.745+0000] {dagbag.py:541} INFO - Filling up the DagBag from /home/airflow/.local/lib/python3.7/site-packages/airflow/example_dags/plugins/listener_plugin.py
[2026-09-20T00:33:45.749+0000] {processor.py:811} WARNING - No viable dags retrieved from /home/airflow/.local/lib/python3.7/site-packages/airflow/example_dags/plugins/listener_plugin.py
[2026-09-20T00:33:45.771+0000] {processor.py:178} INFO - Processing /home/airflow/.local/lib/python3.7/site-packages/airflow/example_dags/plugins/listener_plugin.py took 0.035 seconds
[2026-09-20T00:45:24.836+0000] {processor.py:156} INFO - Started process (PID=120) to work on /home/airflow/.local/lib/python3.7/site-packages/airflow/example_dags/plugins/listener_plugin.py
[2026-09-20T00:45:24.842+0000] {processor.py:799} INFO - Processing file /home/airflow/.local/lib/python3.7/site-packages/airflow/example_dags/plugins/listener_plugin.py for tasks to queue
[2026-09-20T00:45:24.843+0000] {logging_mixin.py:149} INFO - [2026-09-20T00:45:24.843+0000] {dagbag.py:541} INFO - Filling up the DagBag from /home/airflow/.local/lib/python3.7/site-packages/airflow/example_dags/plugins/listener_plugin.py
[2026-09-20T00:45:24.847+0000] {processor.py:811} WARNING - No viable dags retrieved from /home/airflow/.local/lib/python3.7/site-packages/airflow/example_dags/plugins/listener_plugin.py
[2026-09-20T00:45:24.869+0000] {processor.py:178} INFO - Processing /home/airflow/.local/lib/python3.7/site-packages/airflow/example_dags/plugins/listener_plugin.py took 0.039 seconds
[2026-09-20T00:45:55.352+0000] {processor.py:156} INFO - Started process (PID=176) to work on /home/airflow/.local/lib/python3.7/site-packages/airflow/example_dags/plugins/listener_plugin.py
[2026-09-20T00:45:55.354+0000] {processor.py:799} INFO - Processing file /home/airflow/.local/lib/python3.7/site-packages/airflow/example_dags/plugins/listener_plugin.py for tasks to queue
[2026-09-20T00:45:55.355+0000] {logging_mixin.py:149} INFO - [2026-09-20T00:45:55.355+0000] {dagbag.py:541} INFO - Filling up the DagBag from /home/airflow/.local/lib/python3.7/site-packages/airflow/example_dags/plugins/listener_plugin.py
[2026-09-20T00:45:55.360+0000] {processor.py:811} WARNING - No viable dags retrieved from /home/airflow/.local/lib/python3.7/site-packages/airflow/example_dags/plugins/listener_plugin.py
[2026-09-20T00:45:55.392+0000] {processor.py:178} INFO - Processing /home/airflow/.local/lib/python3.7/site-packages/airflow/example_dags/plugins/listener_plugin.py took 0.048 seconds
[2026-09-20T00:46:26.415+0000] {processor.py:156} INFO - Started process (PID=232) to work on /home/airflow/.local/lib/python3.7/site-packages/airflow/example_dags/plugins/listener_plugin.py
[2026-09-20T00:46:26.417+0000] {processor.py:799} INFO - Processing file /home/airflow/.local/lib/python3.7/site-packages/airflow/example_dags/plugins/listener_plugin.py for tasks to queue
[2026-09-20T00:46:26.418+0000] {logging_mixin.py:149} INFO - [2026-09-20T00:46:26.418+0000] {dagbag.py:541} INFO - Filling up the DagBag from /home/airflow/.local/lib/python3.7/site-packages/airflow/example_dags/plugins/listener_plugin.py
[2026-09-20T00:46:26.422+0000] {processor.py:811} WARNING - No viable dags retrieved from /home/airflow/.local/lib/python3.7/site-packages/airflow/example_dags/plugins/listener_plugin.py
[2026-09-20T00:46:26.448+0000] {processor.py:178} INFO - Processing /home/airflow/.local/lib/python3.7/site-packages/airflow/example_dags/plugins/listener_plugin.py took 0.039 seconds
[2026-09-20T00:46:57.236+0000] {processor.py:156} INFO - Started process (PID=288) to work on /home/airflow/.local/lib/python3.7/site-packages/airflow/example_dags/plugins/listener_plugin.py
[2026-09-20T00:46:57.239+0000] {processor.py:799} INFO - Processing file /home/airflow/.local/lib/python3.7/site-packages/airflow/example_dags/plugins/listener_plugin.py for tasks to queue
[2026-09-20T00:46:57.240+0000] {logging_mixin.py:149} INFO - [2026-09-20T00:46:57.240+0000] {dagbag.py:541} INFO - Filling up the DagBag from /home/airflow/.local/lib/python3.7/site-packages/airflow/example_dags/plugins/listener_plugin.py
[2026-09-20T00:46:57.244+0000] {processor.py:811} WARNING - No viable dags retrieved from /home/airflow/.local/lib/python3.7/site-packages/airflow/example_dags/plugins/listener_plugin.py
[2026-09-20T00:46:57.268+0000] {processor.py:178} INFO - Processing /home/airflow/.local/lib/python3.7/site-packages/airflow/example_dags/plugins/listener_plugin.py took 0.038 seconds
[2026-09-20T00:47:28.308+0000] {processor.py:156} INFO - Started process (PID=344) to work on /home/airflow/.local/lib/python3.7/site-packages/airflow/example_dags/plugins/listener_plugin.py
[2026-09-20T00:47:28.310+0000] {processor.py:799} INFO - Processing file /home/airflow/.local/lib/python3.7/site-packages/airflow/example_dags/plugins/listener_plugin.py for tasks to queue
[2026-09-20T00:47:28.311+0000] {logging_mixin.py:149} INFO - [2026-09-20T00:47:28.311+0000] {dagbag.py:541} INFO - Filling up the DagBag from /home/airflow/.local/lib/python3.7/site-packages/airflow/example_dags/plugins/listener_plugin.py
[2026-09-20T00:47:28.314+0000] {processor.py:811} WARNING - No viable dags retrieved from /home/airflow/.local/lib/python3.7/site-packages/airflow/example_dags/plugins/listener_plugin.py
[2026-09-20T00:47:28.338+0000] {processor.py:178} INFO - Processing /home/airflow/.local/lib/python3.7/site-packages/airflow/example_dags/plugins/listener_plugin.py took 0.037 seconds
[2026-09-20T19:33:18.907+0000] {processor.py:156} INFO - Started process (PID=93) to work on /home/airflow/.local/lib/python3.10/site-packages/airflow/example_dags/plugins/listener_plugin.py
[2026-09-20T19:33:18.916+0000] {processor.py:799} INFO - Processing file /home/airflow/.local/lib/python3.10/site-packages/airflow/example_dags/plugins/listener_plugin.py for tasks to queue
[2026-09-20T19:33:18.917+0000] {logging_mixin.py:149} INFO - [2026-09-20T19:33:18.917+0000] {dagbag.py:541} INFO - Filling up the DagBag from /home/airflow/.local/lib/python3.10/site-packages/airflow/example_dags/plugins/listener_plugin.py
[2026-09-20T19:33:18.921+0000] {processor.py:811} WARNING - No viable dags retrieved from /home/airflow/.local/lib/python3.10/site-packages/airflow/example_dags/plugins/listener_plugin.py
[2026-09-20T19:33:18.964+0000] {processor.py:178} INFO - Processing /home/airflow/.local/lib/python3.10/site-packages/airflow/example_dags/plugins/listener_plugin.py took 0.069 seconds
[2026-09-20T19:33:49.934+0000] {processor.py:156} INFO - Started process (PID=151) to work on /home/airflow/.local/lib/python3.10/site-packages/airflow/example_dags/plugins/listener_plugin.py
[2026-09-20T19:33:49.936+0000] {processor.py:799} INFO - Processing file /home/airflow/.local/lib/python3.10/site-packages/airflow/example_dags/plugins/listener_plugin.py for tasks to queue
[2026-09-20T19:33:49.937+0000] {logging_mixin.py:149} INFO - [2026-09-20T19:33:49.937+0000] {dagbag.py:541} INFO - Filling up the DagBag from /home/airflow/.local/lib/python3.10/site-packages/airflow/example_dags/plugins/listener_plugin.py
[2026-09-20T19:33:49.941+0000] {processor.py:811} WARNING - No viable dags retrieved from /home/airflow/.local/lib/python3.10/site-packages/airflow/example_dags/plugins/listener_plugin.py
[2026-09-20T19:33:49.965+0000] {processor.py:178} INFO - Processing /home/airflow/.local/lib/python3.10/site-packages/airflow/example_dags/plugins/listener_plugin.py took 0.036 seconds
[2026-09-20T19:34:20.333+0000] {processor.py:156} INFO - Started process (PID=209) to work on /home/airflow/.local/lib/python3.10/site-packages/airflow/example_dags/plugins/listener_plugin.py
[2026-09-20T19:34:20.335+0000] {processor.py:799} INFO - Processing file /home/airflow/.local/lib/python3.10/site-packages/airflow/example_dags/plugins/listener_plugin.py for tasks to queue
[2026-09-20T19:34:20.336+0000] {logging_mixin.py:149} INFO - [2026-09-20T19:34:20.336+0000] {dagbag.py:541} INFO - Filling up the DagBag from /home/airflow/.local/lib/python3.10/site-packages/airflow/example_dags/plugins/listener_plugin.py
[2026-09-20T19:34:20.339+0000] {processor.py:811} WARNING - No viable dags retrieved from /home/airflow/.local/lib/python3.10/site-packages/airflow/example_dags/plugins/listener_plugin.py
[2026-09-20T19:34:20.360+0000] {processor.py:178} INFO - Processing /home/airflow/.local/lib/python3.10/site-packages/airflow/example_dags/plugins/listener_plugin.py took 0.033 seconds
[2026-09-20T19:34:51.213+0000] {processor.py:156} INFO - Started process (PID=267) to work on /home/airflow/.local/lib/python3.10/site-packages/airflow/example_dags/plugins/listener_plugin.py
[2026-09-20T19:34:51.215+0000] {processor.py:799} INFO - Processing file /home/airflow/.local/lib/python3.10/site-packages/airflow/example_dags/plugins/listener_plugin.py for tasks to queue
[2026-09-20T19:34:51.216+0000] {logging_mixin.py:149} INFO - [2026-09-20T19:34:51.216+0000] {dagbag.py:541} INFO - Filling up the DagBag from /home/airflow/.local/lib/python3.10/site-packages/airflow/example_dags/plugins/listener_plugin.py
[2026-09-20T19:34:51.220+0000] {processor.py:811} WARNING - No viable dags retrieved from /home/airflow/.local/lib/python3.10/site-packages/airflow/example_dags/plugins/listener_plugin.py
[2026-09-20T19:34:51.249+0000] {processor.py:178} INFO - Processing /home/airflow/.local/lib/python3.10/site-packages/airflow/example_dags/plugins/listener_plugin.py took 0.041 seconds
[2026-09-20T19:35:21.707+0000] {processor.py:156} INFO - Started process (PID=325) to work on /home/airflow/.local/lib/python3.10/site-packages/airflow/example_dags/plugins/listener_plugin.py
[2026-09-20T19:35:21.710+0000] {processor.py:799} INFO - Processing file /home/airflow/.local/lib/python3.10/site-packages/airflow/example_dags/plugins/listener_plugin.py for tasks to queue
[2026-09-20T19:35:21.711+0000] {logging_mixin.py:149} INFO - [2026-09-20T19:35:21.710+0000] {dagbag.py:541} INFO - Filling up the DagBag from /home/airflow/.local/lib/python3.10/site-packages/airflow/example_dags/plugins/listener_plugin.py
[2026-09-20T19:35:21.715+0000] {processor.py:811} WARNING - No viable dags retrieved from /home/airflow/.local/lib/python3.10/site-packages/airflow/example_dags/plugins/listener_plugin.py
[2026-09-20T19:35:21.742+0000] {processor.py:178} INFO - Processing /home/airflow/.local/lib/python3.10/site-packages/airflow/example_dags/plugins/listener_plugin.py took 0.041 seconds
[2026-09-20T19:35:53.060+0000] {processor.py:156} INFO - Started process (PID=383) to work on /home/airflow/.local/lib/python3.10/site-packages/airflow/example_dags/plugins/listener_plugin.py
[2026-09-20T19:35:53.062+0000] {processor.py:799} INFO - Processing file /home/airflow/.local/lib/python3.10/site-packages/airflow/example_dags/plugins/listener_plugin.py for tasks to queue
[2026-09-20T19:35:53.063+0000] {logging_mixin.py:149} INFO - [2026-09-20T19:35:53.063+0000] {dagbag.py:541} INFO - Filling up the DagBag from /home/airflow/.local/lib/python3.10/site-packages/airflow/example_dags/plugins/listener_plugin.py
[2026-09-20T19:35:53.067+0000] {processor.py:811} WARNING - No viable dags retrieved from /home/airflow/.local/lib/python3.10/site-packages/airflow/example_dags/plugins/listener_plugin.py
[2026-09-20T19:35:53.091+0000] {processor.py:178} INFO - Processing /home/airflow/.local/lib/python3.10/site-packages/airflow/example_dags/plugins/listener_plugin.py took 0.037 seconds
[2026-09-20T19:36:24.552+0000] {processor.py:156} INFO - Started process (PID=441) to work on /home/airflow/.local/lib/python3.10/site-packages/airflow/example_dags/plugins/listener_plugin.py
[2026-09-20T19:36:24.558+0000] {processor.py:799} INFO - Processing file /home/airflow/.local/lib/python3.10/site-packages/airflow/example_dags/plugins/listener_plugin.py for tasks to queue
[2026-09-20T19:36:24.560+0000] {logging_mixin.py:149} INFO - [2026-09-20T19:36:24.559+0000] {dagbag.py:541} INFO - Filling up the DagBag from /home/airflow/.local/lib/python3.10/site-packages/airflow/example_dags/plugins/listener_plugin.py
[2026-09-20T19:36:24.564+0000] {processor.py:811} WARNING - No viable dags retrieved from /home/airflow/.local/lib/python3.10/site-packages/airflow/example_dags/plugins/listener_plugin.py
[2026-09-20T19:36:24.584+0000] {processor.py:178} INFO - Processing /home/airflow/.local/lib/python3.10/site-packages/airflow/example_dags/plugins/listener_plugin.py took 0.038 seconds
[2026-09-20T19:36:55.923+0000] {processor.py:156} INFO - Started process (PID=499) to work on /home/airflow/.local/lib/python3.10/site-packages/airflow/example_dags/plugins/listener_plugin.py
[2026-09-20T19:36:55.924+0000] {processor.py:799} INFO - Processing file /home/airflow/.local/lib/python3.10/site-packages/airflow/example_dags/plugins/listener_plugin.py for tasks to queue
[2026-09-20T19:36:55.925+0000] {logging_mixin.py:149} INFO - [2026-09-20T19:36:55.925+0000] {dagbag.py:541} INFO - Filling up the DagBag from /home/airflow/.local/lib/python3.10/site-packages/airflow/example_dags/plugins/listener_plugin.py
[2026-09-20T19:36:55.929+0000] {processor.py:811} WARNING - No viable dags retrieved from /home/airflow/.local/lib/python3.10/site-packages/airflow/example_dags/plugins/listener_plugin.py
[2026-09-20T19:36:55.949+0000] {processor.py:178} INFO - Processing /home/airflow/.local/lib/python3.10/site-packages/airflow/example_dags/plugins/listener_plugin.py took 0.034 seconds
[2026-09-20T19:37:27.551+0000] {processor.py:156} INFO - Started process (PID=557) to work on /home/airflow/.local/lib/python3.10/site-packages/airflow/example_dags/plugins/listener_plugin.py
[2026-09-20T19:37:27.553+0000] {processor.py:799} INFO - Processing file /home/airflow/.local/lib/python3.10/site-packages/airflow/example_dags/plugins/listener_plugin.py for tasks to queue
[2026-09-20T19:37:27.554+0000] {logging_mixin.py:149} INFO - [2026-09-20T19:37:27.554+0000] {dagbag.py:541} INFO - Filling up the DagBag from /home/airflow/.local/lib/python3.10/site-packages/airflow/example_dags/plugins/listener_plugin.py
[2026-09-20T19:37:27.558+0000] {processor.py:811} WARNING - No viable dags retrieved from /home/airflow/.local/lib/python3.10/site-packages/airflow/example_dags/plugins/listener_plugin.py
[2026-09-20T19:37:27.580+0000] {processor.py:178} INFO - Processing /home/airflow/.local/lib/python3.10/site-packages/airflow/example_dags/plugins/listener_plugin.py took 0.035 seconds
[2026-09-20T19:37:58.933+0000] {processor.py:156} INFO - Started process (PID=616) to work on /home/airflow/.local/lib/python3.10/site-packages/airflow/example_dags/plugins/listener_plugin.py
[2026-09-20T19:37:58.936+0000] {processor.py:799} INFO - Processing file /home/airflow/.local/lib/python3.10/site-packages/airflow/example_dags/plugins/listener_plugin.py for tasks to queue
[2026-09-20T19:37:58.937+0000] {logging_mixin.py:149} INFO - [2026-09-20T19:37:58.937+0000] {dagbag.py:541} INFO - Filling up the DagBag from /home/airflow/.local/lib/python3.10/site-packages/airflow/example_dags/plugins/listener_plugin.py
[2026-09-20T19:37:58.941+0000] {processor.py:811} WARNING - No viable dags retrieved from /home/airflow/.local/lib/python3.10/site-packages/airflow/example_dags/plugins/listener_plugin.py
[2026-09-20T19:37:58.961+0000] {processor.py:178} INFO - Processing /home/airflow/.local/lib/python3.10/site-packages/airflow/example_dags/plugins/listener_plugin.py took 0.038 seconds
[2026-09-20T19:38:30.270+0000] {processor.py:156} INFO - Started process (PID=673) to work on /home/airflow/.local/lib/python3.10/site-packages/airflow/example_dags/plugins/listener_plugin.py
[2026-09-20T19:38:30.272+0000] {processor.py:799} INFO - Processing file /home/airflow/.local/lib/python3.10/site-packages/airflow/example_dags/plugins/listener_plugin.py for tasks to queue
[2026-09-20T19:38:30.273+0000] {logging_mixin.py:149} INFO - [2026-09-20T19:38:30.273+0000] {dagbag.py:541} INFO - Filling up the DagBag from /home/airflow/.local/lib/python3.10/site-packages/airflow/example_dags/plugins/listener_plugin.py
[2026-09-20T19:38:30.277+0000] {processor.py:811} WARNING - No viable dags retrieved from /home/airflow/.local/lib/python3.10/site-packages/airflow/example_dags/plugins/listener_plugin.py
[2026-09-20T19:38:30.298+0000] {processor.py:178} INFO - Processing /home/airflow/.local/lib/python3.10/site-packages/airflow/example_dags/plugins/listener_plugin.py took 0.035 seconds
[2026-09-20T20:13:01.485+0000] {processor.py:156} INFO - Started process (PID=95) to work on /home/airflow/.local/lib/python3.10/site-packages/airflow/example_dags/plugins/listener_plugin.py
[2026-09-20T20:13:01.487+0000] {processor.py:799} INFO - Processing file /home/airflow/.local/lib/python3.10/site-packages/airflow/example_dags/plugins/listener_plugin.py for tasks to queue
[2026-09-20T20:13:01.488+0000] {logging_mixin.py:149} INFO - [2026-09-20T20:13:01.488+0000] {dagbag.py:541} INFO - Filling up the DagBag from /home/airflow/.local/lib/python3.10/site-packages/airflow/example_dags/plugins/listener_plugin.py
[2026-09-20T20:13:01.492+0000] {processor.py:811} WARNING - No viable dags retrieved from /home/airflow/.local/lib/python3.10/site-packages/airflow/example_dags/plugins/listener_plugin.py
[2026-09-20T20:13:01.537+0000] {processor.py:178} INFO - Processing /home/airflow/.local/lib/python3.10/site-packages/airflow/example_dags/plugins/listener_plugin.py took 0.057 seconds
[2026-09-20T20:13:31.726+0000] {processor.py:156} INFO - Started process (PID=153) to work on /home/airflow/.local/lib/python3.10/site-packages/airflow/example_dags/plugins/listener_plugin.py
[2026-09-20T20:13:31.728+0000] {processor.py:799} INFO - Processing file /home/airflow/.local/lib/python3.10/site-packages/airflow/example_dags/plugins/listener_plugin.py for tasks to queue
[2026-09-20T20:13:31.729+0000] {logging_mixin.py:149} INFO - [2026-09-20T20:13:31.729+0000] {dagbag.py:541} INFO - Filling up the DagBag from /home/airflow/.local/lib/python3.10/site-packages/airflow/example_dags/plugins/listener_plugin.py
[2026-09-20T20:13:31.734+0000] {processor.py:811} WARNING - No viable dags retrieved from /home/airflow/.local/lib/python3.10/site-packages/airflow/example_dags/plugins/listener_plugin.py
[2026-09-20T20:13:31.756+0000] {processor.py:178} INFO - Processing /home/airflow/.local/lib/python3.10/site-packages/airflow/example_dags/plugins/listener_plugin.py took 0.036 seconds
[2026-09-20T20:14:03.286+0000] {processor.py:156} INFO - Started process (PID=211) to work on /home/airflow/.local/lib/python3.10/site-packages/airflow/example_dags/plugins/listener_plugin.py
[2026-09-20T20:14:03.289+0000] {processor.py:799} INFO - Processing file /home/airflow/.local/lib/python3.10/site-packages/airflow/example_dags/plugins/listener_plugin.py for tasks to queue
[2026-09-20T20:14:03.290+0000] {logging_mixin.py:149} INFO - [2026-09-20T20:14:03.290+0000] {dagbag.py:541} INFO - Filling up the DagBag from /home/airflow/.local/lib/python3.10/site-packages/airflow/example_dags/plugins/listener_plugin.py
[2026-09-20T20:14:03.294+0000] {processor.py:811} WARNING - No viable dags retrieved from /home/airflow/.local/lib/python3.10/site-packages/airflow/example_dags/plugins/listener_plugin.py
[2026-09-20T20:14:03.320+0000] {processor.py:178} INFO - Processing /home/airflow/.local/lib/python3.10/site-packages/airflow/example_dags/plugins/listener_plugin.py took 0.040 seconds
[2026-09-20T20:14:35.028+0000] {processor.py:156} INFO - Started process (PID=269) to work on /home/airflow/.local/lib/python3.10/site-packages/airflow/example_dags/plugins/listener_plugin.py
[2026-09-20T20:14:35.030+0000] {processor.py:799} INFO - Processing file /home/airflow/.local/lib/python3.10/site-packages/airflow/example_dags/plugins/listener_plugin.py for tasks to queue
[2026-09-20T20:14:35.031+0000] {logging_mixin.py:149} INFO - [2026-09-20T20:14:35.031+0000] {dagbag.py:541} INFO - Filling up the DagBag from /home/airflow/.local/lib/python3.10/site-packages/airflow/example_dags/plugins/listener_plugin.py
[2026-09-20T20:14:35.036+0000] {processor.py:811} WARNING - No viable dags retrieved from /home/airflow/.local/lib/python3.10/site-packages/airflow/example_dags/plugins/listener_plugin.py
[2026-09-20T20:14:35.058+0000] {processor.py:178} INFO - Processing /home/airflow/.local/lib/python3.10/site-packages/airflow/example_dags/plugins/listener_plugin.py took 0.037 seconds
[2026-09-20T20:15:05.626+0000] {processor.py:156} INFO - Started process (PID=327) to work on /home/airflow/.local/lib/python3.10/site-packages/airflow/example_dags/plugins/listener_plugin.py
[2026-09-20T20:15:05.628+0000] {processor.py:799} INFO - Processing file /home/airflow/.local/lib/python3.10/site-packages/airflow/example_dags/plugins/listener_plugin.py for tasks to queue
[2026-09-20T20:15:05.629+0000] {logging_mixin.py:149} INFO - [2026-09-20T20:15:05.629+0000] {dagbag.py:541} INFO - Filling up the DagBag from /home/airflow/.local/lib/python3.10/site-packages/airflow/example_dags/plugins/listener_plugin.py
[2026-09-20T20:15:05.633+0000] {processor.py:811} WARNING - No viable dags retrieved from /home/airflow/.local/lib/python3.10/site-packages/airflow/example_dags/plugins/listener_plugin.py
[2026-09-20T20:15:05.667+0000] {processor.py:178} INFO - Processing /home/airflow/.local/lib/python3.10/site-packages/airflow/example_dags/plugins/listener_plugin.py took 0.047 seconds
[2026-09-20T20:15:37.007+0000] {processor.py:156} INFO - Started process (PID=385) to work on /home/airflow/.local/lib/python3.10/site-packages/airflow/example_dags/plugins/listener_plugin.py
[2026-09-20T20:15:37.009+0000] {processor.py:799} INFO - Processing file /home/airflow/.local/lib/python3.10/site-packages/airflow/example_dags/plugins/listener_plugin.py for tasks to queue
[2026-09-20T20:15:37.010+0000] {logging_mixin.py:149} INFO - [2026-09-20T20:15:37.010+0000] {dagbag.py:541} INFO - Filling up the DagBag from /home/airflow/.local/lib/python3.10/site-packages/airflow/example_dags/plugins/listener_plugin.py
[2026-09-20T20:15:37.014+0000] {processor.py:811} WARNING - No viable dags retrieved from /home/airflow/.local/lib/python3.10/site-packages/airflow/example_dags/plugins/listener_plugin.py
[2026-09-20T20:15:37.038+0000] {processor.py:178} INFO - Processing /home/airflow/.local/lib/python3.10/site-packages/airflow/example_dags/plugins/listener_plugin.py took 0.037 seconds
[2026-09-20T20:16:08.495+0000] {processor.py:156} INFO - Started process (PID=443) to work on /home/airflow/.local/lib/python3.10/site-packages/airflow/example_dags/plugins/listener_plugin.py
[2026-09-20T20:16:08.499+0000] {processor.py:799} INFO - Processing file /home/airflow/.local/lib/python3.10/site-packages/airflow/example_dags/plugins/listener_plugin.py for tasks to queue
[2026-09-20T20:16:08.500+0000] {logging_mixin.py:149} INFO - [2026-09-20T20:16:08.500+0000] {dagbag.py:541} INFO - Filling up the DagBag from /home/airflow/.local/lib/python3.10/site-packages/airflow/example_dags/plugins/listener_plugin.py
[2026-09-20T20:16:08.504+0000] {processor.py:811} WARNING - No viable dags retrieved from /home/airflow/.local/lib/python3.10/site-packages/airflow/example_dags/plugins/listener_plugin.py
[2026-09-20T20:16:08.529+0000] {processor.py:178} INFO - Processing /home/airflow/.local/lib/python3.10/site-packages/airflow/example_dags/plugins/listener_plugin.py took 0.041 seconds
[2026-09-20T20:16:39.936+0000] {processor.py:156} INFO - Started process (PID=501) to work on /home/airflow/.local/lib/python3.10/site-packages/airflow/example_dags/plugins/listener_plugin.py
[2026-09-20T20:16:39.938+0000] {processor.py:799} INFO - Processing file /home/airflow/.local/lib/python3.10/site-packages/airflow/example_dags/plugins/listener_plugin.py for tasks to queue
[2026-09-20T20:16:39.939+0000] {logging_mixin.py:149} INFO - [2026-09-20T20:16:39.938+0000] {dagbag.py:541} INFO - Filling up the DagBag from /home/airflow/.local/lib/python3.10/site-packages/airflow/example_dags/plugins/listener_plugin.py
[2026-09-20T20:16:39.943+0000] {processor.py:811} WARNING - No viable dags retrieved from /home/airflow/.local/lib/python3.10/site-packages/airflow/example_dags/plugins/listener_plugin.py
[2026-09-20T20:16:39.964+0000] {processor.py:178} INFO - Processing /home/airflow/.local/lib/python3.10/site-packages/airflow/example_dags/plugins/listener_plugin.py took 0.034 seconds
[2026-09-20T20:17:11.515+0000] {processor.py:156} INFO - Started process (PID=559) to work on /home/airflow/.local/lib/python3.10/site-packages/airflow/example_dags/plugins/listener_plugin.py
[2026-09-20T20:17:11.517+0000] {processor.py:799} INFO - Processing file /home/airflow/.local/lib/python3.10/site-packages/airflow/example_dags/plugins/listener_plugin.py for tasks to queue
[2026-09-20T20:17:11.518+0000] {logging_mixin.py:149} INFO - [2026-09-20T20:17:11.518+0000] {dagbag.py:541} INFO - Filling up the DagBag from /home/airflow/.local/lib/python3.10/site-packages/airflow/example_dags/plugins/listener_plugin.py
[2026-09-20T20:17:11.523+0000] {processor.py:811} WARNING - No viable dags retrieved from /home/airflow/.local/lib/python3.10/site-packages/airflow/example_dags/plugins/listener_plugin.py
[2026-09-20T20:17:11.548+0000] {processor.py:178} INFO - Processing /home/airflow/.local/lib/python3.10/site-packages/airflow/example_dags/plugins/listener_plugin.py took 0.040 seconds
[2026-09-20T20:17:42.896+0000] {processor.py:156} INFO - Started process (PID=617) to work on /home/airflow/.local/lib/python3.10/site-packages/airflow/example_dags/plugins/listener_plugin.py
[2026-09-20T20:17:42.899+0000] {processor.py:799} INFO - Processing file /home/airflow/.local/lib/python3.10/site-packages/airflow/example_dags/plugins/listener_plugin.py for tasks to queue
[2026-09-20T20:17:42.899+0000] {logging_mixin.py:149} INFO - [2026-09-20T20:17:42.899+0000] {dagbag.py:541} INFO - Filling up the DagBag from /home/airflow/.local/lib/python3.10/site-packages/airflow/example_dags/plugins/listener_plugin.py
[2026-09-20T20:17:42.903+0000] {processor.py:811} WARNING - No viable dags retrieved from /home/airflow/.local/lib/python3.10/site-packages/airflow/example_dags/plugins/listener_plugin.py
[2026-09-20T20:17:42.924+0000] {processor.py:178} INFO - Processing /home/airflow/.local/lib/python3.10/site-packages/airflow/example_dags/plugins/listener_plugin.py took 0.035 seconds
[2026-09-20T20:18:14.311+0000] {processor.py:156} INFO - Started process (PID=675) to work on /home/airflow/.local/lib/python3.10/site-packages/airflow/example_dags/plugins/listener_plugin.py
[2026-09-20T20:18:14.313+0000] {processor.py:799} INFO - Processing file /home/airflow/.local/lib/python3.10/site-packages/airflow/example_dags/plugins/listener_plugin.py for tasks to queue
[2026-09-20T20:18:14.314+0000] {logging_mixin.py:149} INFO - [2026-09-20T20:18:14.314+0000] {dagbag.py:541} INFO - Filling up the DagBag from /home/airflow/.local/lib/python3.10/site-packages/airflow/example_dags/plugins/listener_plugin.py
[2026-09-20T20:18:14.318+0000] {processor.py:811} WARNING - No viable dags retrieved from /home/airflow/.local/lib/python3.10/site-packages/airflow/example_dags/plugins/listener_plugin.py
[2026-09-20T20:18:14.340+0000] {processor.py:178} INFO - Processing /home/airflow/.local/lib/python3.10/site-packages/airflow/example_dags/plugins/listener_plugin.py took 0.035 seconds
[2026-09-20T20:18:45.474+0000] {processor.py:156} INFO - Started process (PID=733) to work on /home/airflow/.local/lib/python3.10/site-packages/airflow/example_dags/plugins/listener_plugin.py
[2026-09-20T20:18:45.475+0000] {processor.py:799} INFO - Processing file /home/airflow/.local/lib/python3.10/site-packages/airflow/example_dags/plugins/listener_plugin.py for tasks to queue
[2026-09-20T20:18:45.476+0000] {logging_mixin.py:149} INFO - [2026-09-20T20:18:45.476+0000] {dagbag.py:541} INFO - Filling up the DagBag from /home/airflow/.local/lib/python3.10/site-packages/airflow/example_dags/plugins/listener_plugin.py
[2026-09-20T20:18:45.481+0000] {processor.py:811} WARNING - No viable dags retrieved from /home/airflow/.local/lib/python3.10/site-packages/airflow/example_dags/plugins/listener_plugin.py
[2026-09-20T20:18:45.503+0000] {processor.py:178} INFO - Processing /home/airflow/.local/lib/python3.10/site-packages/airflow/example_dags/plugins/listener_plugin.py took 0.036 seconds
