[2026-09-28T04:38:48.684+0000] {taskinstance.py:1125} INFO - Dependencies all met for dep_context=non-requeueable deps ti=<TaskInstance: 04_train_model.train_evaluate_upload manual__2026-09-28T04:36:10+00:00 [queued]>
[2026-09-28T04:38:48.700+0000] {taskinstance.py:1125} INFO - Dependencies all met for dep_context=requeueable deps ti=<TaskInstance: 04_train_model.train_evaluate_upload manual__2026-09-28T04:36:10+00:00 [queued]>
[2026-09-28T04:38:48.701+0000] {taskinstance.py:1331} INFO - Starting attempt 1 of 1
[2026-09-28T04:38:48.724+0000] {taskinstance.py:1350} INFO - Executing <Task(_PythonDecoratedOperator): train_evaluate_upload> on 2026-09-28 04:36:10+00:00
[2026-09-28T04:38:48.737+0000] {standard_task_runner.py:57} INFO - Started process 138 to run task
[2026-09-28T04:38:48.746+0000] {standard_task_runner.py:84} INFO - Running: ['***', 'tasks', 'run', '04_train_model', 'train_evaluate_upload', 'manual__2026-09-28T04:36:10+00:00', '--job-id', '250', '--raw', '--subdir', 'DAGS_FOLDER/04_train_model.py', '--cfg-path', '/tmp/tmp41ixb76t']
[2026-09-28T04:38:48.748+0000] {standard_task_runner.py:85} INFO - Job 250: Subtask train_evaluate_upload
[2026-09-28T04:38:48.843+0000] {task_command.py:410} INFO - Running <TaskInstance: 04_train_model.train_evaluate_upload manual__2026-09-28T04:36:10+00:00 [running]> on host 76193762bd86
[2026-09-28T04:38:48.994+0000] {taskinstance.py:1570} INFO - Exporting env vars: AIRFLOW_CTX_DAG_OWNER='mlops' AIRFLOW_CTX_DAG_ID='04_train_model' AIRFLOW_CTX_TASK_ID='train_evaluate_upload' AIRFLOW_CTX_EXECUTION_DATE='2026-09-28T04:36:10+00:00' AIRFLOW_CTX_TRY_NUMBER='1' AIRFLOW_CTX_DAG_RUN_ID='manual__2026-09-28T04:36:10+00:00'
[2026-09-28T04:38:49.570+0000] {04_train_model.py:284} INFO - Dataset cargado: 58100 filas x 13 columnas
[2026-09-28T04:38:49.591+0000] {04_train_model.py:296} INFO - Clases usadas para entrenamiento: [0, 1, 4, 6]
[2026-09-28T04:38:49.656+0000] {04_train_model.py:351} INFO - Entrenando modelo: logistic_regression
[2026-09-28T04:39:06.479+0000] {04_train_model.py:426} INFO - logistic_regression -> accuracy=0.6916 precision_macro=0.6051 recall_macro=0.8268 f1_macro=0.6647
[2026-09-28T04:39:06.480+0000] {04_train_model.py:351} INFO - Entrenando modelo: random_forest
[2026-09-28T04:39:11.670+0000] {warnings.py:110} WARNING - /usr/local/lib/python3.7/site-packages/sklearn/ensemble/_base.py:194: UserWarning: Loky-backed parallel loops cannot be called in a multiprocessing, setting n_jobs=1
  n_jobs = min(effective_n_jobs(n_jobs), n_estimators)

[2026-09-28T04:39:12.155+0000] {04_train_model.py:426} INFO - random_forest -> accuracy=0.9827 precision_macro=0.9667 recall_macro=0.9697 f1_macro=0.9682
[2026-09-28T04:39:12.156+0000] {04_train_model.py:351} INFO - Entrenando modelo: extra_trees
[2026-09-28T04:39:15.292+0000] {warnings.py:110} WARNING - /usr/local/lib/python3.7/site-packages/sklearn/ensemble/_base.py:194: UserWarning: Loky-backed parallel loops cannot be called in a multiprocessing, setting n_jobs=1
  n_jobs = min(effective_n_jobs(n_jobs), n_estimators)

[2026-09-28T04:39:15.913+0000] {04_train_model.py:426} INFO - extra_trees -> accuracy=0.9843 precision_macro=0.9670 recall_macro=0.9706 f1_macro=0.9688
[2026-09-28T04:39:15.913+0000] {04_train_model.py:440} INFO - Modelo seleccionado: extra_trees
[2026-09-28T04:39:15.914+0000] {04_train_model.py:445} INFO - F1 macro seleccionado: 0.9688
[2026-09-28T04:39:20.430+0000] {04_train_model.py:572} INFO - Artefactos cargados correctamente a MinIO
[2026-09-28T04:39:20.464+0000] {python.py:183} INFO - Done. Returned value was: {'best_model': 'extra_trees', 'best_f1_macro': 0.9688226377495256, 'observed_classes': [0, 1, 4, 6], 'total_records': 58100}
[2026-09-28T04:39:20.505+0000] {taskinstance.py:1373} INFO - Marking task as SUCCESS. dag_id=04_train_model, task_id=train_evaluate_upload, execution_date=20260928T043610, start_date=20260928T043848, end_date=20260928T043920
[2026-09-28T04:39:20.563+0000] {local_task_job_runner.py:232} INFO - Task exited with return code 0
[2026-09-28T04:39:20.599+0000] {taskinstance.py:2674} INFO - 1 downstream tasks scheduled from follow-on schedule check
