[2026-09-20T19:33:10.360+0000] {processor.py:156} INFO - Started process (PID=44) to work on /opt/airflow/dags/Task_2-Cargar_DataRaw_Penguins.py
[2026-09-20T19:33:10.362+0000] {processor.py:799} INFO - Processing file /opt/airflow/dags/Task_2-Cargar_DataRaw_Penguins.py for tasks to queue
[2026-09-20T19:33:10.363+0000] {logging_mixin.py:149} INFO - [2026-09-20T19:33:10.363+0000] {dagbag.py:541} INFO - Filling up the DagBag from /opt/airflow/dags/Task_2-Cargar_DataRaw_Penguins.py
[2026-09-20T19:33:10.367+0000] {processor.py:811} WARNING - No viable dags retrieved from /opt/airflow/dags/Task_2-Cargar_DataRaw_Penguins.py
[2026-09-20T19:33:10.430+0000] {processor.py:178} INFO - Processing /opt/airflow/dags/Task_2-Cargar_DataRaw_Penguins.py took 0.097 seconds
[2026-09-20T19:33:40.661+0000] {processor.py:156} INFO - Started process (PID=101) to work on /opt/airflow/dags/Task_2-Cargar_DataRaw_Penguins.py
[2026-09-20T19:33:40.663+0000] {processor.py:799} INFO - Processing file /opt/airflow/dags/Task_2-Cargar_DataRaw_Penguins.py for tasks to queue
[2026-09-20T19:33:40.664+0000] {logging_mixin.py:149} INFO - [2026-09-20T19:33:40.664+0000] {dagbag.py:541} INFO - Filling up the DagBag from /opt/airflow/dags/Task_2-Cargar_DataRaw_Penguins.py
[2026-09-20T19:33:40.666+0000] {processor.py:811} WARNING - No viable dags retrieved from /opt/airflow/dags/Task_2-Cargar_DataRaw_Penguins.py
[2026-09-20T19:33:40.701+0000] {processor.py:178} INFO - Processing /opt/airflow/dags/Task_2-Cargar_DataRaw_Penguins.py took 0.049 seconds
[2026-09-20T19:34:10.934+0000] {processor.py:156} INFO - Started process (PID=159) to work on /opt/airflow/dags/Task_2-Cargar_DataRaw_Penguins.py
[2026-09-20T19:34:10.936+0000] {processor.py:799} INFO - Processing file /opt/airflow/dags/Task_2-Cargar_DataRaw_Penguins.py for tasks to queue
[2026-09-20T19:34:10.937+0000] {logging_mixin.py:149} INFO - [2026-09-20T19:34:10.937+0000] {dagbag.py:541} INFO - Filling up the DagBag from /opt/airflow/dags/Task_2-Cargar_DataRaw_Penguins.py
[2026-09-20T19:34:10.940+0000] {processor.py:811} WARNING - No viable dags retrieved from /opt/airflow/dags/Task_2-Cargar_DataRaw_Penguins.py
[2026-09-20T19:34:10.965+0000] {processor.py:178} INFO - Processing /opt/airflow/dags/Task_2-Cargar_DataRaw_Penguins.py took 0.038 seconds
[2026-09-20T19:34:41.461+0000] {processor.py:156} INFO - Started process (PID=217) to work on /opt/airflow/dags/Task_2-Cargar_DataRaw_Penguins.py
[2026-09-20T19:34:41.465+0000] {processor.py:799} INFO - Processing file /opt/airflow/dags/Task_2-Cargar_DataRaw_Penguins.py for tasks to queue
[2026-09-20T19:34:41.466+0000] {logging_mixin.py:149} INFO - [2026-09-20T19:34:41.465+0000] {dagbag.py:541} INFO - Filling up the DagBag from /opt/airflow/dags/Task_2-Cargar_DataRaw_Penguins.py
[2026-09-20T19:34:41.469+0000] {processor.py:811} WARNING - No viable dags retrieved from /opt/airflow/dags/Task_2-Cargar_DataRaw_Penguins.py
[2026-09-20T19:34:41.493+0000] {processor.py:178} INFO - Processing /opt/airflow/dags/Task_2-Cargar_DataRaw_Penguins.py took 0.038 seconds
[2026-09-20T19:35:12.332+0000] {processor.py:156} INFO - Started process (PID=275) to work on /opt/airflow/dags/Task_2-Cargar_DataRaw_Penguins.py
[2026-09-20T19:35:12.334+0000] {processor.py:799} INFO - Processing file /opt/airflow/dags/Task_2-Cargar_DataRaw_Penguins.py for tasks to queue
[2026-09-20T19:35:12.335+0000] {logging_mixin.py:149} INFO - [2026-09-20T19:35:12.335+0000] {dagbag.py:541} INFO - Filling up the DagBag from /opt/airflow/dags/Task_2-Cargar_DataRaw_Penguins.py
[2026-09-20T19:35:12.338+0000] {processor.py:811} WARNING - No viable dags retrieved from /opt/airflow/dags/Task_2-Cargar_DataRaw_Penguins.py
[2026-09-20T19:35:12.363+0000] {processor.py:178} INFO - Processing /opt/airflow/dags/Task_2-Cargar_DataRaw_Penguins.py took 0.037 seconds
[2026-09-20T19:35:42.707+0000] {processor.py:156} INFO - Started process (PID=333) to work on /opt/airflow/dags/Task_2-Cargar_DataRaw_Penguins.py
[2026-09-20T19:35:42.708+0000] {processor.py:799} INFO - Processing file /opt/airflow/dags/Task_2-Cargar_DataRaw_Penguins.py for tasks to queue
[2026-09-20T19:35:42.709+0000] {logging_mixin.py:149} INFO - [2026-09-20T19:35:42.709+0000] {dagbag.py:541} INFO - Filling up the DagBag from /opt/airflow/dags/Task_2-Cargar_DataRaw_Penguins.py
[2026-09-20T19:35:42.712+0000] {processor.py:811} WARNING - No viable dags retrieved from /opt/airflow/dags/Task_2-Cargar_DataRaw_Penguins.py
[2026-09-20T19:35:42.743+0000] {processor.py:178} INFO - Processing /opt/airflow/dags/Task_2-Cargar_DataRaw_Penguins.py took 0.043 seconds
[2026-09-20T19:36:13.036+0000] {processor.py:156} INFO - Started process (PID=391) to work on /opt/airflow/dags/Task_2-Cargar_DataRaw_Penguins.py
[2026-09-20T19:36:13.038+0000] {processor.py:799} INFO - Processing file /opt/airflow/dags/Task_2-Cargar_DataRaw_Penguins.py for tasks to queue
[2026-09-20T19:36:13.039+0000] {logging_mixin.py:149} INFO - [2026-09-20T19:36:13.039+0000] {dagbag.py:541} INFO - Filling up the DagBag from /opt/airflow/dags/Task_2-Cargar_DataRaw_Penguins.py
[2026-09-20T19:36:13.042+0000] {processor.py:811} WARNING - No viable dags retrieved from /opt/airflow/dags/Task_2-Cargar_DataRaw_Penguins.py
[2026-09-20T19:36:13.069+0000] {processor.py:178} INFO - Processing /opt/airflow/dags/Task_2-Cargar_DataRaw_Penguins.py took 0.039 seconds
[2026-09-20T19:36:43.530+0000] {processor.py:156} INFO - Started process (PID=449) to work on /opt/airflow/dags/Task_2-Cargar_DataRaw_Penguins.py
[2026-09-20T19:36:43.532+0000] {processor.py:799} INFO - Processing file /opt/airflow/dags/Task_2-Cargar_DataRaw_Penguins.py for tasks to queue
[2026-09-20T19:36:43.533+0000] {logging_mixin.py:149} INFO - [2026-09-20T19:36:43.533+0000] {dagbag.py:541} INFO - Filling up the DagBag from /opt/airflow/dags/Task_2-Cargar_DataRaw_Penguins.py
[2026-09-20T19:36:43.536+0000] {processor.py:811} WARNING - No viable dags retrieved from /opt/airflow/dags/Task_2-Cargar_DataRaw_Penguins.py
[2026-09-20T19:36:43.557+0000] {processor.py:178} INFO - Processing /opt/airflow/dags/Task_2-Cargar_DataRaw_Penguins.py took 0.032 seconds
[2026-09-20T19:37:13.899+0000] {processor.py:156} INFO - Started process (PID=507) to work on /opt/airflow/dags/Task_2-Cargar_DataRaw_Penguins.py
[2026-09-20T19:37:13.901+0000] {processor.py:799} INFO - Processing file /opt/airflow/dags/Task_2-Cargar_DataRaw_Penguins.py for tasks to queue
[2026-09-20T19:37:13.902+0000] {logging_mixin.py:149} INFO - [2026-09-20T19:37:13.902+0000] {dagbag.py:541} INFO - Filling up the DagBag from /opt/airflow/dags/Task_2-Cargar_DataRaw_Penguins.py
[2026-09-20T19:37:13.904+0000] {processor.py:811} WARNING - No viable dags retrieved from /opt/airflow/dags/Task_2-Cargar_DataRaw_Penguins.py
[2026-09-20T19:37:13.927+0000] {processor.py:178} INFO - Processing /opt/airflow/dags/Task_2-Cargar_DataRaw_Penguins.py took 0.034 seconds
[2026-09-20T19:37:44.544+0000] {processor.py:156} INFO - Started process (PID=565) to work on /opt/airflow/dags/Task_2-Cargar_DataRaw_Penguins.py
[2026-09-20T19:37:44.555+0000] {processor.py:799} INFO - Processing file /opt/airflow/dags/Task_2-Cargar_DataRaw_Penguins.py for tasks to queue
[2026-09-20T19:37:44.558+0000] {logging_mixin.py:149} INFO - [2026-09-20T19:37:44.558+0000] {dagbag.py:541} INFO - Filling up the DagBag from /opt/airflow/dags/Task_2-Cargar_DataRaw_Penguins.py
[2026-09-20T19:37:44.561+0000] {processor.py:811} WARNING - No viable dags retrieved from /opt/airflow/dags/Task_2-Cargar_DataRaw_Penguins.py
[2026-09-20T19:37:44.585+0000] {processor.py:178} INFO - Processing /opt/airflow/dags/Task_2-Cargar_DataRaw_Penguins.py took 0.047 seconds
[2026-09-20T19:38:14.899+0000] {processor.py:156} INFO - Started process (PID=624) to work on /opt/airflow/dags/Task_2-Cargar_DataRaw_Penguins.py
[2026-09-20T19:38:14.901+0000] {processor.py:799} INFO - Processing file /opt/airflow/dags/Task_2-Cargar_DataRaw_Penguins.py for tasks to queue
[2026-09-20T19:38:14.902+0000] {logging_mixin.py:149} INFO - [2026-09-20T19:38:14.901+0000] {dagbag.py:541} INFO - Filling up the DagBag from /opt/airflow/dags/Task_2-Cargar_DataRaw_Penguins.py
[2026-09-20T19:38:14.904+0000] {processor.py:811} WARNING - No viable dags retrieved from /opt/airflow/dags/Task_2-Cargar_DataRaw_Penguins.py
[2026-09-20T19:38:14.927+0000] {processor.py:178} INFO - Processing /opt/airflow/dags/Task_2-Cargar_DataRaw_Penguins.py took 0.034 seconds
[2026-09-20T20:12:51.837+0000] {processor.py:156} INFO - Started process (PID=46) to work on /opt/airflow/dags/Task_2-Cargar_DataRaw_Penguins.py
[2026-09-20T20:12:51.844+0000] {processor.py:799} INFO - Processing file /opt/airflow/dags/Task_2-Cargar_DataRaw_Penguins.py for tasks to queue
[2026-09-20T20:12:51.845+0000] {logging_mixin.py:149} INFO - [2026-09-20T20:12:51.845+0000] {dagbag.py:541} INFO - Filling up the DagBag from /opt/airflow/dags/Task_2-Cargar_DataRaw_Penguins.py
[2026-09-20T20:12:51.852+0000] {processor.py:811} WARNING - No viable dags retrieved from /opt/airflow/dags/Task_2-Cargar_DataRaw_Penguins.py
[2026-09-20T20:12:51.888+0000] {processor.py:178} INFO - Processing /opt/airflow/dags/Task_2-Cargar_DataRaw_Penguins.py took 0.063 seconds
[2026-09-20T20:13:22.425+0000] {processor.py:156} INFO - Started process (PID=103) to work on /opt/airflow/dags/Task_2-Cargar_DataRaw_Penguins.py
[2026-09-20T20:13:22.427+0000] {processor.py:799} INFO - Processing file /opt/airflow/dags/Task_2-Cargar_DataRaw_Penguins.py for tasks to queue
[2026-09-20T20:13:22.428+0000] {logging_mixin.py:149} INFO - [2026-09-20T20:13:22.428+0000] {dagbag.py:541} INFO - Filling up the DagBag from /opt/airflow/dags/Task_2-Cargar_DataRaw_Penguins.py
[2026-09-20T20:13:22.432+0000] {processor.py:811} WARNING - No viable dags retrieved from /opt/airflow/dags/Task_2-Cargar_DataRaw_Penguins.py
[2026-09-20T20:13:22.463+0000] {processor.py:178} INFO - Processing /opt/airflow/dags/Task_2-Cargar_DataRaw_Penguins.py took 0.044 seconds
[2026-09-20T20:13:52.741+0000] {processor.py:156} INFO - Started process (PID=161) to work on /opt/airflow/dags/Task_2-Cargar_DataRaw_Penguins.py
[2026-09-20T20:13:52.743+0000] {processor.py:799} INFO - Processing file /opt/airflow/dags/Task_2-Cargar_DataRaw_Penguins.py for tasks to queue
[2026-09-20T20:13:52.744+0000] {logging_mixin.py:149} INFO - [2026-09-20T20:13:52.744+0000] {dagbag.py:541} INFO - Filling up the DagBag from /opt/airflow/dags/Task_2-Cargar_DataRaw_Penguins.py
[2026-09-20T20:13:52.747+0000] {processor.py:811} WARNING - No viable dags retrieved from /opt/airflow/dags/Task_2-Cargar_DataRaw_Penguins.py
[2026-09-20T20:13:52.772+0000] {processor.py:178} INFO - Processing /opt/airflow/dags/Task_2-Cargar_DataRaw_Penguins.py took 0.038 seconds
[2026-09-20T20:14:23.276+0000] {processor.py:156} INFO - Started process (PID=219) to work on /opt/airflow/dags/Task_2-Cargar_DataRaw_Penguins.py
[2026-09-20T20:14:23.278+0000] {processor.py:799} INFO - Processing file /opt/airflow/dags/Task_2-Cargar_DataRaw_Penguins.py for tasks to queue
[2026-09-20T20:14:23.279+0000] {logging_mixin.py:149} INFO - [2026-09-20T20:14:23.279+0000] {dagbag.py:541} INFO - Filling up the DagBag from /opt/airflow/dags/Task_2-Cargar_DataRaw_Penguins.py
[2026-09-20T20:14:23.282+0000] {processor.py:811} WARNING - No viable dags retrieved from /opt/airflow/dags/Task_2-Cargar_DataRaw_Penguins.py
[2026-09-20T20:14:23.303+0000] {processor.py:178} INFO - Processing /opt/airflow/dags/Task_2-Cargar_DataRaw_Penguins.py took 0.033 seconds
[2026-09-20T20:14:54.136+0000] {processor.py:156} INFO - Started process (PID=277) to work on /opt/airflow/dags/Task_2-Cargar_DataRaw_Penguins.py
[2026-09-20T20:14:54.139+0000] {processor.py:799} INFO - Processing file /opt/airflow/dags/Task_2-Cargar_DataRaw_Penguins.py for tasks to queue
[2026-09-20T20:14:54.140+0000] {logging_mixin.py:149} INFO - [2026-09-20T20:14:54.140+0000] {dagbag.py:541} INFO - Filling up the DagBag from /opt/airflow/dags/Task_2-Cargar_DataRaw_Penguins.py
[2026-09-20T20:14:54.142+0000] {processor.py:811} WARNING - No viable dags retrieved from /opt/airflow/dags/Task_2-Cargar_DataRaw_Penguins.py
[2026-09-20T20:14:54.163+0000] {processor.py:178} INFO - Processing /opt/airflow/dags/Task_2-Cargar_DataRaw_Penguins.py took 0.032 seconds
[2026-09-20T20:15:24.658+0000] {processor.py:156} INFO - Started process (PID=335) to work on /opt/airflow/dags/Task_2-Cargar_DataRaw_Penguins.py
[2026-09-20T20:15:24.660+0000] {processor.py:799} INFO - Processing file /opt/airflow/dags/Task_2-Cargar_DataRaw_Penguins.py for tasks to queue
[2026-09-20T20:15:24.660+0000] {logging_mixin.py:149} INFO - [2026-09-20T20:15:24.660+0000] {dagbag.py:541} INFO - Filling up the DagBag from /opt/airflow/dags/Task_2-Cargar_DataRaw_Penguins.py
[2026-09-20T20:15:24.663+0000] {processor.py:811} WARNING - No viable dags retrieved from /opt/airflow/dags/Task_2-Cargar_DataRaw_Penguins.py
[2026-09-20T20:15:24.692+0000] {processor.py:178} INFO - Processing /opt/airflow/dags/Task_2-Cargar_DataRaw_Penguins.py took 0.043 seconds
[2026-09-20T20:15:55.025+0000] {processor.py:156} INFO - Started process (PID=393) to work on /opt/airflow/dags/Task_2-Cargar_DataRaw_Penguins.py
[2026-09-20T20:15:55.031+0000] {processor.py:799} INFO - Processing file /opt/airflow/dags/Task_2-Cargar_DataRaw_Penguins.py for tasks to queue
[2026-09-20T20:15:55.033+0000] {logging_mixin.py:149} INFO - [2026-09-20T20:15:55.033+0000] {dagbag.py:541} INFO - Filling up the DagBag from /opt/airflow/dags/Task_2-Cargar_DataRaw_Penguins.py
[2026-09-20T20:15:55.037+0000] {processor.py:811} WARNING - No viable dags retrieved from /opt/airflow/dags/Task_2-Cargar_DataRaw_Penguins.py
[2026-09-20T20:15:55.063+0000] {processor.py:178} INFO - Processing /opt/airflow/dags/Task_2-Cargar_DataRaw_Penguins.py took 0.044 seconds
[2026-09-20T20:16:25.513+0000] {processor.py:156} INFO - Started process (PID=451) to work on /opt/airflow/dags/Task_2-Cargar_DataRaw_Penguins.py
[2026-09-20T20:16:25.514+0000] {processor.py:799} INFO - Processing file /opt/airflow/dags/Task_2-Cargar_DataRaw_Penguins.py for tasks to queue
[2026-09-20T20:16:25.515+0000] {logging_mixin.py:149} INFO - [2026-09-20T20:16:25.515+0000] {dagbag.py:541} INFO - Filling up the DagBag from /opt/airflow/dags/Task_2-Cargar_DataRaw_Penguins.py
[2026-09-20T20:16:25.518+0000] {processor.py:811} WARNING - No viable dags retrieved from /opt/airflow/dags/Task_2-Cargar_DataRaw_Penguins.py
[2026-09-20T20:16:25.542+0000] {processor.py:178} INFO - Processing /opt/airflow/dags/Task_2-Cargar_DataRaw_Penguins.py took 0.035 seconds
[2026-09-20T20:16:55.943+0000] {processor.py:156} INFO - Started process (PID=509) to work on /opt/airflow/dags/Task_2-Cargar_DataRaw_Penguins.py
[2026-09-20T20:16:55.945+0000] {processor.py:799} INFO - Processing file /opt/airflow/dags/Task_2-Cargar_DataRaw_Penguins.py for tasks to queue
[2026-09-20T20:16:55.945+0000] {logging_mixin.py:149} INFO - [2026-09-20T20:16:55.945+0000] {dagbag.py:541} INFO - Filling up the DagBag from /opt/airflow/dags/Task_2-Cargar_DataRaw_Penguins.py
[2026-09-20T20:16:55.948+0000] {processor.py:811} WARNING - No viable dags retrieved from /opt/airflow/dags/Task_2-Cargar_DataRaw_Penguins.py
[2026-09-20T20:16:55.970+0000] {processor.py:178} INFO - Processing /opt/airflow/dags/Task_2-Cargar_DataRaw_Penguins.py took 0.033 seconds
[2026-09-20T20:17:26.571+0000] {processor.py:156} INFO - Started process (PID=567) to work on /opt/airflow/dags/Task_2-Cargar_DataRaw_Penguins.py
[2026-09-20T20:17:26.572+0000] {processor.py:799} INFO - Processing file /opt/airflow/dags/Task_2-Cargar_DataRaw_Penguins.py for tasks to queue
[2026-09-20T20:17:26.573+0000] {logging_mixin.py:149} INFO - [2026-09-20T20:17:26.573+0000] {dagbag.py:541} INFO - Filling up the DagBag from /opt/airflow/dags/Task_2-Cargar_DataRaw_Penguins.py
[2026-09-20T20:17:26.576+0000] {processor.py:811} WARNING - No viable dags retrieved from /opt/airflow/dags/Task_2-Cargar_DataRaw_Penguins.py
[2026-09-20T20:17:26.604+0000] {processor.py:178} INFO - Processing /opt/airflow/dags/Task_2-Cargar_DataRaw_Penguins.py took 0.038 seconds
[2026-09-20T20:17:56.976+0000] {processor.py:156} INFO - Started process (PID=625) to work on /opt/airflow/dags/Task_2-Cargar_DataRaw_Penguins.py
[2026-09-20T20:17:56.978+0000] {processor.py:799} INFO - Processing file /opt/airflow/dags/Task_2-Cargar_DataRaw_Penguins.py for tasks to queue
[2026-09-20T20:17:56.979+0000] {logging_mixin.py:149} INFO - [2026-09-20T20:17:56.979+0000] {dagbag.py:541} INFO - Filling up the DagBag from /opt/airflow/dags/Task_2-Cargar_DataRaw_Penguins.py
[2026-09-20T20:17:56.982+0000] {processor.py:811} WARNING - No viable dags retrieved from /opt/airflow/dags/Task_2-Cargar_DataRaw_Penguins.py
[2026-09-20T20:17:57.009+0000] {processor.py:178} INFO - Processing /opt/airflow/dags/Task_2-Cargar_DataRaw_Penguins.py took 0.040 seconds
[2026-09-20T20:18:27.357+0000] {processor.py:156} INFO - Started process (PID=683) to work on /opt/airflow/dags/Task_2-Cargar_DataRaw_Penguins.py
[2026-09-20T20:18:27.358+0000] {processor.py:799} INFO - Processing file /opt/airflow/dags/Task_2-Cargar_DataRaw_Penguins.py for tasks to queue
[2026-09-20T20:18:27.359+0000] {logging_mixin.py:149} INFO - [2026-09-20T20:18:27.359+0000] {dagbag.py:541} INFO - Filling up the DagBag from /opt/airflow/dags/Task_2-Cargar_DataRaw_Penguins.py
[2026-09-20T20:18:27.362+0000] {processor.py:811} WARNING - No viable dags retrieved from /opt/airflow/dags/Task_2-Cargar_DataRaw_Penguins.py
[2026-09-20T20:18:27.385+0000] {processor.py:178} INFO - Processing /opt/airflow/dags/Task_2-Cargar_DataRaw_Penguins.py took 0.035 seconds
[2026-09-20T20:18:57.482+0000] {processor.py:156} INFO - Started process (PID=741) to work on /opt/airflow/dags/Task_2-Cargar_DataRaw_Penguins.py
[2026-09-20T20:18:57.500+0000] {processor.py:799} INFO - Processing file /opt/airflow/dags/Task_2-Cargar_DataRaw_Penguins.py for tasks to queue
[2026-09-20T20:18:57.501+0000] {logging_mixin.py:149} INFO - [2026-09-20T20:18:57.501+0000] {dagbag.py:541} INFO - Filling up the DagBag from /opt/airflow/dags/Task_2-Cargar_DataRaw_Penguins.py
[2026-09-20T20:18:57.505+0000] {processor.py:811} WARNING - No viable dags retrieved from /opt/airflow/dags/Task_2-Cargar_DataRaw_Penguins.py
[2026-09-20T20:18:57.531+0000] {processor.py:178} INFO - Processing /opt/airflow/dags/Task_2-Cargar_DataRaw_Penguins.py took 0.055 seconds
[2026-09-20T20:19:27.644+0000] {processor.py:156} INFO - Started process (PID=799) to work on /opt/airflow/dags/Task_2-Cargar_DataRaw_Penguins.py
[2026-09-20T20:19:27.645+0000] {processor.py:799} INFO - Processing file /opt/airflow/dags/Task_2-Cargar_DataRaw_Penguins.py for tasks to queue
[2026-09-20T20:19:27.646+0000] {logging_mixin.py:149} INFO - [2026-09-20T20:19:27.646+0000] {dagbag.py:541} INFO - Filling up the DagBag from /opt/airflow/dags/Task_2-Cargar_DataRaw_Penguins.py
[2026-09-20T20:19:27.649+0000] {processor.py:811} WARNING - No viable dags retrieved from /opt/airflow/dags/Task_2-Cargar_DataRaw_Penguins.py
[2026-09-20T20:19:27.673+0000] {processor.py:178} INFO - Processing /opt/airflow/dags/Task_2-Cargar_DataRaw_Penguins.py took 0.036 seconds
[2026-09-20T20:19:57.873+0000] {processor.py:156} INFO - Started process (PID=857) to work on /opt/airflow/dags/Task_2-Cargar_DataRaw_Penguins.py
[2026-09-20T20:19:57.875+0000] {processor.py:799} INFO - Processing file /opt/airflow/dags/Task_2-Cargar_DataRaw_Penguins.py for tasks to queue
[2026-09-20T20:19:57.876+0000] {logging_mixin.py:149} INFO - [2026-09-20T20:19:57.876+0000] {dagbag.py:541} INFO - Filling up the DagBag from /opt/airflow/dags/Task_2-Cargar_DataRaw_Penguins.py
[2026-09-20T20:19:57.879+0000] {processor.py:811} WARNING - No viable dags retrieved from /opt/airflow/dags/Task_2-Cargar_DataRaw_Penguins.py
[2026-09-20T20:19:57.905+0000] {processor.py:178} INFO - Processing /opt/airflow/dags/Task_2-Cargar_DataRaw_Penguins.py took 0.038 seconds
[2026-09-20T20:20:28.143+0000] {processor.py:156} INFO - Started process (PID=915) to work on /opt/airflow/dags/Task_2-Cargar_DataRaw_Penguins.py
[2026-09-20T20:20:28.144+0000] {processor.py:799} INFO - Processing file /opt/airflow/dags/Task_2-Cargar_DataRaw_Penguins.py for tasks to queue
[2026-09-20T20:20:28.146+0000] {logging_mixin.py:149} INFO - [2026-09-20T20:20:28.145+0000] {dagbag.py:541} INFO - Filling up the DagBag from /opt/airflow/dags/Task_2-Cargar_DataRaw_Penguins.py
[2026-09-20T20:20:28.151+0000] {processor.py:811} WARNING - No viable dags retrieved from /opt/airflow/dags/Task_2-Cargar_DataRaw_Penguins.py
[2026-09-20T20:20:28.182+0000] {processor.py:178} INFO - Processing /opt/airflow/dags/Task_2-Cargar_DataRaw_Penguins.py took 0.047 seconds
[2026-09-20T20:20:58.759+0000] {processor.py:156} INFO - Started process (PID=980) to work on /opt/airflow/dags/Task_2-Cargar_DataRaw_Penguins.py
[2026-09-20T20:20:58.760+0000] {processor.py:799} INFO - Processing file /opt/airflow/dags/Task_2-Cargar_DataRaw_Penguins.py for tasks to queue
[2026-09-20T20:20:58.762+0000] {logging_mixin.py:149} INFO - [2026-09-20T20:20:58.761+0000] {dagbag.py:541} INFO - Filling up the DagBag from /opt/airflow/dags/Task_2-Cargar_DataRaw_Penguins.py
[2026-09-20T20:20:58.764+0000] {processor.py:811} WARNING - No viable dags retrieved from /opt/airflow/dags/Task_2-Cargar_DataRaw_Penguins.py
[2026-09-20T20:20:58.787+0000] {processor.py:178} INFO - Processing /opt/airflow/dags/Task_2-Cargar_DataRaw_Penguins.py took 0.035 seconds
[2026-09-20T20:21:29.389+0000] {processor.py:156} INFO - Started process (PID=1037) to work on /opt/airflow/dags/Task_2-Cargar_DataRaw_Penguins.py
[2026-09-20T20:21:29.391+0000] {processor.py:799} INFO - Processing file /opt/airflow/dags/Task_2-Cargar_DataRaw_Penguins.py for tasks to queue
[2026-09-20T20:21:29.391+0000] {logging_mixin.py:149} INFO - [2026-09-20T20:21:29.391+0000] {dagbag.py:541} INFO - Filling up the DagBag from /opt/airflow/dags/Task_2-Cargar_DataRaw_Penguins.py
[2026-09-20T20:21:29.394+0000] {processor.py:811} WARNING - No viable dags retrieved from /opt/airflow/dags/Task_2-Cargar_DataRaw_Penguins.py
[2026-09-20T20:21:29.422+0000] {processor.py:178} INFO - Processing /opt/airflow/dags/Task_2-Cargar_DataRaw_Penguins.py took 0.039 seconds
[2026-09-20T20:21:59.750+0000] {processor.py:156} INFO - Started process (PID=1095) to work on /opt/airflow/dags/Task_2-Cargar_DataRaw_Penguins.py
[2026-09-20T20:21:59.751+0000] {processor.py:799} INFO - Processing file /opt/airflow/dags/Task_2-Cargar_DataRaw_Penguins.py for tasks to queue
[2026-09-20T20:21:59.752+0000] {logging_mixin.py:149} INFO - [2026-09-20T20:21:59.752+0000] {dagbag.py:541} INFO - Filling up the DagBag from /opt/airflow/dags/Task_2-Cargar_DataRaw_Penguins.py
[2026-09-20T20:21:59.756+0000] {processor.py:811} WARNING - No viable dags retrieved from /opt/airflow/dags/Task_2-Cargar_DataRaw_Penguins.py
[2026-09-20T20:21:59.781+0000] {processor.py:178} INFO - Processing /opt/airflow/dags/Task_2-Cargar_DataRaw_Penguins.py took 0.037 seconds
[2026-09-20T20:22:30.106+0000] {processor.py:156} INFO - Started process (PID=1153) to work on /opt/airflow/dags/Task_2-Cargar_DataRaw_Penguins.py
[2026-09-20T20:22:30.106+0000] {processor.py:799} INFO - Processing file /opt/airflow/dags/Task_2-Cargar_DataRaw_Penguins.py for tasks to queue
[2026-09-20T20:22:30.107+0000] {logging_mixin.py:149} INFO - [2026-09-20T20:22:30.107+0000] {dagbag.py:541} INFO - Filling up the DagBag from /opt/airflow/dags/Task_2-Cargar_DataRaw_Penguins.py
[2026-09-20T20:22:30.110+0000] {processor.py:811} WARNING - No viable dags retrieved from /opt/airflow/dags/Task_2-Cargar_DataRaw_Penguins.py
[2026-09-20T20:22:30.132+0000] {processor.py:178} INFO - Processing /opt/airflow/dags/Task_2-Cargar_DataRaw_Penguins.py took 0.031 seconds
[2026-09-20T20:23:00.705+0000] {processor.py:156} INFO - Started process (PID=1206) to work on /opt/airflow/dags/Task_2-Cargar_DataRaw_Penguins.py
[2026-09-20T20:23:00.710+0000] {processor.py:799} INFO - Processing file /opt/airflow/dags/Task_2-Cargar_DataRaw_Penguins.py for tasks to queue
[2026-09-20T20:23:00.712+0000] {logging_mixin.py:149} INFO - [2026-09-20T20:23:00.711+0000] {dagbag.py:541} INFO - Filling up the DagBag from /opt/airflow/dags/Task_2-Cargar_DataRaw_Penguins.py
[2026-09-20T20:23:00.717+0000] {processor.py:811} WARNING - No viable dags retrieved from /opt/airflow/dags/Task_2-Cargar_DataRaw_Penguins.py
[2026-09-20T20:23:00.737+0000] {processor.py:178} INFO - Processing /opt/airflow/dags/Task_2-Cargar_DataRaw_Penguins.py took 0.041 seconds
[2026-09-20T20:23:31.425+0000] {processor.py:156} INFO - Started process (PID=1264) to work on /opt/airflow/dags/Task_2-Cargar_DataRaw_Penguins.py
[2026-09-20T20:23:31.426+0000] {processor.py:799} INFO - Processing file /opt/airflow/dags/Task_2-Cargar_DataRaw_Penguins.py for tasks to queue
[2026-09-20T20:23:31.427+0000] {logging_mixin.py:149} INFO - [2026-09-20T20:23:31.427+0000] {dagbag.py:541} INFO - Filling up the DagBag from /opt/airflow/dags/Task_2-Cargar_DataRaw_Penguins.py
[2026-09-20T20:23:31.430+0000] {processor.py:811} WARNING - No viable dags retrieved from /opt/airflow/dags/Task_2-Cargar_DataRaw_Penguins.py
[2026-09-20T20:23:31.449+0000] {processor.py:178} INFO - Processing /opt/airflow/dags/Task_2-Cargar_DataRaw_Penguins.py took 0.029 seconds
[2026-09-20T20:24:01.940+0000] {processor.py:156} INFO - Started process (PID=1322) to work on /opt/airflow/dags/Task_2-Cargar_DataRaw_Penguins.py
[2026-09-20T20:24:01.943+0000] {processor.py:799} INFO - Processing file /opt/airflow/dags/Task_2-Cargar_DataRaw_Penguins.py for tasks to queue
[2026-09-20T20:24:01.944+0000] {logging_mixin.py:149} INFO - [2026-09-20T20:24:01.944+0000] {dagbag.py:541} INFO - Filling up the DagBag from /opt/airflow/dags/Task_2-Cargar_DataRaw_Penguins.py
[2026-09-20T20:24:01.947+0000] {processor.py:811} WARNING - No viable dags retrieved from /opt/airflow/dags/Task_2-Cargar_DataRaw_Penguins.py
[2026-09-20T20:24:01.973+0000] {processor.py:178} INFO - Processing /opt/airflow/dags/Task_2-Cargar_DataRaw_Penguins.py took 0.040 seconds
[2026-09-20T20:24:32.686+0000] {processor.py:156} INFO - Started process (PID=1381) to work on /opt/airflow/dags/Task_2-Cargar_DataRaw_Penguins.py
[2026-09-20T20:24:32.687+0000] {processor.py:799} INFO - Processing file /opt/airflow/dags/Task_2-Cargar_DataRaw_Penguins.py for tasks to queue
[2026-09-20T20:24:32.688+0000] {logging_mixin.py:149} INFO - [2026-09-20T20:24:32.688+0000] {dagbag.py:541} INFO - Filling up the DagBag from /opt/airflow/dags/Task_2-Cargar_DataRaw_Penguins.py
[2026-09-20T20:24:32.692+0000] {processor.py:811} WARNING - No viable dags retrieved from /opt/airflow/dags/Task_2-Cargar_DataRaw_Penguins.py
[2026-09-20T20:24:32.716+0000] {processor.py:178} INFO - Processing /opt/airflow/dags/Task_2-Cargar_DataRaw_Penguins.py took 0.035 seconds
[2026-09-20T20:25:02.776+0000] {processor.py:156} INFO - Started process (PID=1439) to work on /opt/airflow/dags/Task_2-Cargar_DataRaw_Penguins.py
[2026-09-20T20:25:02.778+0000] {processor.py:799} INFO - Processing file /opt/airflow/dags/Task_2-Cargar_DataRaw_Penguins.py for tasks to queue
[2026-09-20T20:25:02.779+0000] {logging_mixin.py:149} INFO - [2026-09-20T20:25:02.779+0000] {dagbag.py:541} INFO - Filling up the DagBag from /opt/airflow/dags/Task_2-Cargar_DataRaw_Penguins.py
[2026-09-20T20:25:02.782+0000] {processor.py:811} WARNING - No viable dags retrieved from /opt/airflow/dags/Task_2-Cargar_DataRaw_Penguins.py
[2026-09-20T20:25:02.802+0000] {processor.py:178} INFO - Processing /opt/airflow/dags/Task_2-Cargar_DataRaw_Penguins.py took 0.034 seconds
[2026-09-20T20:25:33.086+0000] {processor.py:156} INFO - Started process (PID=1497) to work on /opt/airflow/dags/Task_2-Cargar_DataRaw_Penguins.py
[2026-09-20T20:25:33.088+0000] {processor.py:799} INFO - Processing file /opt/airflow/dags/Task_2-Cargar_DataRaw_Penguins.py for tasks to queue
[2026-09-20T20:25:33.089+0000] {logging_mixin.py:149} INFO - [2026-09-20T20:25:33.089+0000] {dagbag.py:541} INFO - Filling up the DagBag from /opt/airflow/dags/Task_2-Cargar_DataRaw_Penguins.py
[2026-09-20T20:25:33.092+0000] {processor.py:811} WARNING - No viable dags retrieved from /opt/airflow/dags/Task_2-Cargar_DataRaw_Penguins.py
[2026-09-20T20:25:33.114+0000] {processor.py:178} INFO - Processing /opt/airflow/dags/Task_2-Cargar_DataRaw_Penguins.py took 0.034 seconds
[2026-09-20T20:26:03.553+0000] {processor.py:156} INFO - Started process (PID=1555) to work on /opt/airflow/dags/Task_2-Cargar_DataRaw_Penguins.py
[2026-09-20T20:26:03.557+0000] {processor.py:799} INFO - Processing file /opt/airflow/dags/Task_2-Cargar_DataRaw_Penguins.py for tasks to queue
[2026-09-20T20:26:03.559+0000] {logging_mixin.py:149} INFO - [2026-09-20T20:26:03.559+0000] {dagbag.py:541} INFO - Filling up the DagBag from /opt/airflow/dags/Task_2-Cargar_DataRaw_Penguins.py
[2026-09-20T20:26:03.563+0000] {processor.py:811} WARNING - No viable dags retrieved from /opt/airflow/dags/Task_2-Cargar_DataRaw_Penguins.py
[2026-09-20T20:26:03.586+0000] {processor.py:178} INFO - Processing /opt/airflow/dags/Task_2-Cargar_DataRaw_Penguins.py took 0.039 seconds
[2026-09-20T20:26:33.837+0000] {processor.py:156} INFO - Started process (PID=1613) to work on /opt/airflow/dags/Task_2-Cargar_DataRaw_Penguins.py
[2026-09-20T20:26:33.839+0000] {processor.py:799} INFO - Processing file /opt/airflow/dags/Task_2-Cargar_DataRaw_Penguins.py for tasks to queue
[2026-09-20T20:26:33.840+0000] {logging_mixin.py:149} INFO - [2026-09-20T20:26:33.840+0000] {dagbag.py:541} INFO - Filling up the DagBag from /opt/airflow/dags/Task_2-Cargar_DataRaw_Penguins.py
[2026-09-20T20:26:33.843+0000] {processor.py:811} WARNING - No viable dags retrieved from /opt/airflow/dags/Task_2-Cargar_DataRaw_Penguins.py
[2026-09-20T20:26:33.864+0000] {processor.py:178} INFO - Processing /opt/airflow/dags/Task_2-Cargar_DataRaw_Penguins.py took 0.033 seconds
[2026-09-20T20:27:04.611+0000] {processor.py:156} INFO - Started process (PID=1669) to work on /opt/airflow/dags/Task_2-Cargar_DataRaw_Penguins.py
[2026-09-20T20:27:04.613+0000] {processor.py:799} INFO - Processing file /opt/airflow/dags/Task_2-Cargar_DataRaw_Penguins.py for tasks to queue
[2026-09-20T20:27:04.615+0000] {logging_mixin.py:149} INFO - [2026-09-20T20:27:04.615+0000] {dagbag.py:541} INFO - Filling up the DagBag from /opt/airflow/dags/Task_2-Cargar_DataRaw_Penguins.py
[2026-09-20T20:27:04.619+0000] {processor.py:811} WARNING - No viable dags retrieved from /opt/airflow/dags/Task_2-Cargar_DataRaw_Penguins.py
[2026-09-20T20:27:04.645+0000] {processor.py:178} INFO - Processing /opt/airflow/dags/Task_2-Cargar_DataRaw_Penguins.py took 0.043 seconds
[2026-09-20T20:27:35.213+0000] {processor.py:156} INFO - Started process (PID=1725) to work on /opt/airflow/dags/Task_2-Cargar_DataRaw_Penguins.py
[2026-09-20T20:27:35.215+0000] {processor.py:799} INFO - Processing file /opt/airflow/dags/Task_2-Cargar_DataRaw_Penguins.py for tasks to queue
[2026-09-20T20:27:35.216+0000] {logging_mixin.py:149} INFO - [2026-09-20T20:27:35.216+0000] {dagbag.py:541} INFO - Filling up the DagBag from /opt/airflow/dags/Task_2-Cargar_DataRaw_Penguins.py
[2026-09-20T20:27:35.219+0000] {processor.py:811} WARNING - No viable dags retrieved from /opt/airflow/dags/Task_2-Cargar_DataRaw_Penguins.py
[2026-09-20T20:27:35.239+0000] {processor.py:178} INFO - Processing /opt/airflow/dags/Task_2-Cargar_DataRaw_Penguins.py took 0.032 seconds
