[2026-09-27T22:30:10.987+0000] {taskinstance.py:1125} INFO - Dependencies all met for dep_context=non-requeueable deps ti=<TaskInstance: 01_ingestion.insert_raw_data scheduled__2026-09-27T22:25:00+00:00 [queued]>
[2026-09-27T22:30:11.001+0000] {taskinstance.py:1125} INFO - Dependencies all met for dep_context=requeueable deps ti=<TaskInstance: 01_ingestion.insert_raw_data scheduled__2026-09-27T22:25:00+00:00 [queued]>
[2026-09-27T22:30:11.001+0000] {taskinstance.py:1331} INFO - Starting attempt 1 of 1
[2026-09-27T22:30:11.022+0000] {taskinstance.py:1350} INFO - Executing <Task(_PythonDecoratedOperator): insert_raw_data> on 2026-09-27 22:25:00+00:00
[2026-09-27T22:30:11.032+0000] {standard_task_runner.py:57} INFO - Started process 2638 to run task
[2026-09-27T22:30:11.041+0000] {standard_task_runner.py:84} INFO - Running: ['***', 'tasks', 'run', '01_ingestion', 'insert_raw_data', 'scheduled__2026-09-27T22:25:00+00:00', '--job-id', '64', '--raw', '--subdir', 'DAGS_FOLDER/01_ingestion.py', '--cfg-path', '/tmp/tmpk2ydi7ty']
[2026-09-27T22:30:11.045+0000] {standard_task_runner.py:85} INFO - Job 64: Subtask insert_raw_data
[2026-09-27T22:30:11.133+0000] {task_command.py:410} INFO - Running <TaskInstance: 01_ingestion.insert_raw_data scheduled__2026-09-27T22:25:00+00:00 [running]> on host a3b96d336d3d
[2026-09-27T22:30:11.599+0000] {taskinstance.py:1570} INFO - Exporting env vars: AIRFLOW_CTX_DAG_OWNER='mlops' AIRFLOW_CTX_DAG_ID='01_ingestion' AIRFLOW_CTX_TASK_ID='insert_raw_data' AIRFLOW_CTX_EXECUTION_DATE='2026-09-27T22:25:00+00:00' AIRFLOW_CTX_TRY_NUMBER='1' AIRFLOW_CTX_DAG_RUN_ID='scheduled__2026-09-27T22:25:00+00:00'
[2026-09-27T22:30:11.654+0000] {logging_mixin.py:149} WARNING - --- Logging error ---
[2026-09-27T22:30:11.656+0000] {logging_mixin.py:149} WARNING - Traceback (most recent call last):
[2026-09-27T22:30:11.656+0000] {logging_mixin.py:149} WARNING -   File "/usr/local/lib/python3.7/logging/__init__.py", line 1025, in emit
    msg = self.format(record)
[2026-09-27T22:30:11.656+0000] {logging_mixin.py:149} WARNING -   File "/usr/local/lib/python3.7/logging/__init__.py", line 869, in format
    return fmt.format(record)
[2026-09-27T22:30:11.656+0000] {logging_mixin.py:149} WARNING -   File "/usr/local/lib/python3.7/logging/__init__.py", line 608, in format
    record.message = record.getMessage()
[2026-09-27T22:30:11.656+0000] {logging_mixin.py:149} WARNING -   File "/usr/local/lib/python3.7/logging/__init__.py", line 369, in getMessage
    msg = msg % self.args
[2026-09-27T22:30:11.657+0000] {logging_mixin.py:149} WARNING - TypeError: not enough arguments for format string
[2026-09-27T22:30:11.657+0000] {logging_mixin.py:149} WARNING - Call stack:
[2026-09-27T22:30:11.667+0000] {logging_mixin.py:149} WARNING -   File "/home/***/.local/bin/***", line 8, in <module>
    sys.exit(main())
[2026-09-27T22:30:11.667+0000] {logging_mixin.py:149} WARNING -   File "/home/***/.local/lib/python3.7/site-packages/***/__main__.py", line 48, in main
    args.func(args)
[2026-09-27T22:30:11.667+0000] {logging_mixin.py:149} WARNING -   File "/home/***/.local/lib/python3.7/site-packages/***/cli/cli_config.py", line 51, in command
    return func(*args, **kwargs)
[2026-09-27T22:30:11.667+0000] {logging_mixin.py:149} WARNING -   File "/home/***/.local/lib/python3.7/site-packages/***/utils/cli.py", line 112, in wrapper
    return f(*args, **kwargs)
[2026-09-27T22:30:11.667+0000] {logging_mixin.py:149} WARNING -   File "/home/***/.local/lib/python3.7/site-packages/***/cli/commands/celery_command.py", line 200, in worker
    celery_app.worker_main(options)
[2026-09-27T22:30:11.667+0000] {logging_mixin.py:149} WARNING -   File "/home/***/.local/lib/python3.7/site-packages/celery/app/base.py", line 391, in worker_main
    self.start(argv=argv)
[2026-09-27T22:30:11.667+0000] {logging_mixin.py:149} WARNING -   File "/home/***/.local/lib/python3.7/site-packages/celery/app/base.py", line 371, in start
    celery.main(args=argv, standalone_mode=False)
[2026-09-27T22:30:11.668+0000] {logging_mixin.py:149} WARNING -   File "/home/***/.local/lib/python3.7/site-packages/click/core.py", line 1055, in main
    rv = self.invoke(ctx)
[2026-09-27T22:30:11.668+0000] {logging_mixin.py:149} WARNING -   File "/home/***/.local/lib/python3.7/site-packages/click/core.py", line 1657, in invoke
    return _process_result(sub_ctx.command.invoke(sub_ctx))
[2026-09-27T22:30:11.668+0000] {logging_mixin.py:149} WARNING -   File "/home/***/.local/lib/python3.7/site-packages/click/core.py", line 1404, in invoke
    return ctx.invoke(self.callback, **ctx.params)
[2026-09-27T22:30:11.668+0000] {logging_mixin.py:149} WARNING -   File "/home/***/.local/lib/python3.7/site-packages/click/core.py", line 760, in invoke
    return __callback(*args, **kwargs)
[2026-09-27T22:30:11.668+0000] {logging_mixin.py:149} WARNING -   File "/home/***/.local/lib/python3.7/site-packages/click/decorators.py", line 26, in new_func
    return f(get_current_context(), *args, **kwargs)
[2026-09-27T22:30:11.668+0000] {logging_mixin.py:149} WARNING -   File "/home/***/.local/lib/python3.7/site-packages/celery/bin/base.py", line 134, in caller
    return f(ctx, *args, **kwargs)
[2026-09-27T22:30:11.668+0000] {logging_mixin.py:149} WARNING -   File "/home/***/.local/lib/python3.7/site-packages/celery/bin/worker.py", line 351, in worker
    worker.start()
[2026-09-27T22:30:11.669+0000] {logging_mixin.py:149} WARNING -   File "/home/***/.local/lib/python3.7/site-packages/celery/worker/worker.py", line 203, in start
    self.blueprint.start(self)
[2026-09-27T22:30:11.669+0000] {logging_mixin.py:149} WARNING -   File "/home/***/.local/lib/python3.7/site-packages/celery/bootsteps.py", line 116, in start
    step.start(parent)
[2026-09-27T22:30:11.669+0000] {logging_mixin.py:149} WARNING -   File "/home/***/.local/lib/python3.7/site-packages/celery/bootsteps.py", line 365, in start
    return self.obj.start()
[2026-09-27T22:30:11.669+0000] {logging_mixin.py:149} WARNING -   File "/home/***/.local/lib/python3.7/site-packages/celery/concurrency/base.py", line 129, in start
    self.on_start()
[2026-09-27T22:30:11.669+0000] {logging_mixin.py:149} WARNING -   File "/home/***/.local/lib/python3.7/site-packages/celery/concurrency/prefork.py", line 115, in on_start
    **self.options)
[2026-09-27T22:30:11.669+0000] {logging_mixin.py:149} WARNING -   File "/home/***/.local/lib/python3.7/site-packages/celery/concurrency/asynpool.py", line 463, in __init__
    super().__init__(processes, *args, **kwargs)
[2026-09-27T22:30:11.669+0000] {logging_mixin.py:149} WARNING -   File "/home/***/.local/lib/python3.7/site-packages/billiard/pool.py", line 1046, in __init__
    self._create_worker_process(i)
[2026-09-27T22:30:11.669+0000] {logging_mixin.py:149} WARNING -   File "/home/***/.local/lib/python3.7/site-packages/celery/concurrency/asynpool.py", line 480, in _create_worker_process
    return super()._create_worker_process(i)
[2026-09-27T22:30:11.670+0000] {logging_mixin.py:149} WARNING -   File "/home/***/.local/lib/python3.7/site-packages/billiard/pool.py", line 1158, in _create_worker_process
    w.start()
[2026-09-27T22:30:11.670+0000] {logging_mixin.py:149} WARNING -   File "/home/***/.local/lib/python3.7/site-packages/billiard/process.py", line 124, in start
    self._popen = self._Popen(self)
[2026-09-27T22:30:11.670+0000] {logging_mixin.py:149} WARNING -   File "/home/***/.local/lib/python3.7/site-packages/billiard/context.py", line 333, in _Popen
    return Popen(process_obj)
[2026-09-27T22:30:11.670+0000] {logging_mixin.py:149} WARNING -   File "/home/***/.local/lib/python3.7/site-packages/billiard/popen_fork.py", line 24, in __init__
    self._launch(process_obj)
[2026-09-27T22:30:11.670+0000] {logging_mixin.py:149} WARNING -   File "/home/***/.local/lib/python3.7/site-packages/billiard/popen_fork.py", line 79, in _launch
    code = process_obj._bootstrap()
[2026-09-27T22:30:11.670+0000] {logging_mixin.py:149} WARNING -   File "/home/***/.local/lib/python3.7/site-packages/billiard/process.py", line 327, in _bootstrap
    self.run()
[2026-09-27T22:30:11.670+0000] {logging_mixin.py:149} WARNING -   File "/home/***/.local/lib/python3.7/site-packages/billiard/process.py", line 114, in run
    self._target(*self._args, **self._kwargs)
[2026-09-27T22:30:11.670+0000] {logging_mixin.py:149} WARNING -   File "/home/***/.local/lib/python3.7/site-packages/billiard/pool.py", line 292, in __call__
    sys.exit(self.workloop(pid=pid))
[2026-09-27T22:30:11.671+0000] {logging_mixin.py:149} WARNING -   File "/home/***/.local/lib/python3.7/site-packages/billiard/pool.py", line 362, in workloop
    result = (True, prepare_result(fun(*args, **kwargs)))
[2026-09-27T22:30:11.671+0000] {logging_mixin.py:149} WARNING -   File "/home/***/.local/lib/python3.7/site-packages/celery/app/trace.py", line 650, in fast_trace_task
    uuid, args, kwargs, request,
[2026-09-27T22:30:11.671+0000] {logging_mixin.py:149} WARNING -   File "/home/***/.local/lib/python3.7/site-packages/celery/app/trace.py", line 451, in trace_task
    R = retval = fun(*args, **kwargs)
[2026-09-27T22:30:11.671+0000] {logging_mixin.py:149} WARNING -   File "/home/***/.local/lib/python3.7/site-packages/celery/app/trace.py", line 734, in __protected_call__
    return self.run(*args, **kwargs)
[2026-09-27T22:30:11.672+0000] {logging_mixin.py:149} WARNING -   File "/home/***/.local/lib/python3.7/site-packages/***/executors/celery_executor.py", line 99, in execute_command
    _execute_in_fork(command_to_exec, celery_task_id)
[2026-09-27T22:30:11.672+0000] {logging_mixin.py:149} WARNING -   File "/home/***/.local/lib/python3.7/site-packages/***/executors/celery_executor.py", line 133, in _execute_in_fork
    args.func(args)
[2026-09-27T22:30:11.672+0000] {logging_mixin.py:149} WARNING -   File "/home/***/.local/lib/python3.7/site-packages/***/cli/cli_config.py", line 51, in command
    return func(*args, **kwargs)
[2026-09-27T22:30:11.672+0000] {logging_mixin.py:149} WARNING -   File "/home/***/.local/lib/python3.7/site-packages/***/utils/cli.py", line 112, in wrapper
    return f(*args, **kwargs)
[2026-09-27T22:30:11.672+0000] {logging_mixin.py:149} WARNING -   File "/home/***/.local/lib/python3.7/site-packages/***/cli/commands/task_command.py", line 425, in task_run
    task_return_code = _run_task_by_selected_method(args, _dag, ti)
[2026-09-27T22:30:11.672+0000] {logging_mixin.py:149} WARNING -   File "/home/***/.local/lib/python3.7/site-packages/***/cli/commands/task_command.py", line 203, in _run_task_by_selected_method
    return _run_task_by_local_task_job(args, ti)
[2026-09-27T22:30:11.672+0000] {logging_mixin.py:149} WARNING -   File "/home/***/.local/lib/python3.7/site-packages/***/cli/commands/task_command.py", line 265, in _run_task_by_local_task_job
    ret = run_job(job=job_runner.job, execute_callable=job_runner._execute)
[2026-09-27T22:30:11.673+0000] {logging_mixin.py:149} WARNING -   File "/home/***/.local/lib/python3.7/site-packages/***/utils/session.py", line 76, in wrapper
    return func(*args, session=session, **kwargs)
[2026-09-27T22:30:11.673+0000] {logging_mixin.py:149} WARNING -   File "/home/***/.local/lib/python3.7/site-packages/***/jobs/job.py", line 281, in run_job
    return execute_job(job, execute_callable=execute_callable)
[2026-09-27T22:30:11.673+0000] {logging_mixin.py:149} WARNING -   File "/home/***/.local/lib/python3.7/site-packages/***/jobs/job.py", line 310, in execute_job
    ret = execute_callable()
[2026-09-27T22:30:11.673+0000] {logging_mixin.py:149} WARNING -   File "/home/***/.local/lib/python3.7/site-packages/***/jobs/local_task_job_runner.py", line 166, in _execute
    self.task_runner.start()
[2026-09-27T22:30:11.673+0000] {logging_mixin.py:149} WARNING -   File "/home/***/.local/lib/python3.7/site-packages/***/task/task_runner/standard_task_runner.py", line 45, in start
    self.process = self._start_by_fork()
[2026-09-27T22:30:11.673+0000] {logging_mixin.py:149} WARNING -   File "/home/***/.local/lib/python3.7/site-packages/***/task/task_runner/standard_task_runner.py", line 97, in _start_by_fork
    ret = args.func(args, dag=self.dag)
[2026-09-27T22:30:11.673+0000] {logging_mixin.py:149} WARNING -   File "/home/***/.local/lib/python3.7/site-packages/***/cli/cli_config.py", line 51, in command
    return func(*args, **kwargs)
[2026-09-27T22:30:11.674+0000] {logging_mixin.py:149} WARNING -   File "/home/***/.local/lib/python3.7/site-packages/***/utils/cli.py", line 112, in wrapper
    return f(*args, **kwargs)
[2026-09-27T22:30:11.674+0000] {logging_mixin.py:149} WARNING -   File "/home/***/.local/lib/python3.7/site-packages/***/cli/commands/task_command.py", line 425, in task_run
    task_return_code = _run_task_by_selected_method(args, _dag, ti)
[2026-09-27T22:30:11.674+0000] {logging_mixin.py:149} WARNING -   File "/home/***/.local/lib/python3.7/site-packages/***/cli/commands/task_command.py", line 205, in _run_task_by_selected_method
    return _run_raw_task(args, ti)
[2026-09-27T22:30:11.674+0000] {logging_mixin.py:149} WARNING -   File "/home/***/.local/lib/python3.7/site-packages/***/cli/commands/task_command.py", line 287, in _run_raw_task
    pool=args.pool,
[2026-09-27T22:30:11.674+0000] {logging_mixin.py:149} WARNING -   File "/home/***/.local/lib/python3.7/site-packages/***/utils/session.py", line 76, in wrapper
    return func(*args, session=session, **kwargs)
[2026-09-27T22:30:11.674+0000] {logging_mixin.py:149} WARNING -   File "/home/***/.local/lib/python3.7/site-packages/***/models/taskinstance.py", line 1430, in _run_raw_task
    self._execute_task_with_callbacks(context, test_mode)
[2026-09-27T22:30:11.674+0000] {logging_mixin.py:149} WARNING -   File "/home/***/.local/lib/python3.7/site-packages/***/models/taskinstance.py", line 1581, in _execute_task_with_callbacks
    result = self._execute_task(context, task_orig)
[2026-09-27T22:30:11.675+0000] {logging_mixin.py:149} WARNING -   File "/home/***/.local/lib/python3.7/site-packages/***/models/taskinstance.py", line 1651, in _execute_task
    result = execute_callable(context=context)
[2026-09-27T22:30:11.675+0000] {logging_mixin.py:149} WARNING -   File "/home/***/.local/lib/python3.7/site-packages/***/decorators/base.py", line 220, in execute
    return_value = super().execute(context)
[2026-09-27T22:30:11.675+0000] {logging_mixin.py:149} WARNING -   File "/home/***/.local/lib/python3.7/site-packages/***/operators/python.py", line 181, in execute
    return_value = self.execute_callable()
[2026-09-27T22:30:11.675+0000] {logging_mixin.py:149} WARNING -   File "/home/***/.local/lib/python3.7/site-packages/***/operators/python.py", line 198, in execute_callable
    return self.python_callable(*self.op_args, **self.op_kwargs)
[2026-09-27T22:30:11.675+0000] {logging_mixin.py:149} WARNING -   File "/opt/***/dags/01_ingestion.py", line 304, in insert_raw_data
    payload["batch_number"],
[2026-09-27T22:30:11.675+0000] {logging_mixin.py:149} WARNING -   File "/usr/local/lib/python3.7/logging/__init__.py", line 1390, in warning
    self._log(WARNING, msg, args, **kwargs)
[2026-09-27T22:30:11.675+0000] {logging_mixin.py:149} WARNING -   File "/usr/local/lib/python3.7/logging/__init__.py", line 1514, in _log
    self.handle(record)
[2026-09-27T22:30:11.676+0000] {logging_mixin.py:149} WARNING -   File "/usr/local/lib/python3.7/logging/__init__.py", line 1524, in handle
    self.callHandlers(record)
[2026-09-27T22:30:11.676+0000] {logging_mixin.py:149} WARNING -   File "/usr/local/lib/python3.7/logging/__init__.py", line 1586, in callHandlers
    hdlr.handle(record)
[2026-09-27T22:30:11.676+0000] {logging_mixin.py:149} WARNING -   File "/usr/local/lib/python3.7/logging/__init__.py", line 894, in handle
    self.emit(record)
[2026-09-27T22:30:11.676+0000] {logging_mixin.py:149} WARNING -   File "/home/***/.local/lib/python3.7/site-packages/***/utils/log/file_task_handler.py", line 211, in emit
    self.handler.emit(record)
[2026-09-27T22:30:11.676+0000] {logging_mixin.py:149} WARNING - Message: 'El batch %s del grupo %s ya estaba almacenado. No se insertó un duplicado.'
Arguments: (6,)
[2026-09-27T22:30:11.676+0000] {python.py:183} INFO - Done. Returned value was: {'status': 'already_exists', 'batch_number': 6, 'group_number': 8, 'records': 5810}
[2026-09-27T22:30:11.721+0000] {taskinstance.py:1373} INFO - Marking task as SUCCESS. dag_id=01_ingestion, task_id=insert_raw_data, execution_date=20260927T222500, start_date=20260927T223010, end_date=20260927T223011
[2026-09-27T22:30:11.771+0000] {local_task_job_runner.py:232} INFO - Task exited with return code 0
[2026-09-27T22:30:11.803+0000] {taskinstance.py:2674} INFO - 0 downstream tasks scheduled from follow-on schedule check
