[2026-09-21T01:04:16.145+0000] {taskinstance.py:1125} INFO - Dependencies all met for dep_context=non-requeueable deps ti=<TaskInstance: 01_penguins_training_pipeline.04_train_model manual__2026-09-21T01:04:03.058541+00:00 [queued]>
[2026-09-21T01:04:16.158+0000] {taskinstance.py:1125} INFO - Dependencies all met for dep_context=requeueable deps ti=<TaskInstance: 01_penguins_training_pipeline.04_train_model manual__2026-09-21T01:04:03.058541+00:00 [queued]>
[2026-09-21T01:04:16.158+0000] {taskinstance.py:1331} INFO - Starting attempt 1 of 1
[2026-09-21T01:04:16.172+0000] {taskinstance.py:1350} INFO - Executing <Task(PythonOperator): 04_train_model> on 2026-09-21 01:04:03.058541+00:00
[2026-09-21T01:04:16.184+0000] {standard_task_runner.py:57} INFO - Started process 100 to run task
[2026-09-21T01:04:16.194+0000] {standard_task_runner.py:84} INFO - Running: ['***', 'tasks', 'run', '01_penguins_training_pipeline', '04_train_model', 'manual__2026-09-21T01:04:03.058541+00:00', '--job-id', '10', '--raw', '--subdir', 'DAGS_FOLDER/01_penguins_training_pipeline.py', '--cfg-path', '/tmp/tmpnt9_se3o']
[2026-09-21T01:04:16.212+0000] {standard_task_runner.py:85} INFO - Job 10: Subtask 04_train_model
[2026-09-21T01:04:16.329+0000] {task_command.py:410} INFO - Running <TaskInstance: 01_penguins_training_pipeline.04_train_model manual__2026-09-21T01:04:03.058541+00:00 [running]> on host fc54ed21d15e
[2026-09-21T01:04:16.449+0000] {taskinstance.py:1568} INFO - Exporting env vars: AIRFLOW_CTX_DAG_OWNER='***' AIRFLOW_CTX_DAG_ID='01_penguins_training_pipeline' AIRFLOW_CTX_TASK_ID='04_train_model' AIRFLOW_CTX_EXECUTION_DATE='2026-09-21T01:04:03.058541+00:00' AIRFLOW_CTX_TRY_NUMBER='1' AIRFLOW_CTX_DAG_RUN_ID='manual__2026-09-21T01:04:03.058541+00:00'
[2026-09-21T01:04:18.175+0000] {warnings.py:109} WARNING - /home/***/.local/lib/python3.10/site-packages/sklearn/ensemble/_base.py:229: UserWarning: Loky-backed parallel loops cannot be called in a multiprocessing, setting n_jobs=1
  n_jobs = min(effective_n_jobs(n_jobs), n_estimators)

[2026-09-21T01:04:18.214+0000] {taskinstance.py:1847} ERROR - Task failed with exception
Traceback (most recent call last):
  File "/home/airflow/.local/lib/python3.10/site-packages/airflow/operators/python.py", line 181, in execute
    return_value = self.execute_callable()
  File "/home/airflow/.local/lib/python3.10/site-packages/airflow/operators/python.py", line 198, in execute_callable
    return self.python_callable(*self.op_args, **self.op_kwargs)
  File "/opt/airflow/dags/01_penguins_training_pipeline.py", line 248, in train_model
    joblib.dump(
  File "/home/airflow/.local/lib/python3.10/site-packages/joblib/numpy_pickle.py", line 552, in dump
    with open(filename, 'wb') as f:
PermissionError: [Errno 13] Permission denied: '/opt/ml/model/penguins_model.joblib'
[2026-09-21T01:04:18.228+0000] {taskinstance.py:1368} INFO - Marking task as FAILED. dag_id=01_penguins_training_pipeline, task_id=04_train_model, execution_date=20260921T010403, start_date=20260921T010416, end_date=20260921T010418
[2026-09-21T01:04:18.280+0000] {standard_task_runner.py:104} ERROR - Failed to execute job 10 for task 04_train_model ([Errno 13] Permission denied: '/opt/ml/model/penguins_model.joblib'; 100)
[2026-09-21T01:04:18.331+0000] {local_task_job_runner.py:232} INFO - Task exited with return code 1
[2026-09-21T01:04:18.363+0000] {taskinstance.py:2674} INFO - 0 downstream tasks scheduled from follow-on schedule check
