[2026-09-27T23:32:26.699+0000] {taskinstance.py:1125} INFO - Dependencies all met for dep_context=non-requeueable deps ti=<TaskInstance: 01_ingestion.request_api manual__2026-09-27T23:32:24+00:00 [queued]>
[2026-09-27T23:32:26.713+0000] {taskinstance.py:1125} INFO - Dependencies all met for dep_context=requeueable deps ti=<TaskInstance: 01_ingestion.request_api manual__2026-09-27T23:32:24+00:00 [queued]>
[2026-09-27T23:32:26.713+0000] {taskinstance.py:1331} INFO - Starting attempt 1 of 1
[2026-09-27T23:32:26.733+0000] {taskinstance.py:1350} INFO - Executing <Task(_PythonDecoratedOperator): request_api> on 2026-09-27 23:32:24+00:00
[2026-09-27T23:32:26.743+0000] {standard_task_runner.py:57} INFO - Started process 3787 to run task
[2026-09-27T23:32:26.751+0000] {standard_task_runner.py:84} INFO - Running: ['***', 'tasks', 'run', '01_ingestion', 'request_api', 'manual__2026-09-27T23:32:24+00:00', '--job-id', '99', '--raw', '--subdir', 'DAGS_FOLDER/01_ingestion.py', '--cfg-path', '/tmp/tmpc6rx3otq']
[2026-09-27T23:32:26.755+0000] {standard_task_runner.py:85} INFO - Job 99: Subtask request_api
[2026-09-27T23:32:26.837+0000] {task_command.py:410} INFO - Running <TaskInstance: 01_ingestion.request_api manual__2026-09-27T23:32:24+00:00 [running]> on host a3b96d336d3d
[2026-09-27T23:32:26.991+0000] {taskinstance.py:1570} INFO - Exporting env vars: AIRFLOW_CTX_DAG_OWNER='mlops' AIRFLOW_CTX_DAG_ID='01_ingestion' AIRFLOW_CTX_TASK_ID='request_api' AIRFLOW_CTX_EXECUTION_DATE='2026-09-27T23:32:24+00:00' AIRFLOW_CTX_TRY_NUMBER='1' AIRFLOW_CTX_DAG_RUN_ID='manual__2026-09-27T23:32:24+00:00'
[2026-09-27T23:32:26.994+0000] {01_ingestion.py:51} INFO - Solicitando datos a http://10.43.97.110:8080/data para group_number=8
[2026-09-27T23:32:27.006+0000] {01_ingestion.py:89} INFO - API respondió HTTP 400
[2026-09-27T23:32:27.007+0000] {01_ingestion.py:96} ERROR - Respuesta no exitosa. Status=400 Body={"detail":"Ya se recolectó toda la información minima necesaria"}
[2026-09-27T23:32:27.007+0000] {taskinstance.py:1847} ERROR - Task failed with exception
Traceback (most recent call last):
  File "/home/airflow/.local/lib/python3.7/site-packages/airflow/decorators/base.py", line 220, in execute
    return_value = super().execute(context)
  File "/home/airflow/.local/lib/python3.7/site-packages/airflow/operators/python.py", line 181, in execute
    return_value = self.execute_callable()
  File "/home/airflow/.local/lib/python3.7/site-packages/airflow/operators/python.py", line 198, in execute_callable
    return self.python_callable(*self.op_args, **self.op_kwargs)
  File "/opt/airflow/dags/01_ingestion.py", line 100, in request_api
    f"La API respondió HTTP {response.status_code}: "
airflow.exceptions.AirflowFailException: La API respondió HTTP 400: {"detail":"Ya se recolectó toda la información minima necesaria"}
[2026-09-27T23:32:27.021+0000] {taskinstance.py:1373} INFO - Immediate failure requested. Marking task as FAILED. dag_id=01_ingestion, task_id=request_api, execution_date=20260927T233224, start_date=20260927T233226, end_date=20260927T233227
[2026-09-27T23:32:27.039+0000] {standard_task_runner.py:109} ERROR - Failed to execute job 99 for task request_api (La API respondió HTTP 400: {"detail":"Ya se recolectó toda la información minima necesaria"}; 3787)
[2026-09-27T23:32:27.080+0000] {local_task_job_runner.py:232} INFO - Task exited with return code 1
[2026-09-27T23:32:27.126+0000] {taskinstance.py:2674} INFO - 0 downstream tasks scheduled from follow-on schedule check
